Component: Arm Compiler for Embedded 6.19 Tool: armlink [5e73cb00]

==============================================================================

Section Cross References

    startup_stm32f030x6.o(RESET) refers to startup_stm32f030x6.o(STACK) for __initial_sp
    startup_stm32f030x6.o(RESET) refers to startup_stm32f030x6.o(.text) for Reset_Handler
    startup_stm32f030x6.o(RESET) refers to stm32f0xx_it.o(.text.NMI_Handler) for NMI_Handler
    startup_stm32f030x6.o(RESET) refers to stm32f0xx_it.o(.text.HardFault_Handler) for HardFault_Handler
    startup_stm32f030x6.o(RESET) refers to stm32f0xx_it.o(.text.SVC_Handler) for SVC_Handler
    startup_stm32f030x6.o(RESET) refers to stm32f0xx_it.o(.text.PendSV_Handler) for PendSV_Handler
    startup_stm32f030x6.o(RESET) refers to stm32f0xx_it.o(.text.SysTick_Handler) for SysTick_Handler
    startup_stm32f030x6.o(RESET) refers to stm32f0xx_it.o(.text.EXTI4_15_IRQHandler) for EXTI4_15_IRQHandler
    startup_stm32f030x6.o(RESET) refers to stm32f0xx_it.o(.text.TIM14_IRQHandler) for TIM14_IRQHandler
    startup_stm32f030x6.o(RESET) refers to stm32f0xx_it.o(.text.USART1_IRQHandler) for USART1_IRQHandler
    startup_stm32f030x6.o(.text) refers to system_stm32f0xx.o(.text.SystemInit) for SystemInit
    startup_stm32f030x6.o(.text) refers to entry.o(.ARM.Collect$$$$00000000) for __main
    main.o(.text.ramp_update) refers to stm32f0xx_hal.o(.text.HAL_GetTick) for HAL_GetTick
    main.o(.text.ramp_update) refers to main.o(.bss.last_ramp_tick) for last_ramp_tick
    main.o(.text.ramp_update) refers to main.o(.data.ramp_step) for ramp_step
    main.o(.text.ramp_update) refers to main.o(.data.dimmer_value) for dimmer_value
    main.o(.text.ramp_update) refers to main.o(.bss.dimmer_new_value) for dimmer_new_value
    main.o(.ARM.exidx.text.ramp_update) refers to main.o(.text.ramp_update) for [Anonymous Symbol]
    main.o(.text.main) refers to stm32f0xx_hal.o(.text.HAL_Init) for HAL_Init
    main.o(.text.main) refers to main.o(.text.SystemClock_Config) for SystemClock_Config
    main.o(.text.main) refers to main.o(.text.MX_GPIO_Init) for MX_GPIO_Init
    main.o(.text.main) refers to main.o(.text.MX_USART1_UART_Init) for MX_USART1_UART_Init
    main.o(.text.main) refers to main.o(.text.MX_ADC_Init) for MX_ADC_Init
    main.o(.text.main) refers to main.o(.text.MX_IWDG_Init) for MX_IWDG_Init
    main.o(.text.main) refers to main.o(.text.MX_TIM14_Init) for MX_TIM14_Init
    main.o(.text.main) refers to stm32f0xx_hal_gpio.o(.text.HAL_GPIO_WritePin) for HAL_GPIO_WritePin
    main.o(.text.main) refers to stm32f0xx_hal_gpio.o(.text.HAL_GPIO_ReadPin) for HAL_GPIO_ReadPin
    main.o(.text.main) refers to main.o(.text.ramp_update) for ramp_update
    main.o(.text.main) refers to main.o(.bss.dimmer_state) for dimmer_state
    main.o(.text.main) refers to main.o(.bss.dimmer_address) for dimmer_address
    main.o(.text.main) refers to main.o(.bss.dimmer_new_value) for dimmer_new_value
    main.o(.text.main) refers to main.o(.data.dimmer_value) for dimmer_value
    main.o(.text.main) refers to main.o(.bss.temperature) for temperature
    main.o(.text.main) refers to main.o(.bss.current) for current
    main.o(.ARM.exidx.text.main) refers to main.o(.text.main) for [Anonymous Symbol]
    main.o(.text.SystemClock_Config) refers to memseta.o(.text) for __aeabi_memclr4
    main.o(.text.SystemClock_Config) refers to stm32f0xx_hal_rcc.o(.text.HAL_RCC_OscConfig) for HAL_RCC_OscConfig
    main.o(.text.SystemClock_Config) refers to main.o(.text.Error_Handler) for Error_Handler
    main.o(.text.SystemClock_Config) refers to stm32f0xx_hal_rcc.o(.text.HAL_RCC_ClockConfig) for HAL_RCC_ClockConfig
    main.o(.text.SystemClock_Config) refers to stm32f0xx_hal_rcc_ex.o(.text.HAL_RCCEx_PeriphCLKConfig) for HAL_RCCEx_PeriphCLKConfig
    main.o(.ARM.exidx.text.SystemClock_Config) refers to main.o(.text.SystemClock_Config) for [Anonymous Symbol]
    main.o(.text.MX_GPIO_Init) refers to stm32f0xx_hal_gpio.o(.text.HAL_GPIO_WritePin) for HAL_GPIO_WritePin
    main.o(.text.MX_GPIO_Init) refers to stm32f0xx_hal_gpio.o(.text.HAL_GPIO_Init) for HAL_GPIO_Init
    main.o(.text.MX_GPIO_Init) refers to stm32f0xx_hal_cortex.o(.text.HAL_NVIC_SetPriority) for HAL_NVIC_SetPriority
    main.o(.text.MX_GPIO_Init) refers to stm32f0xx_hal_cortex.o(.text.HAL_NVIC_EnableIRQ) for HAL_NVIC_EnableIRQ
    main.o(.ARM.exidx.text.MX_GPIO_Init) refers to main.o(.text.MX_GPIO_Init) for [Anonymous Symbol]
    main.o(.text.MX_USART1_UART_Init) refers to stm32f0xx_hal_uart.o(.text.HAL_UART_Init) for HAL_UART_Init
    main.o(.text.MX_USART1_UART_Init) refers to main.o(.text.Error_Handler) for Error_Handler
    main.o(.text.MX_USART1_UART_Init) refers to stm32f0xx_hal_uart.o(.text.HAL_UART_Receive_IT) for HAL_UART_Receive_IT
    main.o(.text.MX_USART1_UART_Init) refers to main.o(.bss.huart1) for huart1
    main.o(.text.MX_USART1_UART_Init) refers to main.o(.bss.rx_byte) for rx_byte
[...]
    Removing stm32f0xx_hal_tim.o(.text.HAL_TIM_OC_GetState), (14 bytes).
    Removing stm32f0xx_hal_tim.o(.ARM.exidx.text.HAL_TIM_OC_GetState), (8 bytes).
    Removing stm32f0xx_hal_tim.o(.text.HAL_TIM_PWM_GetState), (14 bytes).
    Removing stm32f0xx_hal_tim.o(.ARM.exidx.text.HAL_TIM_PWM_GetState), (8 bytes).
    Removing stm32f0xx_hal_tim.o(.text.HAL_TIM_IC_GetState), (14 bytes).
    Removing stm32f0xx_hal_tim.o(.ARM.exidx.text.HAL_TIM_IC_GetState), (8 bytes).
    Removing stm32f0xx_hal_tim.o(.text.HAL_TIM_OnePulse_GetState), (14 bytes).
    Removing stm32f0xx_hal_tim.o(.ARM.exidx.text.HAL_TIM_OnePulse_GetState), (8 bytes).
    Removing stm32f0xx_hal_tim.o(.text.HAL_TIM_Encoder_GetState), (14 bytes).
    Removing stm32f0xx_hal_tim.o(.ARM.exidx.text.HAL_TIM_Encoder_GetState), (8 bytes).
    Removing stm32f0xx_hal_tim.o(.text.HAL_TIM_GetActiveChannel), (12 bytes).
    Removing stm32f0xx_hal_tim.o(.ARM.exidx.text.HAL_TIM_GetActiveChannel), (8 bytes).
    Removing stm32f0xx_hal_tim.o(.text.HAL_TIM_GetChannelState), (94 bytes).
    Removing stm32f0xx_hal_tim.o(.ARM.exidx.text.HAL_TIM_GetChannelState), (8 bytes).
    Removing stm32f0xx_hal_tim.o(.text.HAL_TIM_DMABurstState), (14 bytes).
    Removing stm32f0xx_hal_tim.o(.ARM.exidx.text.HAL_TIM_DMABurstState), (8 bytes).
    Removing stm32f0xx_hal_tim_ex.o(.text), (0 bytes).
    Removing stm32f0xx_hal_tim_ex.o(.text.HAL_TIMEx_HallSensor_Init), (282 bytes).
    Removing stm32f0xx_hal_tim_ex.o(.ARM.exidx.text.HAL_TIMEx_HallSensor_Init), (8 bytes).
    Removing stm32f0xx_hal_tim_ex.o(.text.HAL_TIMEx_HallSensor_MspInit), (8 bytes).
    Removing stm32f0xx_hal_tim_ex.o(.ARM.exidx.text.HAL_TIMEx_HallSensor_MspInit), (8 bytes).
    Removing stm32f0xx_hal_tim_ex.o(.text.HAL_TIMEx_HallSensor_DeInit), (132 bytes).
    Removing stm32f0xx_hal_tim_ex.o(.ARM.exidx.text.HAL_TIMEx_HallSensor_DeInit), (8 bytes).
    Removing stm32f0xx_hal_tim_ex.o(.text.HAL_TIMEx_HallSensor_MspDeInit), (8 bytes).
    Removing stm32f0xx_hal_tim_ex.o(.ARM.exidx.text.HAL_TIMEx_HallSensor_MspDeInit), (8 bytes).
    Removing stm32f0xx_hal_tim_ex.o(.text.HAL_TIMEx_HallSensor_Start), (228 bytes).
    Removing stm32f0xx_hal_tim_ex.o(.ARM.exidx.text.HAL_TIMEx_HallSensor_Start), (8 bytes).
    Removing stm32f0xx_hal_tim_ex.o(.text.HAL_TIMEx_HallSensor_Stop), (108 bytes).
    Removing stm32f0xx_hal_tim_ex.o(.ARM.exidx.text.HAL_TIMEx_HallSensor_Stop), (8 bytes).
    Removing stm32f0xx_hal_tim_ex.o(.text.HAL_TIMEx_HallSensor_Start_IT), (240 bytes).
    Removing stm32f0xx_hal_tim_ex.o(.ARM.exidx.text.HAL_TIMEx_HallSensor_Start_IT), (8 bytes).
    Removing stm32f0xx_hal_tim_ex.o(.text.HAL_TIMEx_HallSensor_Stop_IT), (120 bytes).
    Removing stm32f0xx_hal_tim_ex.o(.ARM.exidx.text.HAL_TIMEx_HallSensor_Stop_IT), (8 bytes).
    Removing stm32f0xx_hal_tim_ex.o(.text.HAL_TIMEx_HallSensor_Start_DMA), (324 bytes).
    Removing stm32f0xx_hal_tim_ex.o(.ARM.exidx.text.HAL_TIMEx_HallSensor_Start_DMA), (8 bytes).
    Removing stm32f0xx_hal_tim_ex.o(.text.HAL_TIMEx_HallSensor_Stop_DMA), (116 bytes).
    Removing stm32f0xx_hal_tim_ex.o(.ARM.exidx.text.HAL_TIMEx_HallSensor_Stop_DMA), (8 bytes).
    Removing stm32f0xx_hal_tim_ex.o(.text.HAL_TIMEx_OCN_Start), (304 bytes).
    Removing stm32f0xx_hal_tim_ex.o(.ARM.exidx.text.HAL_TIMEx_OCN_Start), (8 bytes).
    Removing stm32f0xx_hal_tim_ex.o(.text.TIM_CCxNChannelCmd), (50 bytes).
    Removing stm32f0xx_hal_tim_ex.o(.ARM.exidx.text.TIM_CCxNChannelCmd), (8 bytes).
    Removing stm32f0xx_hal_tim_ex.o(.text.HAL_TIMEx_OCN_Stop), (212 bytes).
    Removing stm32f0xx_hal_tim_ex.o(.ARM.exidx.text.HAL_TIMEx_OCN_Stop), (8 bytes).
    Removing stm32f0xx_hal_tim_ex.o(.text.HAL_TIMEx_OCN_Start_IT), (412 bytes).
    Removing stm32f0xx_hal_tim_ex.o(.ARM.exidx.text.HAL_TIMEx_OCN_Start_IT), (8 bytes).
    Removing stm32f0xx_hal_tim_ex.o(.text.HAL_TIMEx_OCN_Stop_IT), (344 bytes).
    Removing stm32f0xx_hal_tim_ex.o(.ARM.exidx.text.HAL_TIMEx_OCN_Stop_IT), (8 bytes).
    Removing stm32f0xx_hal_tim_ex.o(.text.HAL_TIMEx_OCN_Start_DMA), (716 bytes).
    Removing stm32f0xx_hal_tim_ex.o(.ARM.exidx.text.HAL_TIMEx_OCN_Start_DMA), (8 bytes).
    Removing stm32f0xx_hal_tim_ex.o(.text.TIM_DMADelayPulseNCplt), (154 bytes).
    Removing stm32f0xx_hal_tim_ex.o(.ARM.exidx.text.TIM_DMADelayPulseNCplt), (8 bytes).
    Removing stm32f0xx_hal_tim_ex.o(.text.TIM_DMAErrorCCxN), (116 bytes).
    Removing stm32f0xx_hal_tim_ex.o(.ARM.exidx.text.TIM_DMAErrorCCxN), (8 bytes).
    Removing stm32f0xx_hal_tim_ex.o(.text.HAL_TIMEx_OCN_Stop_DMA), (340 bytes).
    Removing stm32f0xx_hal_tim_ex.o(.ARM.exidx.text.HAL_TIMEx_OCN_Stop_DMA), (8 bytes).
    Removing stm32f0xx_hal_tim_ex.o(.text.HAL_TIMEx_PWMN_Start), (304 bytes).
    Removing stm32f0xx_hal_tim_ex.o(.ARM.exidx.text.HAL_TIMEx_PWMN_Start), (8 bytes).
    Removing stm32f0xx_hal_tim_ex.o(.text.HAL_TIMEx_PWMN_Stop), (212 bytes).
    Removing stm32f0xx_hal_tim_ex.o(.ARM.exidx.text.HAL_TIMEx_PWMN_Stop), (8 bytes).
    Removing stm32f0xx_hal_tim_ex.o(.text.HAL_TIMEx_PWMN_Start_IT), (412 bytes).
    Removing stm32f0xx_hal_tim_ex.o(.ARM.exidx.text.HAL_TIMEx_PWMN_Start_IT), (8 bytes).
    Removing stm32f0xx_hal_tim_ex.o(.text.HAL_TIMEx_PWMN_Stop_IT), (344 bytes).
    Removing stm32f0xx_hal_tim_ex.o(.ARM.exidx.text.HAL_TIMEx_PWMN_Stop_IT), (8 bytes).
    Removing stm32f0xx_hal_tim_ex.o(.text.HAL_TIMEx_PWMN_Start_DMA), (716 bytes).
    Removing stm32f0xx_hal_tim_ex.o(.ARM.exidx.text.HAL_TIMEx_PWMN_Start_DMA), (8 bytes).
    Removing stm32f0xx_hal_tim_ex.o(.text.HAL_TIMEx_PWMN_Stop_DMA), (340 bytes).
    Removing stm32f0xx_hal_tim_ex.o(.ARM.exidx.text.HAL_TIMEx_PWMN_Stop_DMA), (8 bytes).
    Removing stm32f0xx_hal_tim_ex.o(.text.HAL_TIMEx_OnePulseN_Start), (186 bytes).
    Removing stm32f0xx_hal_tim_ex.o(.ARM.exidx.text.HAL_TIMEx_OnePulseN_Start), (8 bytes).
    Removing stm32f0xx_hal_tim_ex.o(.text.HAL_TIMEx_OnePulseN_Stop), (184 bytes).
    Removing stm32f0xx_hal_tim_ex.o(.ARM.exidx.text.HAL_TIMEx_OnePulseN_Stop), (8 bytes).
    Removing stm32f0xx_hal_tim_ex.o(.text.HAL_TIMEx_OnePulseN_Start_IT), (206 bytes).
    Removing stm32f0xx_hal_tim_ex.o(.ARM.exidx.text.HAL_TIMEx_OnePulseN_Start_IT), (8 bytes).
    Removing stm32f0xx_hal_tim_ex.o(.text.HAL_TIMEx_OnePulseN_Stop_IT), (208 bytes).
    Removing stm32f0xx_hal_tim_ex.o(.ARM.exidx.text.HAL_TIMEx_OnePulseN_Stop_IT), (8 bytes).
    Removing stm32f0xx_hal_tim_ex.o(.text.HAL_TIMEx_ConfigCommutEvent), (188 bytes).
    Removing stm32f0xx_hal_tim_ex.o(.ARM.exidx.text.HAL_TIMEx_ConfigCommutEvent), (8 bytes).
    Removing stm32f0xx_hal_tim_ex.o(.text.HAL_TIMEx_ConfigCommutEvent_IT), (188 bytes).
    Removing stm32f0xx_hal_tim_ex.o(.ARM.exidx.text.HAL_TIMEx_ConfigCommutEvent_IT), (8 bytes).
    Removing stm32f0xx_hal_tim_ex.o(.text.HAL_TIMEx_ConfigCommutEvent_DMA), (224 bytes).
    Removing stm32f0xx_hal_tim_ex.o(.ARM.exidx.text.HAL_TIMEx_ConfigCommutEvent_DMA), (8 bytes).
    Removing stm32f0xx_hal_tim_ex.o(.text.TIMEx_DMACommutationCplt), (30 bytes).
    Removing stm32f0xx_hal_tim_ex.o(.ARM.exidx.text.TIMEx_DMACommutationCplt), (8 bytes).
    Removing stm32f0xx_hal_tim_ex.o(.text.TIMEx_DMACommutationHalfCplt), (30 bytes).
    Removing stm32f0xx_hal_tim_ex.o(.ARM.exidx.text.TIMEx_DMACommutationHalfCplt), (8 bytes).
    Removing stm32f0xx_hal_tim_ex.o(.text.HAL_TIMEx_MasterConfigSynchronization), (188 bytes).
    Removing stm32f0xx_hal_tim_ex.o(.ARM.exidx.text.HAL_TIMEx_MasterConfigSynchronization), (8 bytes).
    Removing stm32f0xx_hal_tim_ex.o(.text.HAL_TIMEx_ConfigBreakDeadTime), (182 bytes).
    Removing stm32f0xx_hal_tim_ex.o(.ARM.exidx.text.HAL_TIMEx_ConfigBreakDeadTime), (8 bytes).
    Removing stm32f0xx_hal_tim_ex.o(.text.HAL_TIMEx_RemapConfig), (76 bytes).
    Removing stm32f0xx_hal_tim_ex.o(.ARM.exidx.text.HAL_TIMEx_RemapConfig), (8 bytes).
    Removing stm32f0xx_hal_tim_ex.o(.ARM.exidx.text.HAL_TIMEx_CommutCallback), (8 bytes).
    Removing stm32f0xx_hal_tim_ex.o(.text.HAL_TIMEx_CommutHalfCpltCallback), (8 bytes).
    Removing stm32f0xx_hal_tim_ex.o(.ARM.exidx.text.HAL_TIMEx_CommutHalfCpltCallback), (8 bytes).
    Removing stm32f0xx_hal_tim_ex.o(.ARM.exidx.text.HAL_TIMEx_BreakCallback), (8 bytes).
    Removing stm32f0xx_hal_tim_ex.o(.text.HAL_TIMEx_HallSensor_GetState), (14 bytes).
    Removing stm32f0xx_hal_tim_ex.o(.ARM.exidx.text.HAL_TIMEx_HallSensor_GetState), (8 bytes).
    Removing stm32f0xx_hal_tim_ex.o(.text.HAL_TIMEx_GetChannelNState), (94 bytes).
    Removing stm32f0xx_hal_tim_ex.o(.ARM.exidx.text.HAL_TIMEx_GetChannelNState), (8 bytes).
    Removing stm32f0xx_hal_uart.o(.text), (0 bytes).
    Removing stm32f0xx_hal_uart.o(.ARM.exidx.text.HAL_UART_Init), (8 bytes).
    Removing stm32f0xx_hal_uart.o(.text.HAL_UART_MspInit), (8 bytes).
    Removing stm32f0xx_hal_uart.o(.ARM.exidx.text.HAL_UART_MspInit), (8 bytes).
    Removing stm32f0xx_hal_uart.o(.ARM.exidx.text.UART_AdvFeatureConfig), (8 bytes).
    Removing stm32f0xx_hal_uart.o(.ARM.exidx.text.UART_SetConfig), (8 bytes).
    Removing stm32f0xx_hal_uart.o(.ARM.exidx.text.UART_CheckIdleState), (8 bytes).
    Removing stm32f0xx_hal_uart.o(.text.HAL_HalfDuplex_Init), (160 bytes).
    Removing stm32f0xx_hal_uart.o(.ARM.exidx.text.HAL_HalfDuplex_Init), (8 bytes).
    Removing stm32f0xx_hal_uart.o(.text.HAL_MultiProcessor_Init), (222 bytes).
    Removing stm32f0xx_hal_uart.o(.ARM.exidx.text.HAL_MultiProcessor_Init), (8 bytes).
    Removing stm32f0xx_hal_uart.o(.text.HAL_UART_DeInit), (122 bytes).
    Removing stm32f0xx_hal_uart.o(.ARM.exidx.text.HAL_UART_DeInit), (8 bytes).
    Removing stm32f0xx_hal_uart.o(.text.HAL_UART_MspDeInit), (8 bytes).
    Removing stm32f0xx_hal_uart.o(.ARM.exidx.text.HAL_UART_MspDeInit), (8 bytes).
    Removing stm32f0xx_hal_uart.o(.ARM.exidx.text.HAL_UART_Transmit), (8 bytes).
    Removing stm32f0xx_hal_uart.o(.ARM.exidx.text.UART_WaitOnFlagUntilTimeout), (8 bytes).
    Removing stm32f0xx_hal_uart.o(.text.HAL_UART_Receive), (452 bytes).
    Removing stm32f0xx_hal_uart.o(.ARM.exidx.text.HAL_UART_Receive), (8 bytes).
    Removing stm32f0xx_hal_uart.o(.text.HAL_UART_Transmit_IT), (252 bytes).
    Removing stm32f0xx_hal_uart.o(.ARM.exidx.text.HAL_UART_Transmit_IT), (8 bytes).
    Removing stm32f0xx_hal_uart.o(.text.UART_TxISR_16BIT), (172 bytes).
    Removing stm32f0xx_hal_uart.o(.ARM.exidx.text.UART_TxISR_16BIT), (8 bytes).
    Removing stm32f0xx_hal_uart.o(.text.UART_TxISR_8BIT), (156 bytes).
    Removing stm32f0xx_hal_uart.o(.ARM.exidx.text.UART_TxISR_8BIT), (8 bytes).
    Removing stm32f0xx_hal_uart.o(.ARM.exidx.text.HAL_UART_Receive_IT), (8 bytes).
    Removing stm32f0xx_hal_uart.o(.ARM.exidx.text.UART_Start_Receive_IT), (8 bytes).
    Removing stm32f0xx_hal_uart.o(.text.HAL_UART_Transmit_DMA), (312 bytes).
    Removing stm32f0xx_hal_uart.o(.ARM.exidx.text.HAL_UART_Transmit_DMA), (8 bytes).
    Removing stm32f0xx_hal_uart.o(.text.UART_DMATransmitCplt), (136 bytes).
    Removing stm32f0xx_hal_uart.o(.ARM.exidx.text.UART_DMATransmitCplt), (8 bytes).
    Removing stm32f0xx_hal_uart.o(.text.UART_DMATxHalfCplt), (22 bytes).
    Removing stm32f0xx_hal_uart.o(.ARM.exidx.text.UART_DMATxHalfCplt), (8 bytes).
    Removing stm32f0xx_hal_uart.o(.text.UART_DMAError), (124 bytes).
    Removing stm32f0xx_hal_uart.o(.ARM.exidx.text.UART_DMAError), (8 bytes).
    Removing stm32f0xx_hal_uart.o(.text.HAL_UART_Receive_DMA), (198 bytes).
    Removing stm32f0xx_hal_uart.o(.ARM.exidx.text.HAL_UART_Receive_DMA), (8 bytes).
    Removing stm32f0xx_hal_uart.o(.text.UART_Start_Receive_DMA), (312 bytes).
    Removing stm32f0xx_hal_uart.o(.ARM.exidx.text.UART_Start_Receive_DMA), (8 bytes).
    Removing stm32f0xx_hal_uart.o(.text.HAL_UART_DMAPause), (254 bytes).
    Removing stm32f0xx_hal_uart.o(.ARM.exidx.text.HAL_UART_DMAPause), (8 bytes).
    Removing stm32f0xx_hal_uart.o(.text.HAL_UART_DMAResume), (238 bytes).
    Removing stm32f0xx_hal_uart.o(.ARM.exidx.text.HAL_UART_DMAResume), (8 bytes).
    Removing stm32f0xx_hal_uart.o(.text.HAL_UART_DMAStop), (304 bytes).
    Removing stm32f0xx_hal_uart.o(.ARM.exidx.text.HAL_UART_DMAStop), (8 bytes).
    Removing stm32f0xx_hal_uart.o(.text.UART_EndTxTransfer), (60 bytes).
    Removing stm32f0xx_hal_uart.o(.ARM.exidx.text.UART_EndTxTransfer), (8 bytes).
    Removing stm32f0xx_hal_uart.o(.ARM.exidx.text.UART_EndRxTransfer), (8 bytes).
    Removing stm32f0xx_hal_uart.o(.text.HAL_UART_Abort), (482 bytes).
    Removing stm32f0xx_hal_uart.o(.ARM.exidx.text.HAL_UART_Abort), (8 bytes).
    Removing stm32f0xx_hal_uart.o(.text.HAL_UART_AbortTransmit), (208 bytes).
    Removing stm32f0xx_hal_uart.o(.ARM.exidx.text.HAL_UART_AbortTransmit), (8 bytes).
    Removing stm32f0xx_hal_uart.o(.ARM.exidx.text.HAL_UART_AbortReceive), (8 bytes).
    Removing stm32f0xx_hal_uart.o(.text.HAL_UART_Abort_IT), (560 bytes).
    Removing stm32f0xx_hal_uart.o(.ARM.exidx.text.HAL_UART_Abort_IT), (8 bytes).
    Removing stm32f0xx_hal_uart.o(.text.UART_DMATxAbortCallback), (102 bytes).
    Removing stm32f0xx_hal_uart.o(.ARM.exidx.text.UART_DMATxAbortCallback), (8 bytes).
    Removing stm32f0xx_hal_uart.o(.text.UART_DMARxAbortCallback), (114 bytes).
    Removing stm32f0xx_hal_uart.o(.ARM.exidx.text.UART_DMARxAbortCallback), (8 bytes).
    Removing stm32f0xx_hal_uart.o(.text.HAL_UART_AbortCpltCallback), (8 bytes).
    Removing stm32f0xx_hal_uart.o(.ARM.exidx.text.HAL_UART_AbortCpltCallback), (8 bytes).
    Removing stm32f0xx_hal_uart.o(.text.HAL_UART_AbortTransmit_IT), (220 bytes).
    Removing stm32f0xx_hal_uart.o(.ARM.exidx.text.HAL_UART_AbortTransmit_IT), (8 bytes).
    Removing stm32f0xx_hal_uart.o(.text.UART_DMATxOnlyAbortCallback), (36 bytes).
    Removing stm32f0xx_hal_uart.o(.ARM.exidx.text.UART_DMATxOnlyAbortCallback), (8 bytes).
    Removing stm32f0xx_hal_uart.o(.text.HAL_UART_AbortTransmitCpltCallback), (8 bytes).
    Removing stm32f0xx_hal_uart.o(.ARM.exidx.text.HAL_UART_AbortTransmitCpltCallback), (8 bytes).
    Removing stm32f0xx_hal_uart.o(.text.HAL_UART_AbortReceive_IT), (364 bytes).
    Removing stm32f0xx_hal_uart.o(.ARM.exidx.text.HAL_UART_AbortReceive_IT), (8 bytes).
    Removing stm32f0xx_hal_uart.o(.text.UART_DMARxOnlyAbortCallback), (62 bytes).
    Removing stm32f0xx_hal_uart.o(.ARM.exidx.text.UART_DMARxOnlyAbortCallback), (8 bytes).
    Removing stm32f0xx_hal_uart.o(.text.HAL_UART_AbortReceiveCpltCallback), (8 bytes).
    Removing stm32f0xx_hal_uart.o(.ARM.exidx.text.HAL_UART_AbortReceiveCpltCallback), (8 bytes).
    Removing stm32f0xx_hal_uart.o(.ARM.exidx.text.HAL_UART_IRQHandler), (8 bytes).
    Removing stm32f0xx_hal_uart.o(.ARM.exidx.text.UART_DMAAbortOnError), (8 bytes).
    Removing stm32f0xx_hal_uart.o(.text.HAL_UART_ErrorCallback), (8 bytes).
    Removing stm32f0xx_hal_uart.o(.ARM.exidx.text.HAL_UART_ErrorCallback), (8 bytes).
    Removing stm32f0xx_hal_uart.o(.ARM.exidx.text.HAL_UARTEx_RxEventCallback), (8 bytes).
    Removing stm32f0xx_hal_uart.o(.ARM.exidx.text.UART_EndTransmit_IT), (8 bytes).
    Removing stm32f0xx_hal_uart.o(.text.HAL_UART_TxCpltCallback), (8 bytes).
    Removing stm32f0xx_hal_uart.o(.ARM.exidx.text.HAL_UART_TxCpltCallback), (8 bytes).
    Removing stm32f0xx_hal_uart.o(.text.HAL_UART_TxHalfCpltCallback), (8 bytes).
    Removing stm32f0xx_hal_uart.o(.ARM.exidx.text.HAL_UART_TxHalfCpltCallback), (8 bytes).
    Removing stm32f0xx_hal_uart.o(.text.HAL_UART_RxCpltCallback), (8 bytes).
    Removing stm32f0xx_hal_uart.o(.ARM.exidx.text.HAL_UART_RxCpltCallback), (8 bytes).
    Removing stm32f0xx_hal_uart.o(.text.HAL_UART_RxHalfCpltCallback), (8 bytes).
    Removing stm32f0xx_hal_uart.o(.ARM.exidx.text.HAL_UART_RxHalfCpltCallback), (8 bytes).
    Removing stm32f0xx_hal_uart.o(.text.HAL_UART_ReceiverTimeout_Config), (32 bytes).
    Removing stm32f0xx_hal_uart.o(.ARM.exidx.text.HAL_UART_ReceiverTimeout_Config), (8 bytes).
    Removing stm32f0xx_hal_uart.o(.text.HAL_UART_EnableReceiverTimeout), (110 bytes).
    Removing stm32f0xx_hal_uart.o(.ARM.exidx.text.HAL_UART_EnableReceiverTimeout), (8 bytes).
    Removing stm32f0xx_hal_uart.o(.text.HAL_UART_DisableReceiverTimeout), (110 bytes).
    Removing stm32f0xx_hal_uart.o(.ARM.exidx.text.HAL_UART_DisableReceiverTimeout), (8 bytes).
    Removing stm32f0xx_hal_uart.o(.text.HAL_MultiProcessor_EnableMuteMode), (118 bytes).
    Removing stm32f0xx_hal_uart.o(.ARM.exidx.text.HAL_MultiProcessor_EnableMuteMode), (8 bytes).
    Removing stm32f0xx_hal_uart.o(.text.HAL_MultiProcessor_DisableMuteMode), (118 bytes).
    Removing stm32f0xx_hal_uart.o(.ARM.exidx.text.HAL_MultiProcessor_DisableMuteMode), (8 bytes).
    Removing stm32f0xx_hal_uart.o(.text.HAL_MultiProcessor_EnterMuteMode), (20 bytes).
    Removing stm32f0xx_hal_uart.o(.ARM.exidx.text.HAL_MultiProcessor_EnterMuteMode), (8 bytes).
    Removing stm32f0xx_hal_uart.o(.text.HAL_HalfDuplex_EnableTransmitter), (170 bytes).
    Removing stm32f0xx_hal_uart.o(.ARM.exidx.text.HAL_HalfDuplex_EnableTransmitter), (8 bytes).
    Removing stm32f0xx_hal_uart.o(.text.HAL_HalfDuplex_EnableReceiver), (170 bytes).
    Removing stm32f0xx_hal_uart.o(.ARM.exidx.text.HAL_HalfDuplex_EnableReceiver), (8 bytes).
    Removing stm32f0xx_hal_uart.o(.text.HAL_UART_GetState), (28 bytes).
    Removing stm32f0xx_hal_uart.o(.ARM.exidx.text.HAL_UART_GetState), (8 bytes).
    Removing stm32f0xx_hal_uart.o(.text.HAL_UART_GetError), (14 bytes).
    Removing stm32f0xx_hal_uart.o(.ARM.exidx.text.HAL_UART_GetError), (8 bytes).
    Removing stm32f0xx_hal_uart.o(.ARM.exidx.text.UART_RxISR_16BIT), (8 bytes).
    Removing stm32f0xx_hal_uart.o(.ARM.exidx.text.UART_RxISR_8BIT), (8 bytes).
    Removing stm32f0xx_hal_uart.o(.text.UART_DMAReceiveCplt), (274 bytes).
    Removing stm32f0xx_hal_uart.o(.ARM.exidx.text.UART_DMAReceiveCplt), (8 bytes).
    Removing stm32f0xx_hal_uart.o(.text.UART_DMARxHalfCplt), (54 bytes).
    Removing stm32f0xx_hal_uart.o(.ARM.exidx.text.UART_DMARxHalfCplt), (8 bytes).
    Removing stm32f0xx_hal_uart_ex.o(.text), (0 bytes).
    Removing stm32f0xx_hal_uart_ex.o(.text.HAL_RS485Ex_Init), (216 bytes).
    Removing stm32f0xx_hal_uart_ex.o(.ARM.exidx.text.HAL_RS485Ex_Init), (8 bytes).
    Removing stm32f0xx_hal_uart_ex.o(.text.HAL_MultiProcessorEx_AddressLength_Set), (92 bytes).
    Removing stm32f0xx_hal_uart_ex.o(.ARM.exidx.text.HAL_MultiProcessorEx_AddressLength_Set), (8 bytes).
    Removing stm32f0xx_hal_uart_ex.o(.text.HAL_UARTEx_ReceiveToIdle), (576 bytes).
    Removing stm32f0xx_hal_uart_ex.o(.ARM.exidx.text.HAL_UARTEx_ReceiveToIdle), (8 bytes).
    Removing stm32f0xx_hal_uart_ex.o(.text.HAL_UARTEx_ReceiveToIdle_IT), (224 bytes).
    Removing stm32f0xx_hal_uart_ex.o(.ARM.exidx.text.HAL_UARTEx_ReceiveToIdle_IT), (8 bytes).
    Removing stm32f0xx_hal_uart_ex.o(.text.HAL_UARTEx_ReceiveToIdle_DMA), (234 bytes).
    Removing stm32f0xx_hal_uart_ex.o(.ARM.exidx.text.HAL_UARTEx_ReceiveToIdle_DMA), (8 bytes).
    Removing stm32f0xx_hal_uart_ex.o(.text.HAL_UARTEx_GetRxEventType), (12 bytes).
    Removing stm32f0xx_hal_uart_ex.o(.ARM.exidx.text.HAL_UARTEx_GetRxEventType), (8 bytes).
    Removing system_stm32f0xx.o(.text), (0 bytes).
    Removing system_stm32f0xx.o(.ARM.exidx.text.SystemInit), (8 bytes).
    Removing system_stm32f0xx.o(.text.SystemCoreClockUpdate), (208 bytes).
    Removing system_stm32f0xx.o(.ARM.exidx.text.SystemCoreClockUpdate), (8 bytes).

964 unused section(s) (total 81842 bytes) removed from the image.

==============================================================================

Image Symbol Table

    Local Symbols

    Symbol Name                              Value     Ov Type        Size  Object(Section)

    ../clib/division.s                       0x00000000   Number         0  aeabi_sdiv.o ABSOLUTE
    ../clib/division.s                       0x00000000   Number         0  aeabi_sdiv_div0.o ABSOLUTE
    ../clib/longlong.c                       0x00000000   Number         0  llmul.o ABSOLUTE
    ../clib/microlib/division.c              0x00000000   Number         0  uidiv.o ABSOLUTE
    ../clib/microlib/division.c              0x00000000   Number         0  uldiv.o ABSOLUTE
    ../clib/microlib/division.c              0x00000000   Number         0  uidiv_div0.o ABSOLUTE
    ../clib/microlib/division.c              0x00000000   Number         0  idiv_div0.o ABSOLUTE
    ../clib/microlib/division.c              0x00000000   Number         0  idiv0.o ABSOLUTE
    ../clib/microlib/init/entry.s            0x00000000   Number         0  entry.o ABSOLUTE
    ../clib/microlib/init/entry.s            0x00000000   Number         0  entry2.o ABSOLUTE
    ../clib/microlib/init/entry.s            0x00000000   Number         0  entry5.o ABSOLUTE
    ../clib/microlib/init/entry.s            0x00000000   Number         0  entry7a.o ABSOLUTE
    ../clib/microlib/init/entry.s            0x00000000   Number         0  entry7b.o ABSOLUTE
    ../clib/microlib/init/entry.s            0x00000000   Number         0  entry8a.o ABSOLUTE
    ../clib/microlib/init/entry.s            0x00000000   Number         0  entry8b.o ABSOLUTE
    ../clib/microlib/init/entry.s            0x00000000   Number         0  entry9a.o ABSOLUTE
    ../clib/microlib/init/entry.s            0x00000000   Number         0  entry9b.o ABSOLUTE
    ../clib/microlib/init/entry.s            0x00000000   Number         0  entry10a.o ABSOLUTE
    ../clib/microlib/init/entry.s            0x00000000   Number         0  entry10b.o ABSOLUTE
    ../clib/microlib/init/entry.s            0x00000000   Number         0  entry11a.o ABSOLUTE
    ../clib/microlib/init/entry.s            0x00000000   Number         0  entry11b.o ABSOLUTE
    ../clib/microlib/longlong.c              0x00000000   Number         0  llushr.o ABSOLUTE
    ../clib/microlib/longlong.c              0x00000000   Number         0  llshl.o ABSOLUTE
    ../clib/microlib/string/memset.c         0x00000000   Number         0  memseta.o ABSOLUTE
    dc.s                                     0x00000000   Number         0  dc.o ABSOLUTE
    handlers.s                               0x00000000   Number         0  handlers.o ABSOLUTE
    init.s                                   0x00000000   Number         0  init.o ABSOLUTE
    main.c                                   0x00000000   Number         0  main.o ABSOLUTE
    startup_stm32f030x6.s                    0x00000000   Number         0  startup_stm32f030x6.o ABSOLUTE
    stm32f0xx_hal.c                          0x00000000   Number         0  stm32f0xx_hal.o ABSOLUTE
    stm32f0xx_hal_adc.c                      0x00000000   Number         0  stm32f0xx_hal_adc.o ABSOLUTE
    stm32f0xx_hal_adc_ex.c                   0x00000000   Number         0  stm32f0xx_hal_adc_ex.o ABSOLUTE
    stm32f0xx_hal_cortex.c                   0x00000000   Number         0  stm32f0xx_hal_cortex.o ABSOLUTE
    stm32f0xx_hal_dma.c                      0x00000000   Number         0  stm32f0xx_hal_dma.o ABSOLUTE
    stm32f0xx_hal_exti.c                     0x00000000   Number         0  stm32f0xx_hal_exti.o ABSOLUTE
    stm32f0xx_hal_flash.c                    0x00000000   Number         0  stm32f0xx_hal_flash.o ABSOLUTE
    stm32f0xx_hal_flash_ex.c                 0x00000000   Number         0  stm32f0xx_hal_flash_ex.o ABSOLUTE
    stm32f0xx_hal_gpio.c                     0x00000000   Number         0  stm32f0xx_hal_gpio.o ABSOLUTE
    stm32f0xx_hal_i2c.c                      0x00000000   Number         0  stm32f0xx_hal_i2c.o ABSOLUTE
    stm32f0xx_hal_i2c_ex.c                   0x00000000   Number         0  stm32f0xx_hal_i2c_ex.o ABSOLUTE
    stm32f0xx_hal_iwdg.c                     0x00000000   Number         0  stm32f0xx_hal_iwdg.o ABSOLUTE
    stm32f0xx_hal_msp.c                      0x00000000   Number         0  stm32f0xx_hal_msp.o ABSOLUTE
    stm32f0xx_hal_pwr.c                      0x00000000   Number         0  stm32f0xx_hal_pwr.o ABSOLUTE
    stm32f0xx_hal_pwr_ex.c                   0x00000000   Number         0  stm32f0xx_hal_pwr_ex.o ABSOLUTE
    stm32f0xx_hal_rcc.c                      0x00000000   Number         0  stm32f0xx_hal_rcc.o ABSOLUTE
    stm32f0xx_hal_rcc_ex.c                   0x00000000   Number         0  stm32f0xx_hal_rcc_ex.o ABSOLUTE
    stm32f0xx_hal_tim.c                      0x00000000   Number         0  stm32f0xx_hal_tim.o ABSOLUTE
    stm32f0xx_hal_tim_ex.c                   0x00000000   Number         0  stm32f0xx_hal_tim_ex.o ABSOLUTE
    stm32f0xx_hal_uart.c                     0x00000000   Number         0  stm32f0xx_hal_uart.o ABSOLUTE
    stm32f0xx_hal_uart_ex.c                  0x00000000   Number         0  stm32f0xx_hal_uart_ex.o ABSOLUTE
    stm32f0xx_it.c                           0x00000000   Number         0  stm32f0xx_it.o ABSOLUTE
    system_stm32f0xx.c                       0x00000000   Number         0  system_stm32f0xx.o ABSOLUTE
    RESET                                    0x08000000   Section      176  startup_stm32f030x6.o(RESET)
    .ARM.Collect$$$$00000000                 0x080000b0   Section        0  entry.o(.ARM.Collect$$$$00000000)
    .ARM.Collect$$$$00000001                 0x080000b0   Section        4  entry2.o(.ARM.Collect$$$$00000001)
    .ARM.Collect$$$$00000004                 0x080000b4   Section        4  entry5.o(.ARM.Collect$$$$00000004)
    .ARM.Collect$$$$00000008                 0x080000b8   Section        0  entry7b.o(.ARM.Collect$$$$00000008)
    .ARM.Collect$$$$0000000A                 0x080000b8   Section        0  entry8b.o(.ARM.Collect$$$$0000000A)
    .ARM.Collect$$$$0000000B                 0x080000b8   Section        8  entry9a.o(.ARM.Collect$$$$0000000B)
    __lit__00000000                          0x080000c0   Data           4  entry2.o(.ARM.Collect$$$$00002712)
    .ARM.Collect$$$$0000000D                 0x080000c0   Section        0  entry10a.o(.ARM.Collect$$$$0000000D)
    .ARM.Collect$$$$0000000F                 0x080000c0   Section        0  entry11a.o(.ARM.Collect$$$$0000000F)
    .ARM.Collect$$$$00002712                 0x080000c0   Section        4  entry2.o(.ARM.Collect$$$$00002712)
    .text                                    0x080000c4   Section       28  startup_stm32f030x6.o(.text)
    .text                                    0x080000e0   Section        0  uldiv.o(.text)
    .text                                    0x08000140   Section        0  llmul.o(.text)
    .text                                    0x08000170   Section        0  llushr.o(.text)
    .text                                    0x08000192   Section        0  memseta.o(.text)
    .text                                    0x080001b6   Section        0  uidiv_div0.o(.text)
    .text                                    0x080001f4   Section        0  llshl.o(.text)
    .text                                    0x08000214   Section       36  init.o(.text)
    [Anonymous Symbol]                       0x08000238   Section        0  stm32f0xx_it.o(.text.EXTI4_15_IRQHandler)
    [Anonymous Symbol]                       0x08000244   Section        0  main.o(.text.Error_Handler)
    __arm_cp.8_0                             0x08000270   Number         4  main.o(.text.Error_Handler)
    __arm_cp.8_1                             0x08000274   Number         4  main.o(.text.Error_Handler)
    __arm_cp.8_2                             0x08000278   Number         4  main.o(.text.Error_Handler)
    [Anonymous Symbol]                       0x0800027c   Section        0  stm32f0xx_hal_adc.o(.text.HAL_ADC_ConfigChannel)
    __arm_cp.24_0                            0x0800049c   Number         4  stm32f0xx_hal_adc.o(.text.HAL_ADC_ConfigChannel)
    __arm_cp.24_1                            0x080004a0   Number         4  stm32f0xx_hal_adc.o(.text.HAL_ADC_ConfigChannel)
    __arm_cp.24_2                            0x080004a4   Number         4  stm32f0xx_hal_adc.o(.text.HAL_ADC_ConfigChannel)
    __arm_cp.24_3                            0x080004a8   Number         4  stm32f0xx_hal_adc.o(.text.HAL_ADC_ConfigChannel)
    __arm_cp.24_4                            0x080004ac   Number         4  stm32f0xx_hal_adc.o(.text.HAL_ADC_ConfigChannel)
    __arm_cp.24_5                            0x080004b0   Number         4  stm32f0xx_hal_adc.o(.text.HAL_ADC_ConfigChannel)
    [Anonymous Symbol]                       0x080004b4   Section        0  stm32f0xx_hal_adc.o(.text.HAL_ADC_Init)
    __arm_cp.0_0                             0x08000724   Number         4  stm32f0xx_hal_adc.o(.text.HAL_ADC_Init)
    __arm_cp.0_1                             0x08000728   Number         4  stm32f0xx_hal_adc.o(.text.HAL_ADC_Init)
    [Anonymous Symbol]                       0x0800072c   Section        0  stm32f0xx_hal_msp.o(.text.HAL_ADC_MspDeInit)
    [Anonymous Symbol]                       0x0800075c   Section        0  stm32f0xx_hal_msp.o(.text.HAL_ADC_MspInit)
    __arm_cp.1_0                             0x080007c4   Number         4  stm32f0xx_hal_msp.o(.text.HAL_ADC_MspInit)
    __arm_cp.1_1                             0x080007c8   Number         4  stm32f0xx_hal_msp.o(.text.HAL_ADC_MspInit)
    __arm_cp.1_2                             0x080007cc   Number         4  stm32f0xx_hal_msp.o(.text.HAL_ADC_MspInit)
    [Anonymous Symbol]                       0x080007d0   Section        0  stm32f0xx_hal_dma.o(.text.HAL_DMA_Abort)
    [Anonymous Symbol]                       0x08000842   Section        0  stm32f0xx_hal_dma.o(.text.HAL_DMA_Abort_IT)
    [Anonymous Symbol]                       0x080008ba   Section        0  stm32f0xx_hal_dma.o(.text.HAL_DMA_GetError)
    [Anonymous Symbol]                       0x080008c8   Section        0  stm32f0xx_hal.o(.text.HAL_DeInit)
    __arm_cp.3_0                             0x080008f0   Number         4  stm32f0xx_hal.o(.text.HAL_DeInit)
    __arm_cp.3_1                             0x080008f4   Number         4  stm32f0xx_hal.o(.text.HAL_DeInit)
    __arm_cp.3_2                             0x080008f8   Number         4  stm32f0xx_hal.o(.text.HAL_DeInit)
    [Anonymous Symbol]                       0x080008fc   Section        0  stm32f0xx_hal_gpio.o(.text.HAL_GPIO_DeInit)
    __arm_cp.1_0                             0x08000a5c   Number         4  stm32f0xx_hal_gpio.o(.text.HAL_GPIO_DeInit)
    __arm_cp.1_1                             0x08000a60   Number         4  stm32f0xx_hal_gpio.o(.text.HAL_GPIO_DeInit)
    __arm_cp.1_2                             0x08000a64   Number         4  stm32f0xx_hal_gpio.o(.text.HAL_GPIO_DeInit)
    __arm_cp.1_3                             0x08000a68   Number         4  stm32f0xx_hal_gpio.o(.text.HAL_GPIO_DeInit)
    __arm_cp.1_4                             0x08000a6c   Number         4  stm32f0xx_hal_gpio.o(.text.HAL_GPIO_DeInit)
    __arm_cp.1_5                             0x08000a70   Number         4  stm32f0xx_hal_gpio.o(.text.HAL_GPIO_DeInit)
    __arm_cp.1_6                             0x08000a74   Number         4  stm32f0xx_hal_gpio.o(.text.HAL_GPIO_DeInit)
    __arm_cp.1_7                             0x08000a78   Number         4  stm32f0xx_hal_gpio.o(.text.HAL_GPIO_DeInit)
    [Anonymous Symbol]                       0x08000a7c   Section        0  main.o(.text.HAL_GPIO_EXTI_Callback)
    __arm_cp.10_0                            0x08000ae0   Number         4  main.o(.text.HAL_GPIO_EXTI_Callback)
    __arm_cp.10_1                            0x08000ae4   Number         4  main.o(.text.HAL_GPIO_EXTI_Callback)
    __arm_cp.10_2                            0x08000ae8   Number         4  main.o(.text.HAL_GPIO_EXTI_Callback)
    [Anonymous Symbol]                       0x08000aec   Section        0  stm32f0xx_hal_gpio.o(.text.HAL_GPIO_EXTI_IRQHandler)
    __arm_cp.6_0                             0x08000b14   Number         4  stm32f0xx_hal_gpio.o(.text.HAL_GPIO_EXTI_IRQHandler)
    [Anonymous Symbol]                       0x08000b18   Section        0  stm32f0xx_hal_gpio.o(.text.HAL_GPIO_Init)
    __arm_cp.0_1                             0x08000ddc   Number         4  stm32f0xx_hal_gpio.o(.text.HAL_GPIO_Init)
    __arm_cp.0_2                             0x08000de0   Number         4  stm32f0xx_hal_gpio.o(.text.HAL_GPIO_Init)
    __arm_cp.0_3                             0x08000de4   Number         4  stm32f0xx_hal_gpio.o(.text.HAL_GPIO_Init)
    __arm_cp.0_4                             0x08000de8   Number         4  stm32f0xx_hal_gpio.o(.text.HAL_GPIO_Init)
    __arm_cp.0_5                             0x08000dec   Number         4  stm32f0xx_hal_gpio.o(.text.HAL_GPIO_Init)
    __arm_cp.0_6                             0x08000df0   Number         4  stm32f0xx_hal_gpio.o(.text.HAL_GPIO_Init)
    __arm_cp.0_7                             0x08000df4   Number         4  stm32f0xx_hal_gpio.o(.text.HAL_GPIO_Init)
    __arm_cp.0_8                             0x08000df8   Number         4  stm32f0xx_hal_gpio.o(.text.HAL_GPIO_Init)
    [Anonymous Symbol]                       0x08000dfc   Section        0  stm32f0xx_hal_gpio.o(.text.HAL_GPIO_ReadPin)
    [Anonymous Symbol]                       0x08000e2e   Section        0  stm32f0xx_hal_gpio.o(.text.HAL_GPIO_WritePin)
    [Anonymous Symbol]                       0x08000e5c   Section        0  stm32f0xx_hal.o(.text.HAL_GetTick)
    [Anonymous Symbol]                       0x08000e64   Section        0  stm32f0xx_hal.o(.text.HAL_IncTick)
    __arm_cp.5_1                             0x08000e74   Number         4  stm32f0xx_hal.o(.text.HAL_IncTick)
    [Anonymous Symbol]                       0x08000e78   Section        0  stm32f0xx_hal.o(.text.HAL_Init)
    __arm_cp.0_0                             0x08000e94   Number         4  stm32f0xx_hal.o(.text.HAL_Init)
    [Anonymous Symbol]                       0x08000e98   Section        0  stm32f0xx_hal.o(.text.HAL_InitTick)
    __arm_cp.1_0                             0x08000efc   Number         4  stm32f0xx_hal.o(.text.HAL_InitTick)
    __arm_cp.1_1                             0x08000f00   Number         4  stm32f0xx_hal.o(.text.HAL_InitTick)
    __arm_cp.1_2                             0x08000f04   Number         4  stm32f0xx_hal.o(.text.HAL_InitTick)
    [Anonymous Symbol]                       0x08000f08   Section        0  stm32f0xx_hal.o(.text.HAL_MspDeInit)
    [Anonymous Symbol]                       0x08000f0c   Section        0  stm32f0xx_hal_msp.o(.text.HAL_MspInit)
    __arm_cp.0_0                             0x08000f40   Number         4  stm32f0xx_hal_msp.o(.text.HAL_MspInit)
    [Anonymous Symbol]                       0x08000f44   Section        0  stm32f0xx_hal_cortex.o(.text.HAL_NVIC_DisableIRQ)
    [Anonymous Symbol]                       0x08000f5a   Section        0  stm32f0xx_hal_cortex.o(.text.HAL_NVIC_EnableIRQ)
    [Anonymous Symbol]                       0x08000f70   Section        0  stm32f0xx_hal_cortex.o(.text.HAL_NVIC_SetPriority)
    [Anonymous Symbol]                       0x08000f8c   Section        0  stm32f0xx_hal_cortex.o(.text.HAL_NVIC_SystemReset)
    [Anonymous Symbol]                       0x08000f90   Section        0  stm32f0xx_hal_rcc_ex.o(.text.HAL_RCCEx_PeriphCLKConfig)
    __arm_cp.0_0                             0x0800111c   Number         4  stm32f0xx_hal_rcc_ex.o(.text.HAL_RCCEx_PeriphCLKConfig)
    __arm_cp.0_1                             0x08001120   Number         4  stm32f0xx_hal_rcc_ex.o(.text.HAL_RCCEx_PeriphCLKConfig)
    __arm_cp.0_2                             0x08001124   Number         4  stm32f0xx_hal_rcc_ex.o(.text.HAL_RCCEx_PeriphCLKConfig)
    __arm_cp.0_3                             0x08001128   Number         4  stm32f0xx_hal_rcc_ex.o(.text.HAL_RCCEx_PeriphCLKConfig)
    [Anonymous Symbol]                       0x0800112c   Section        0  stm32f0xx_hal_rcc.o(.text.HAL_RCC_ClockConfig)
    __arm_cp.2_0                             0x080012dc   Number         4  stm32f0xx_hal_rcc.o(.text.HAL_RCC_ClockConfig)
    __arm_cp.2_2                             0x080012e0   Number         4  stm32f0xx_hal_rcc.o(.text.HAL_RCC_ClockConfig)
    __arm_cp.2_3                             0x080012e4   Number         4  stm32f0xx_hal_rcc.o(.text.HAL_RCC_ClockConfig)
    __arm_cp.2_5                             0x080012e8   Number         4  stm32f0xx_hal_rcc.o(.text.HAL_RCC_ClockConfig)
    [Anonymous Symbol]                       0x080012ec   Section        0  stm32f0xx_hal_rcc.o(.text.HAL_RCC_GetHCLKFreq)
    __arm_cp.7_0                             0x080012f4   Number         4  stm32f0xx_hal_rcc.o(.text.HAL_RCC_GetHCLKFreq)
    [Anonymous Symbol]                       0x080012f8   Section        0  stm32f0xx_hal_rcc.o(.text.HAL_RCC_GetPCLK1Freq)
    __arm_cp.8_1                             0x08001314   Number         4  stm32f0xx_hal_rcc.o(.text.HAL_RCC_GetPCLK1Freq)
    [Anonymous Symbol]                       0x08001318   Section        0  stm32f0xx_hal_rcc.o(.text.HAL_RCC_GetSysClockFreq)
    __arm_cp.3_0                             0x080013b0   Number         4  stm32f0xx_hal_rcc.o(.text.HAL_RCC_GetSysClockFreq)
    __arm_cp.3_1                             0x080013b4   Number         4  stm32f0xx_hal_rcc.o(.text.HAL_RCC_GetSysClockFreq)
    __arm_cp.3_2                             0x080013b8   Number         4  stm32f0xx_hal_rcc.o(.text.HAL_RCC_GetSysClockFreq)
    __arm_cp.3_3                             0x080013bc   Number         4  stm32f0xx_hal_rcc.o(.text.HAL_RCC_GetSysClockFreq)
    __arm_cp.3_4                             0x080013c0   Number         4  stm32f0xx_hal_rcc.o(.text.HAL_RCC_GetSysClockFreq)
    __arm_cp.3_5                             0x080013c4   Number         4  stm32f0xx_hal_rcc.o(.text.HAL_RCC_GetSysClockFreq)
    [Anonymous Symbol]                       0x080013c8   Section        0  stm32f0xx_hal_rcc.o(.text.HAL_RCC_OscConfig)
    __arm_cp.1_0                             0x08001a54   Number         4  stm32f0xx_hal_rcc.o(.text.HAL_RCC_OscConfig)
    __arm_cp.1_1                             0x08001a58   Number         4  stm32f0xx_hal_rcc.o(.text.HAL_RCC_OscConfig)
    __arm_cp.1_2                             0x08001a5c   Number         4  stm32f0xx_hal_rcc.o(.text.HAL_RCC_OscConfig)
    __arm_cp.1_3                             0x08001a60   Number         4  stm32f0xx_hal_rcc.o(.text.HAL_RCC_OscConfig)
    __arm_cp.1_4                             0x08001a64   Number         4  stm32f0xx_hal_rcc.o(.text.HAL_RCC_OscConfig)
    __arm_cp.1_5                             0x08001a68   Number         4  stm32f0xx_hal_rcc.o(.text.HAL_RCC_OscConfig)
    __arm_cp.1_6                             0x08001a6c   Number         4  stm32f0xx_hal_rcc.o(.text.HAL_RCC_OscConfig)
    __arm_cp.1_7                             0x08001a70   Number         4  stm32f0xx_hal_rcc.o(.text.HAL_RCC_OscConfig)
    __arm_cp.1_8                             0x08001a74   Number         4  stm32f0xx_hal_rcc.o(.text.HAL_RCC_OscConfig)
    [Anonymous Symbol]                       0x08001a78   Section        0  stm32f0xx_hal_cortex.o(.text.HAL_SYSTICK_Config)
    [Anonymous Symbol]                       0x08001a88   Section        0  stm32f0xx_hal_tim_ex.o(.text.HAL_TIMEx_BreakCallback)
    [Anonymous Symbol]                       0x08001a90   Section        0  stm32f0xx_hal_tim_ex.o(.text.HAL_TIMEx_CommutCallback)
    [Anonymous Symbol]                       0x08001a98   Section        0  stm32f0xx_hal_tim.o(.text.HAL_TIM_Base_Init)
    [Anonymous Symbol]                       0x08001b38   Section        0  stm32f0xx_hal_msp.o(.text.HAL_TIM_Base_MspDeInit)
    [Anonymous Symbol]                       0x08001b64   Section        0  stm32f0xx_hal_msp.o(.text.HAL_TIM_Base_MspInit)
    __arm_cp.3_1                             0x08001ba8   Number         4  stm32f0xx_hal_msp.o(.text.HAL_TIM_Base_MspInit)
    [Anonymous Symbol]                       0x08001bac   Section        0  stm32f0xx_hal_tim.o(.text.HAL_TIM_Base_Start_IT)
    __arm_cp.7_0                             0x08001c34   Number         4  stm32f0xx_hal_tim.o(.text.HAL_TIM_Base_Start_IT)
    __arm_cp.7_1                             0x08001c38   Number         4  stm32f0xx_hal_tim.o(.text.HAL_TIM_Base_Start_IT)
    [Anonymous Symbol]                       0x08001c3c   Section        0  stm32f0xx_hal_tim.o(.text.HAL_TIM_Base_Stop_IT)
    __arm_cp.8_0                             0x08001c8c   Number         4  stm32f0xx_hal_tim.o(.text.HAL_TIM_Base_Stop_IT)
    __arm_cp.8_1                             0x08001c90   Number         4  stm32f0xx_hal_tim.o(.text.HAL_TIM_Base_Stop_IT)
    [Anonymous Symbol]                       0x08001c94   Section        0  stm32f0xx_hal_tim.o(.text.HAL_TIM_IC_CaptureCallback)
    [Anonymous Symbol]                       0x08001c9c   Section        0  stm32f0xx_hal_tim.o(.text.HAL_TIM_IRQHandler)
    [Anonymous Symbol]                       0x08001ec2   Section        0  stm32f0xx_hal_tim.o(.text.HAL_TIM_OC_DelayElapsedCallback)
    [Anonymous Symbol]                       0x08001eca   Section        0  stm32f0xx_hal_tim.o(.text.HAL_TIM_PWM_PulseFinishedCallback)
    [Anonymous Symbol]                       0x08001ed4   Section        0  main.o(.text.HAL_TIM_PeriodElapsedCallback)
    __arm_cp.9_0                             0x08001f10   Number         4  main.o(.text.HAL_TIM_PeriodElapsedCallback)
    __arm_cp.9_1                             0x08001f14   Number         4  main.o(.text.HAL_TIM_PeriodElapsedCallback)
    __arm_cp.9_2                             0x08001f18   Number         4  main.o(.text.HAL_TIM_PeriodElapsedCallback)
    [Anonymous Symbol]                       0x08001f1c   Section        0  stm32f0xx_hal_tim.o(.text.HAL_TIM_TriggerCallback)
    [Anonymous Symbol]                       0x08001f24   Section        0  stm32f0xx_hal_uart.o(.text.HAL_UARTEx_RxEventCallback)
    [Anonymous Symbol]                       0x08001f30   Section        0  stm32f0xx_hal_uart.o(.text.HAL_UART_AbortReceive)
    [Anonymous Symbol]                       0x08002084   Section        0  main.o(.text.HAL_UART_ErrorCallback)
    __arm_cp.14_0                            0x080020d4   Number         4  main.o(.text.HAL_UART_ErrorCallback)
    __arm_cp.14_1                            0x080020d8   Number         4  main.o(.text.HAL_UART_ErrorCallback)
    __arm_cp.14_2                            0x080020dc   Number         4  main.o(.text.HAL_UART_ErrorCallback)
    [Anonymous Symbol]                       0x080020e0   Section        0  stm32f0xx_hal_uart.o(.text.HAL_UART_IRQHandler)
    __arm_cp.41_3                            0x080024bc   Number         4  stm32f0xx_hal_uart.o(.text.HAL_UART_IRQHandler)
    __arm_cp.41_4                            0x080024c0   Number         4  stm32f0xx_hal_uart.o(.text.HAL_UART_IRQHandler)
    __arm_cp.41_2                            0x080025c4   Number         4  stm32f0xx_hal_uart.o(.text.HAL_UART_IRQHandler)
    [Anonymous Symbol]                       0x080025c8   Section        0  stm32f0xx_hal_uart.o(.text.HAL_UART_Init)
    [Anonymous Symbol]                       0x08002678   Section        0  stm32f0xx_hal_msp.o(.text.HAL_UART_MspDeInit)
    [Anonymous Symbol]                       0x080026ac   Section        0  stm32f0xx_hal_msp.o(.text.HAL_UART_MspInit)
    __arm_cp.5_1                             0x08002734   Number         4  stm32f0xx_hal_msp.o(.text.HAL_UART_MspInit)
    __arm_cp.5_2                             0x08002738   Number         4  stm32f0xx_hal_msp.o(.text.HAL_UART_MspInit)
    [Anonymous Symbol]                       0x0800273c   Section        0  stm32f0xx_hal_uart.o(.text.HAL_UART_Receive_IT)
    [Anonymous Symbol]                       0x08002804   Section        0  main.o(.text.HAL_UART_RxCpltCallback)
    __arm_cp.12_0                            0x0800288c   Number         4  main.o(.text.HAL_UART_RxCpltCallback)
    __arm_cp.12_2                            0x08002890   Number         4  main.o(.text.HAL_UART_RxCpltCallback)
    __arm_cp.12_3                            0x08002894   Number         4  main.o(.text.HAL_UART_RxCpltCallback)
    [Anonymous Symbol]                       0x08002898   Section        0  stm32f0xx_hal_uart.o(.text.HAL_UART_Transmit)
    __arm_cp.9_0                             0x080029f8   Number         4  stm32f0xx_hal_uart.o(.text.HAL_UART_Transmit)
    [Anonymous Symbol]                       0x080029fc   Section        0  main.o(.text.HAL_UART_TxCpltCallback)
    [Anonymous Symbol]                       0x08002a04   Section        0  stm32f0xx_it.o(.text.HardFault_Handler)
    MX_ADC_Init                              0x08002a09   Thumb Code   136  main.o(.text.MX_ADC_Init)
    [Anonymous Symbol]                       0x08002a08   Section        0  main.o(.text.MX_ADC_Init)
    __arm_cp.5_0                             0x08002a90   Number         4  main.o(.text.MX_ADC_Init)
    __arm_cp.5_1                             0x08002a94   Number         4  main.o(.text.MX_ADC_Init)
    MX_GPIO_Init                             0x08002a99   Thumb Code   196  main.o(.text.MX_GPIO_Init)
    [Anonymous Symbol]                       0x08002a98   Section        0  main.o(.text.MX_GPIO_Init)
    __arm_cp.3_0                             0x08002b5c   Number         4  main.o(.text.MX_GPIO_Init)
    __arm_cp.3_1                             0x08002b60   Number         4  main.o(.text.MX_GPIO_Init)
    MX_IWDG_Init                             0x08002b65   Thumb Code     2  main.o(.text.MX_IWDG_Init)
    [Anonymous Symbol]                       0x08002b64   Section        0  main.o(.text.MX_IWDG_Init)
    MX_TIM14_Init                            0x08002b69   Thumb Code    48  main.o(.text.MX_TIM14_Init)
    [Anonymous Symbol]                       0x08002b68   Section        0  main.o(.text.MX_TIM14_Init)
    MX_USART1_UART_Init                      0x08002b99   Thumb Code    68  main.o(.text.MX_USART1_UART_Init)
    [Anonymous Symbol]                       0x08002b98   Section        0  main.o(.text.MX_USART1_UART_Init)
    __arm_cp.4_0                             0x08002bdc   Number         4  main.o(.text.MX_USART1_UART_Init)
    __arm_cp.4_1                             0x08002be0   Number         4  main.o(.text.MX_USART1_UART_Init)
    __arm_cp.4_2                             0x08002be4   Number         4  main.o(.text.MX_USART1_UART_Init)
    [Anonymous Symbol]                       0x08002be8   Section        0  stm32f0xx_it.o(.text.NMI_Handler)
    [Anonymous Symbol]                       0x08002bec   Section        0  stm32f0xx_it.o(.text.PendSV_Handler)
    [Anonymous Symbol]                       0x08002bee   Section        0  stm32f0xx_it.o(.text.SVC_Handler)
    SysTick_Config                           0x08002bf1   Thumb Code    68  stm32f0xx_hal_cortex.o(.text.SysTick_Config)
    [Anonymous Symbol]                       0x08002bf0   Section        0  stm32f0xx_hal_cortex.o(.text.SysTick_Config)
    __arm_cp.9_0                             0x08002c34   Number         4  stm32f0xx_hal_cortex.o(.text.SysTick_Config)
    __arm_cp.9_1                             0x08002c38   Number         4  stm32f0xx_hal_cortex.o(.text.SysTick_Config)
    __arm_cp.9_2                             0x08002c3c   Number         4  stm32f0xx_hal_cortex.o(.text.SysTick_Config)
    [Anonymous Symbol]                       0x08002c40   Section        0  stm32f0xx_it.o(.text.SysTick_Handler)
    [Anonymous Symbol]                       0x08002c48   Section        0  main.o(.text.SystemClock_Config)
    [Anonymous Symbol]                       0x08002cdc   Section        0  system_stm32f0xx.o(.text.SystemInit)
    [Anonymous Symbol]                       0x08002ce0   Section        0  stm32f0xx_it.o(.text.TIM14_IRQHandler)
    __arm_cp.6_0                             0x08002cec   Number         4  stm32f0xx_it.o(.text.TIM14_IRQHandler)
    [Anonymous Symbol]                       0x08002cf0   Section        0  stm32f0xx_hal_tim.o(.text.TIM_Base_SetConfig)
    __arm_cp.2_0                             0x08002ddc   Number         4  stm32f0xx_hal_tim.o(.text.TIM_Base_SetConfig)
    __arm_cp.2_1                             0x08002de0   Number         4  stm32f0xx_hal_tim.o(.text.TIM_Base_SetConfig)
    __arm_cp.2_2                             0x08002de4   Number         4  stm32f0xx_hal_tim.o(.text.TIM_Base_SetConfig)
    __arm_cp.2_3                             0x08002de8   Number         4  stm32f0xx_hal_tim.o(.text.TIM_Base_SetConfig)
    __arm_cp.2_4                             0x08002dec   Number         4  stm32f0xx_hal_tim.o(.text.TIM_Base_SetConfig)
    [Anonymous Symbol]                       0x08002df0   Section        0  stm32f0xx_hal_uart.o(.text.UART_AdvFeatureConfig)
    [Anonymous Symbol]                       0x08002f4c   Section        0  stm32f0xx_hal_uart.o(.text.UART_CheckIdleState)
    __arm_cp.4_0                             0x080030a4   Number         4  stm32f0xx_hal_uart.o(.text.UART_CheckIdleState)
    UART_DMAAbortOnError                     0x080030a9   Thumb Code    36  stm32f0xx_hal_uart.o(.text.UART_DMAAbortOnError)
    [Anonymous Symbol]                       0x080030a8   Section        0  stm32f0xx_hal_uart.o(.text.UART_DMAAbortOnError)
    UART_EndRxTransfer                       0x080030cd   Thumb Code   176  stm32f0xx_hal_uart.o(.text.UART_EndRxTransfer)
    [Anonymous Symbol]                       0x080030cc   Section        0  stm32f0xx_hal_uart.o(.text.UART_EndRxTransfer)
    UART_EndTransmit_IT                      0x0800317d   Thumb Code    74  stm32f0xx_hal_uart.o(.text.UART_EndTransmit_IT)
    [Anonymous Symbol]                       0x0800317c   Section        0  stm32f0xx_hal_uart.o(.text.UART_EndTransmit_IT)
    UART_RxISR_16BIT                         0x080031c7   Thumb Code   386  stm32f0xx_hal_uart.o(.text.UART_RxISR_16BIT)
    [Anonymous Symbol]                       0x080031c6   Section        0  stm32f0xx_hal_uart.o(.text.UART_RxISR_16BIT)
    UART_RxISR_8BIT                          0x08003349   Thumb Code   382  stm32f0xx_hal_uart.o(.text.UART_RxISR_8BIT)
    [Anonymous Symbol]                       0x08003348   Section        0  stm32f0xx_hal_uart.o(.text.UART_RxISR_8BIT)
    [Anonymous Symbol]                       0x080034c8   Section        0  stm32f0xx_hal_uart.o(.text.UART_SetConfig)
    __arm_cp.3_0                             0x0800370c   Number         4  stm32f0xx_hal_uart.o(.text.UART_SetConfig)
    __arm_cp.3_1                             0x08003710   Number         4  stm32f0xx_hal_uart.o(.text.UART_SetConfig)
    __arm_cp.3_2                             0x08003714   Number         4  stm32f0xx_hal_uart.o(.text.UART_SetConfig)
    [Anonymous Symbol]                       0x08003718   Section        0  stm32f0xx_hal_uart.o(.text.UART_Start_Receive_IT)
    __arm_cp.16_0                            0x0800387c   Number         4  stm32f0xx_hal_uart.o(.text.UART_Start_Receive_IT)
    __arm_cp.16_1                            0x08003880   Number         4  stm32f0xx_hal_uart.o(.text.UART_Start_Receive_IT)
    __arm_cp.16_2                            0x08003884   Number         4  stm32f0xx_hal_uart.o(.text.UART_Start_Receive_IT)
    [Anonymous Symbol]                       0x08003888   Section        0  stm32f0xx_hal_uart.o(.text.UART_WaitOnFlagUntilTimeout)
    [Anonymous Symbol]                       0x08003990   Section        0  stm32f0xx_it.o(.text.USART1_IRQHandler)
    __NVIC_DisableIRQ                        0x0800399d   Thumb Code    48  stm32f0xx_hal_cortex.o(.text.__NVIC_DisableIRQ)
    [Anonymous Symbol]                       0x0800399c   Section        0  stm32f0xx_hal_cortex.o(.text.__NVIC_DisableIRQ)
    __arm_cp.5_0                             0x080039cc   Number         4  stm32f0xx_hal_cortex.o(.text.__NVIC_DisableIRQ)
    __NVIC_EnableIRQ                         0x080039d1   Thumb Code    40  stm32f0xx_hal_cortex.o(.text.__NVIC_EnableIRQ)
    [Anonymous Symbol]                       0x080039d0   Section        0  stm32f0xx_hal_cortex.o(.text.__NVIC_EnableIRQ)
    __arm_cp.3_0                             0x080039f8   Number         4  stm32f0xx_hal_cortex.o(.text.__NVIC_EnableIRQ)
    __NVIC_SetPriority                       0x080039fd   Thumb Code   124  stm32f0xx_hal_cortex.o(.text.__NVIC_SetPriority)
    [Anonymous Symbol]                       0x080039fc   Section        0  stm32f0xx_hal_cortex.o(.text.__NVIC_SetPriority)
    __arm_cp.1_0                             0x08003a78   Number         4  stm32f0xx_hal_cortex.o(.text.__NVIC_SetPriority)
    __arm_cp.1_1                             0x08003a7c   Number         4  stm32f0xx_hal_cortex.o(.text.__NVIC_SetPriority)
    __NVIC_SystemReset                       0x08003a81   Thumb Code    20  stm32f0xx_hal_cortex.o(.text.__NVIC_SystemReset)
    [Anonymous Symbol]                       0x08003a80   Section        0  stm32f0xx_hal_cortex.o(.text.__NVIC_SystemReset)
    __arm_cp.7_0                             0x08003a94   Number         4  stm32f0xx_hal_cortex.o(.text.__NVIC_SystemReset)
    __arm_cp.7_1                             0x08003a98   Number         4  stm32f0xx_hal_cortex.o(.text.__NVIC_SystemReset)
    [Anonymous Symbol]                       0x08003a9c   Section        0  main.o(.text.main)
    __arm_cp.1_2                             0x08003bc0   Number         4  main.o(.text.main)
    __arm_cp.1_5                             0x08003bc4   Number         4  main.o(.text.main)
    __arm_cp.1_6                             0x08003bc8   Number         4  main.o(.text.main)
    [Anonymous Symbol]                       0x08003bcc   Section        0  main.o(.text.process_uart_command)
    __arm_cp.11_0                            0x08003d20   Number         4  main.o(.text.process_uart_command)
    __arm_cp.11_2                            0x08003d24   Number         4  main.o(.text.process_uart_command)
    __arm_cp.11_3                            0x08003d28   Number         4  main.o(.text.process_uart_command)
    __arm_cp.11_4                            0x08003d2c   Number         4  main.o(.text.process_uart_command)
    __arm_cp.11_5                            0x08003d30   Number         4  main.o(.text.process_uart_command)
    __arm_cp.11_6                            0x08003d34   Number         4  main.o(.text.process_uart_command)
    __arm_cp.11_7                            0x08003d38   Number         4  main.o(.text.process_uart_command)
    [Anonymous Symbol]                       0x08003d3c   Section        0  main.o(.text.ramp_update)
    __arm_cp.0_0                             0x08003d90   Number         4  main.o(.text.ramp_update)
    __arm_cp.0_1                             0x08003d94   Number         4  main.o(.text.ramp_update)
    __arm_cp.0_2                             0x08003d98   Number         4  main.o(.text.ramp_update)
    __arm_cp.0_3                             0x08003d9c   Number         4  main.o(.text.ramp_update)
    i.__scatterload_copy                     0x08003da0   Section       14  handlers.o(i.__scatterload_copy)
    i.__scatterload_null                     0x08003dae   Section        2  handlers.o(i.__scatterload_null)
    i.__scatterload_zeroinit                 0x08003db0   Section       14  handlers.o(i.__scatterload_zeroinit)
    HAL_RCC_GetSysClockFreq.aPLLMULFactorTable 0x08003dd6   Data          16  stm32f0xx_hal_rcc.o(.rodata.HAL_RCC_GetSysClockFreq.aPLLMULFactorTable)
    [Anonymous Symbol]                       0x08003dd6   Section        0  stm32f0xx_hal_rcc.o(.rodata.HAL_RCC_GetSysClockFreq.aPLLMULFactorTable)
    HAL_RCC_GetSysClockFreq.aPredivFactorTable 0x08003de6   Data          16  stm32f0xx_hal_rcc.o(.rodata.HAL_RCC_GetSysClockFreq.aPredivFactorTable)
    [Anonymous Symbol]                       0x08003de6   Section        0  stm32f0xx_hal_rcc.o(.rodata.HAL_RCC_GetSysClockFreq.aPredivFactorTable)
    STACK                                    0x20000150   Section     1024  startup_stm32f030x6.o(STACK)

    Global Symbols

    Symbol Name                              Value     Ov Type        Size  Object(Section)

    BuildAttributes$$THM_ISAv3M$S$PE$A:L22$X:L11$S22$IEEE1$IW$~IW$USESV6$~STKCKD$USESV7$~SHL$OSPACE$EBA8$MICROLIB$REQ8$PRES8$EABIv2 0x00000000   Number         0  anon$$obj.o ABSOLUTE
    __cpp_initialize__aeabi_                  - Undefined Weak Reference
    __cxa_finalize                            - Undefined Weak Reference
    __decompress                              - Undefined Weak Reference
    _clock_init                               - Undefined Weak Reference
    _microlib_exit                            - Undefined Weak Reference
    __Vectors_Size                           0x000000b0   Number         0  startup_stm32f030x6.o ABSOLUTE
    __Vectors                                0x08000000   Data           4  startup_stm32f030x6.o(RESET)
    __Vectors_End                            0x080000b0   Data           0  startup_stm32f030x6.o(RESET)
    __main                                   0x080000b1   Thumb Code     0  entry.o(.ARM.Collect$$$$00000000)
    _main_stk                                0x080000b1   Thumb Code     0  entry2.o(.ARM.Collect$$$$00000001)
    _main_scatterload                        0x080000b5   Thumb Code     0  entry5.o(.ARM.Collect$$$$00000004)
    __main_after_scatterload                 0x080000b9   Thumb Code     0  entry5.o(.ARM.Collect$$$$00000004)
    _main_clock                              0x080000b9   Thumb Code     0  entry7b.o(.ARM.Collect$$$$00000008)
    _main_cpp_init                           0x080000b9   Thumb Code     0  entry8b.o(.ARM.Collect$$$$0000000A)
    _main_init                               0x080000b9   Thumb Code     0  entry9a.o(.ARM.Collect$$$$0000000B)
    __rt_final_cpp                           0x080000c1   Thumb Code     0  entry10a.o(.ARM.Collect$$$$0000000D)
    __rt_final_exit                          0x080000c1   Thumb Code     0  entry11a.o(.ARM.Collect$$$$0000000F)
    Reset_Handler                            0x080000c5   Thumb Code     8  startup_stm32f030x6.o(.text)
    ADC1_IRQHandler                          0x080000d7   Thumb Code     0  startup_stm32f030x6.o(.text)
    DMA1_Channel1_IRQHandler                 0x080000d7   Thumb Code     0  startup_stm32f030x6.o(.text)
    DMA1_Channel2_3_IRQHandler               0x080000d7   Thumb Code     0  startup_stm32f030x6.o(.text)
    DMA1_Channel4_5_IRQHandler               0x080000d7   Thumb Code     0  startup_stm32f030x6.o(.text)
    EXTI0_1_IRQHandler                       0x080000d7   Thumb Code     0  startup_stm32f030x6.o(.text)
    EXTI2_3_IRQHandler                       0x080000d7   Thumb Code     0  startup_stm32f030x6.o(.text)
    FLASH_IRQHandler                         0x080000d7   Thumb Code     0  startup_stm32f030x6.o(.text)
    I2C1_IRQHandler                          0x080000d7   Thumb Code     0  startup_stm32f030x6.o(.text)
    RCC_IRQHandler                           0x080000d7   Thumb Code     0  startup_stm32f030x6.o(.text)
    RTC_IRQHandler                           0x080000d7   Thumb Code     0  startup_stm32f030x6.o(.text)
    SPI1_IRQHandler                          0x080000d7   Thumb Code     0  startup_stm32f030x6.o(.text)
    TIM16_IRQHandler                         0x080000d7   Thumb Code     0  startup_stm32f030x6.o(.text)
    TIM17_IRQHandler                         0x080000d7   Thumb Code     0  startup_stm32f030x6.o(.text)
    TIM1_BRK_UP_TRG_COM_IRQHandler           0x080000d7   Thumb Code     0  startup_stm32f030x6.o(.text)
    TIM1_CC_IRQHandler                       0x080000d7   Thumb Code     0  startup_stm32f030x6.o(.text)
    TIM3_IRQHandler                          0x080000d7   Thumb Code     0  startup_stm32f030x6.o(.text)
    WWDG_IRQHandler                          0x080000d7   Thumb Code     0  startup_stm32f030x6.o(.text)
    __aeabi_uldivmod                         0x080000e1   Thumb Code    96  uldiv.o(.text)
    __aeabi_lmul                             0x08000141   Thumb Code    48  llmul.o(.text)
    _ll_mul                                  0x08000141   Thumb Code     0  llmul.o(.text)
    __aeabi_llsr                             0x08000171   Thumb Code    34  llushr.o(.text)
    _ll_ushift_r                             0x08000171   Thumb Code     0  llushr.o(.text)
    __aeabi_memset                           0x08000193   Thumb Code    14  memseta.o(.text)
    __aeabi_memset4                          0x08000193   Thumb Code     0  memseta.o(.text)
    __aeabi_memset8                          0x08000193   Thumb Code     0  memseta.o(.text)
    __aeabi_memclr                           0x080001a1   Thumb Code     4  memseta.o(.text)
    __aeabi_memclr4                          0x080001a1   Thumb Code     0  memseta.o(.text)
    __aeabi_memclr8                          0x080001a1   Thumb Code     0  memseta.o(.text)
    _memset$wrapper                          0x080001a5   Thumb Code    18  memseta.o(.text)
    __aeabi_uidiv                            0x080001b7   Thumb Code     0  uidiv_div0.o(.text)
    __aeabi_uidivmod                         0x080001b7   Thumb Code    62  uidiv_div0.o(.text)
    __aeabi_llsl                             0x080001f5   Thumb Code    32  llshl.o(.text)
    _ll_shift_l                              0x080001f5   Thumb Code     0  llshl.o(.text)
    __scatterload                            0x08000215   Thumb Code    28  init.o(.text)
    __scatterload_rt2                        0x08000215   Thumb Code     0  init.o(.text)
    EXTI4_15_IRQHandler                      0x08000239   Thumb Code    10  stm32f0xx_it.o(.text.EXTI4_15_IRQHandler)
    Error_Handler                            0x08000245   Thumb Code    44  main.o(.text.Error_Handler)
    HAL_ADC_ConfigChannel                    0x0800027d   Thumb Code   544  stm32f0xx_hal_adc.o(.text.HAL_ADC_ConfigChannel)
    HAL_ADC_Init                             0x080004b5   Thumb Code   624  stm32f0xx_hal_adc.o(.text.HAL_ADC_Init)
    HAL_ADC_MspDeInit                        0x0800072d   Thumb Code    48  stm32f0xx_hal_msp.o(.text.HAL_ADC_MspDeInit)
    HAL_ADC_MspInit                          0x0800075d   Thumb Code   104  stm32f0xx_hal_msp.o(.text.HAL_ADC_MspInit)
    HAL_DMA_Abort                            0x080007d1   Thumb Code   114  stm32f0xx_hal_dma.o(.text.HAL_DMA_Abort)
    HAL_DMA_Abort_IT                         0x08000843   Thumb Code   120  stm32f0xx_hal_dma.o(.text.HAL_DMA_Abort_IT)
    HAL_DMA_GetError                         0x080008bb   Thumb Code    12  stm32f0xx_hal_dma.o(.text.HAL_DMA_GetError)
    HAL_DeInit                               0x080008c9   Thumb Code    40  stm32f0xx_hal.o(.text.HAL_DeInit)
    HAL_GPIO_DeInit                          0x080008fd   Thumb Code   352  stm32f0xx_hal_gpio.o(.text.HAL_GPIO_DeInit)
    HAL_GPIO_EXTI_Callback                   0x08000a7d   Thumb Code   100  main.o(.text.HAL_GPIO_EXTI_Callback)
    HAL_GPIO_EXTI_IRQHandler                 0x08000aed   Thumb Code    40  stm32f0xx_hal_gpio.o(.text.HAL_GPIO_EXTI_IRQHandler)
    HAL_GPIO_Init                            0x08000b19   Thumb Code   708  stm32f0xx_hal_gpio.o(.text.HAL_GPIO_Init)
    HAL_GPIO_ReadPin                         0x08000dfd   Thumb Code    50  stm32f0xx_hal_gpio.o(.text.HAL_GPIO_ReadPin)
    HAL_GPIO_WritePin                        0x08000e2f   Thumb Code    44  stm32f0xx_hal_gpio.o(.text.HAL_GPIO_WritePin)
    HAL_GetTick                              0x08000e5d   Thumb Code     8  stm32f0xx_hal.o(.text.HAL_GetTick)
    HAL_IncTick                              0x08000e65   Thumb Code    16  stm32f0xx_hal.o(.text.HAL_IncTick)
    HAL_Init                                 0x08000e79   Thumb Code    28  stm32f0xx_hal.o(.text.HAL_Init)
    HAL_InitTick                             0x08000e99   Thumb Code   100  stm32f0xx_hal.o(.text.HAL_InitTick)
    HAL_MspDeInit                            0x08000f09   Thumb Code     2  stm32f0xx_hal.o(.text.HAL_MspDeInit)
    HAL_MspInit                              0x08000f0d   Thumb Code    52  stm32f0xx_hal_msp.o(.text.HAL_MspInit)
    HAL_NVIC_DisableIRQ                      0x08000f45   Thumb Code    22  stm32f0xx_hal_cortex.o(.text.HAL_NVIC_DisableIRQ)
    HAL_NVIC_EnableIRQ                       0x08000f5b   Thumb Code    22  stm32f0xx_hal_cortex.o(.text.HAL_NVIC_EnableIRQ)
    HAL_NVIC_SetPriority                     0x08000f71   Thumb Code    28  stm32f0xx_hal_cortex.o(.text.HAL_NVIC_SetPriority)
    HAL_NVIC_SystemReset                     0x08000f8d   Thumb Code     4  stm32f0xx_hal_cortex.o(.text.HAL_NVIC_SystemReset)
    HAL_RCCEx_PeriphCLKConfig                0x08000f91   Thumb Code   396  stm32f0xx_hal_rcc_ex.o(.text.HAL_RCCEx_PeriphCLKConfig)
    HAL_RCC_ClockConfig                      0x0800112d   Thumb Code   432  stm32f0xx_hal_rcc.o(.text.HAL_RCC_ClockConfig)
    HAL_RCC_GetHCLKFreq                      0x080012ed   Thumb Code     8  stm32f0xx_hal_rcc.o(.text.HAL_RCC_GetHCLKFreq)
    HAL_RCC_GetPCLK1Freq                     0x080012f9   Thumb Code    28  stm32f0xx_hal_rcc.o(.text.HAL_RCC_GetPCLK1Freq)
    HAL_RCC_GetSysClockFreq                  0x08001319   Thumb Code   152  stm32f0xx_hal_rcc.o(.text.HAL_RCC_GetSysClockFreq)
    HAL_RCC_OscConfig                        0x080013c9   Thumb Code  1676  stm32f0xx_hal_rcc.o(.text.HAL_RCC_OscConfig)
    HAL_SYSTICK_Config                       0x08001a79   Thumb Code    16  stm32f0xx_hal_cortex.o(.text.HAL_SYSTICK_Config)
    HAL_TIMEx_BreakCallback                  0x08001a89   Thumb Code     8  stm32f0xx_hal_tim_ex.o(.text.HAL_TIMEx_BreakCallback)
    HAL_TIMEx_CommutCallback                 0x08001a91   Thumb Code     8  stm32f0xx_hal_tim_ex.o(.text.HAL_TIMEx_CommutCallback)
    HAL_TIM_Base_Init                        0x08001a99   Thumb Code   158  stm32f0xx_hal_tim.o(.text.HAL_TIM_Base_Init)
    HAL_TIM_Base_MspDeInit                   0x08001b39   Thumb Code    44  stm32f0xx_hal_msp.o(.text.HAL_TIM_Base_MspDeInit)
    HAL_TIM_Base_MspInit                     0x08001b65   Thumb Code    68  stm32f0xx_hal_msp.o(.text.HAL_TIM_Base_MspInit)
    HAL_TIM_Base_Start_IT                    0x08001bad   Thumb Code   136  stm32f0xx_hal_tim.o(.text.HAL_TIM_Base_Start_IT)
    HAL_TIM_Base_Stop_IT                     0x08001c3d   Thumb Code    80  stm32f0xx_hal_tim.o(.text.HAL_TIM_Base_Stop_IT)
    HAL_TIM_IC_CaptureCallback               0x08001c95   Thumb Code     8  stm32f0xx_hal_tim.o(.text.HAL_TIM_IC_CaptureCallback)
    HAL_TIM_IRQHandler                       0x08001c9d   Thumb Code   550  stm32f0xx_hal_tim.o(.text.HAL_TIM_IRQHandler)
    HAL_TIM_OC_DelayElapsedCallback          0x08001ec3   Thumb Code     8  stm32f0xx_hal_tim.o(.text.HAL_TIM_OC_DelayElapsedCallback)
    HAL_TIM_PWM_PulseFinishedCallback        0x08001ecb   Thumb Code     8  stm32f0xx_hal_tim.o(.text.HAL_TIM_PWM_PulseFinishedCallback)
    HAL_TIM_PeriodElapsedCallback            0x08001ed5   Thumb Code    60  main.o(.text.HAL_TIM_PeriodElapsedCallback)
    HAL_TIM_TriggerCallback                  0x08001f1d   Thumb Code     8  stm32f0xx_hal_tim.o(.text.HAL_TIM_TriggerCallback)
    HAL_UARTEx_RxEventCallback               0x08001f25   Thumb Code    12  stm32f0xx_hal_uart.o(.text.HAL_UARTEx_RxEventCallback)
    HAL_UART_AbortReceive                    0x08001f31   Thumb Code   338  stm32f0xx_hal_uart.o(.text.HAL_UART_AbortReceive)
    HAL_UART_ErrorCallback                   0x08002085   Thumb Code    80  main.o(.text.HAL_UART_ErrorCallback)
    HAL_UART_IRQHandler                      0x080020e1   Thumb Code  1252  stm32f0xx_hal_uart.o(.text.HAL_UART_IRQHandler)
    HAL_UART_Init                            0x080025c9   Thumb Code   174  stm32f0xx_hal_uart.o(.text.HAL_UART_Init)
    HAL_UART_MspDeInit                       0x08002679   Thumb Code    52  stm32f0xx_hal_msp.o(.text.HAL_UART_MspDeInit)
    HAL_UART_MspInit                         0x080026ad   Thumb Code   136  stm32f0xx_hal_msp.o(.text.HAL_UART_MspInit)
    HAL_UART_Receive_IT                      0x0800273d   Thumb Code   198  stm32f0xx_hal_uart.o(.text.HAL_UART_Receive_IT)
    HAL_UART_RxCpltCallback                  0x08002805   Thumb Code   136  main.o(.text.HAL_UART_RxCpltCallback)
    HAL_UART_Transmit                        0x08002899   Thumb Code   352  stm32f0xx_hal_uart.o(.text.HAL_UART_Transmit)
    HAL_UART_TxCpltCallback                  0x080029fd   Thumb Code     8  main.o(.text.HAL_UART_TxCpltCallback)
    HardFault_Handler                        0x08002a05   Thumb Code     4  stm32f0xx_it.o(.text.HardFault_Handler)
    NMI_Handler                              0x08002be9   Thumb Code     4  stm32f0xx_it.o(.text.NMI_Handler)
    PendSV_Handler                           0x08002bed   Thumb Code     2  stm32f0xx_it.o(.text.PendSV_Handler)
    SVC_Handler                              0x08002bef   Thumb Code     2  stm32f0xx_it.o(.text.SVC_Handler)
    SysTick_Handler                          0x08002c41   Thumb Code     8  stm32f0xx_it.o(.text.SysTick_Handler)
    SystemClock_Config                       0x08002c49   Thumb Code   148  main.o(.text.SystemClock_Config)
    SystemInit                               0x08002cdd   Thumb Code     2  system_stm32f0xx.o(.text.SystemInit)
    TIM14_IRQHandler                         0x08002ce1   Thumb Code    12  stm32f0xx_it.o(.text.TIM14_IRQHandler)
    TIM_Base_SetConfig                       0x08002cf1   Thumb Code   236  stm32f0xx_hal_tim.o(.text.TIM_Base_SetConfig)
    UART_AdvFeatureConfig                    0x08002df1   Thumb Code   346  stm32f0xx_hal_uart.o(.text.UART_AdvFeatureConfig)
    UART_CheckIdleState                      0x08002f4d   Thumb Code   344  stm32f0xx_hal_uart.o(.text.UART_CheckIdleState)
    UART_SetConfig                           0x080034c9   Thumb Code   580  stm32f0xx_hal_uart.o(.text.UART_SetConfig)
    UART_Start_Receive_IT                    0x08003719   Thumb Code   356  stm32f0xx_hal_uart.o(.text.UART_Start_Receive_IT)
    UART_WaitOnFlagUntilTimeout              0x08003889   Thumb Code   264  stm32f0xx_hal_uart.o(.text.UART_WaitOnFlagUntilTimeout)
    USART1_IRQHandler                        0x08003991   Thumb Code    12  stm32f0xx_it.o(.text.USART1_IRQHandler)
    main                                     0x08003a9d   Thumb Code   292  main.o(.text.main)
    process_uart_command                     0x08003bcd   Thumb Code   340  main.o(.text.process_uart_command)
    ramp_update                              0x08003d3d   Thumb Code    84  main.o(.text.ramp_update)
    __scatterload_copy                       0x08003da1   Thumb Code    14  handlers.o(i.__scatterload_copy)
    __scatterload_null                       0x08003daf   Thumb Code     2  handlers.o(i.__scatterload_null)
    __scatterload_zeroinit                   0x08003db1   Thumb Code    14  handlers.o(i.__scatterload_zeroinit)
    AHBPrescTable                            0x08003dbe   Data          16  system_stm32f0xx.o(.rodata.AHBPrescTable)
    APBPrescTable                            0x08003dce   Data           8  system_stm32f0xx.o(.rodata.APBPrescTable)
    Region$$Table$$Base                      0x08003df8   Number         0  anon$$obj.o(Region$$Table)
    Region$$Table$$Limit                     0x08003e18   Number         0  anon$$obj.o(Region$$Table)
    SystemCoreClock                          0x20000000   Data           4  system_stm32f0xx.o(.data.SystemCoreClock)
    dimmer_value                             0x20000004   Data           2  main.o(.data.dimmer_value)
    ramp_step                                0x20000008   Data           4  main.o(.data.ramp_step)
    uwTickFreq                               0x2000000c   Data           1  stm32f0xx_hal.o(.data.uwTickFreq)
    uwTickPrio                               0x20000010   Data           4  stm32f0xx_hal.o(.data.uwTickPrio)
    current                                  0x20000018   Data           2  main.o(.bss.current)
    dimmer_address                           0x2000001a   Data           1  main.o(.bss.dimmer_address)
    dimmer_current_limit                     0x2000001b   Data           1  main.o(.bss.dimmer_current_limit)
    dimmer_new_value                         0x2000001c   Data           2  main.o(.bss.dimmer_new_value)
    dimmer_ramp                              0x2000001e   Data           1  main.o(.bss.dimmer_ramp)
    dimmer_state                             0x2000001f   Data           1  main.o(.bss.dimmer_state)
    dimmer_temp_limit                        0x20000020   Data           1  main.o(.bss.dimmer_temp_limit)
    hadc                                     0x20000024   Data          64  main.o(.bss.hadc)
    htim14                                   0x20000064   Data          72  main.o(.bss.htim14)
    huart1                                   0x200000ac   Data         136  main.o(.bss.huart1)
    last_ramp_tick                           0x20000134   Data           4  main.o(.bss.last_ramp_tick)
    mosfet_on                                0x20000138   Data           1  main.o(.bss.mosfet_on)
    rx_byte                                  0x20000139   Data           1  main.o(.bss.rx_byte)
    rxcnt                                    0x2000013a   Data           1  main.o(.bss.rxcnt)
    temperature                              0x2000013c   Data           2  main.o(.bss.temperature)
    uart_rx_buffer                           0x2000013e   Data           8  main.o(.bss.uart_rx_buffer)
    uwTick                                   0x20000148   Data           4  stm32f0xx_hal.o(.bss.uwTick)
    __initial_sp                             0x20000550   Data           0  startup_stm32f030x6.o(STACK)



==============================================================================

Memory Map of the image

  Image Entry point : 0x080000b1

  Load Region LR_IROM1 (Base: 0x08000000, Size: 0x00003e30, Max: 0x00004000, ABSOLUTE)

    Execution Region ER_IROM1 (Exec base: 0x08000000, Load base: 0x08000000, Size: 0x00003e18, Max: 0x00004000, ABSOLUTE)

    Exec Addr    Load Addr    Size         Type   Attr      Idx    E Section Name        Object

    0x08000000   0x08000000   0x000000b0   Data   RO            3    RESET               startup_stm32f030x6.o
    0x080000b0   0x080000b0   0x00000000   Code   RO         1226  * .ARM.Collect$$$$00000000  mc_p.l(entry.o)
    0x080000b0   0x080000b0   0x00000004   Code   RO         1241    .ARM.Collect$$$$00000001  mc_p.l(entry2.o)
    0x080000b4   0x080000b4   0x00000004   Code   RO         1244    .ARM.Collect$$$$00000004  mc_p.l(entry5.o)
    0x080000b8   0x080000b8   0x00000000   Code   RO         1246    .ARM.Collect$$$$00000008  mc_p.l(entry7b.o)
    0x080000b8   0x080000b8   0x00000000   Code   RO         1248    .ARM.Collect$$$$0000000A  mc_p.l(entry8b.o)
    0x080000b8   0x080000b8   0x00000008   Code   RO         1249    .ARM.Collect$$$$0000000B  mc_p.l(entry9a.o)
    0x080000c0   0x080000c0   0x00000000   Code   RO         1251    .ARM.Collect$$$$0000000D  mc_p.l(entry10a.o)
    0x080000c0   0x080000c0   0x00000000   Code   RO         1253    .ARM.Collect$$$$0000000F  mc_p.l(entry11a.o)
    0x080000c0   0x080000c0   0x00000004   Code   RO         1242    .ARM.Collect$$$$00002712  mc_p.l(entry2.o)
    0x080000c4   0x080000c4   0x0000001c   Code   RO            4    .text               startup_stm32f030x6.o
    0x080000e0   0x080000e0   0x00000060   Code   RO         1233    .text               mc_p.l(uldiv.o)
    0x08000140   0x08000140   0x00000030   Code   RO         1235    .text               mc_p.l(llmul.o)
    0x08000170   0x08000170   0x00000022   Code   RO         1237    .text               mc_p.l(llushr.o)
    0x08000192   0x08000192   0x00000024   Code   RO         1239    .text               mc_p.l(memseta.o)
    0x080001b6   0x080001b6   0x0000003e   Code   RO         1257    .text               mc_p.l(uidiv_div0.o)
    0x080001f4   0x080001f4   0x00000020   Code   RO         1263    .text               mc_p.l(llshl.o)
    0x08000214   0x08000214   0x00000024   Code   RO         1265    .text               mc_p.l(init.o)
    0x08000238   0x08000238   0x0000000a   Code   RO           80    .text.EXTI4_15_IRQHandler  stm32f0xx_it.o
    0x08000242   0x08000242   0x00000002   PAD
    0x08000244   0x08000244   0x00000038   Code   RO           27    .text.Error_Handler  main.o
    0x0800027c   0x0800027c   0x00000238   Code   RO          162    .text.HAL_ADC_ConfigChannel  stm32f0xx_hal_adc.o
    0x080004b4   0x080004b4   0x00000278   Code   RO          114    .text.HAL_ADC_Init  stm32f0xx_hal_adc.o
    0x0800072c   0x0800072c   0x00000030   Code   RO           97    .text.HAL_ADC_MspDeInit  stm32f0xx_hal_msp.o
    0x0800075c   0x0800075c   0x00000074   Code   RO           95    .text.HAL_ADC_MspInit  stm32f0xx_hal_msp.o
    0x080007d0   0x080007d0   0x00000072   Code   RO          508    .text.HAL_DMA_Abort  stm32f0xx_hal_dma.o
    0x08000842   0x08000842   0x00000078   Code   RO          510    .text.HAL_DMA_Abort_IT  stm32f0xx_hal_dma.o
    0x080008ba   0x080008ba   0x0000000c   Code   RO          522    .text.HAL_DMA_GetError  stm32f0xx_hal_dma.o
    0x080008c6   0x080008c6   0x00000002   PAD
    0x080008c8   0x080008c8   0x00000034   Code   RO          239    .text.HAL_DeInit    stm32f0xx_hal.o
    0x080008fc   0x080008fc   0x00000180   Code   RO          475    .text.HAL_GPIO_DeInit  stm32f0xx_hal_gpio.o
    0x08000a7c   0x08000a7c   0x00000070   Code   RO           31    .text.HAL_GPIO_EXTI_Callback  main.o
    0x08000aec   0x08000aec   0x0000002c   Code   RO          485    .text.HAL_GPIO_EXTI_IRQHandler  stm32f0xx_hal_gpio.o
    0x08000b18   0x08000b18   0x000002e4   Code   RO          473    .text.HAL_GPIO_Init  stm32f0xx_hal_gpio.o
    0x08000dfc   0x08000dfc   0x00000032   Code   RO          477    .text.HAL_GPIO_ReadPin  stm32f0xx_hal_gpio.o
    0x08000e2e   0x08000e2e   0x0000002c   Code   RO          479    .text.HAL_GPIO_WritePin  stm32f0xx_hal_gpio.o
    0x08000e5a   0x08000e5a   0x00000002   PAD
    0x08000e5c   0x08000e5c   0x00000008   Code   RO          245    .text.HAL_GetTick   stm32f0xx_hal.o
    0x08000e64   0x08000e64   0x00000014   Code   RO          243    .text.HAL_IncTick   stm32f0xx_hal.o
    0x08000e78   0x08000e78   0x00000020   Code   RO          233    .text.HAL_Init      stm32f0xx_hal.o
    0x08000e98   0x08000e98   0x00000070   Code   RO          235    .text.HAL_InitTick  stm32f0xx_hal.o
    0x08000f08   0x08000f08   0x00000002   Code   RO          241    .text.HAL_MspDeInit  stm32f0xx_hal.o
    0x08000f0a   0x08000f0a   0x00000002   PAD
    0x08000f0c   0x08000f0c   0x00000038   Code   RO           93    .text.HAL_MspInit   stm32f0xx_hal_msp.o
    0x08000f44   0x08000f44   0x00000016   Code   RO          539    .text.HAL_NVIC_DisableIRQ  stm32f0xx_hal_cortex.o
    0x08000f5a   0x08000f5a   0x00000016   Code   RO          535    .text.HAL_NVIC_EnableIRQ  stm32f0xx_hal_cortex.o
    0x08000f70   0x08000f70   0x0000001c   Code   RO          531    .text.HAL_NVIC_SetPriority  stm32f0xx_hal_cortex.o
    0x08000f8c   0x08000f8c   0x00000004   Code   RO          543    .text.HAL_NVIC_SystemReset  stm32f0xx_hal_cortex.o
    0x08000f90   0x08000f90   0x0000019c   Code   RO          220    .text.HAL_RCCEx_PeriphCLKConfig  stm32f0xx_hal_rcc_ex.o
    0x0800112c   0x0800112c   0x000001c0   Code   RO          189    .text.HAL_RCC_ClockConfig  stm32f0xx_hal_rcc.o
    0x080012ec   0x080012ec   0x0000000c   Code   RO          199    .text.HAL_RCC_GetHCLKFreq  stm32f0xx_hal_rcc.o
    0x080012f8   0x080012f8   0x00000020   Code   RO          201    .text.HAL_RCC_GetPCLK1Freq  stm32f0xx_hal_rcc.o
    0x08001318   0x08001318   0x000000b0   Code   RO          191    .text.HAL_RCC_GetSysClockFreq  stm32f0xx_hal_rcc.o
    0x080013c8   0x080013c8   0x000006b0   Code   RO          187    .text.HAL_RCC_OscConfig  stm32f0xx_hal_rcc.o
    0x08001a78   0x08001a78   0x00000010   Code   RO          547    .text.HAL_SYSTICK_Config  stm32f0xx_hal_cortex.o
    0x08001a88   0x08001a88   0x00000008   Code   RO         1046    .text.HAL_TIMEx_BreakCallback  stm32f0xx_hal_tim_ex.o
    0x08001a90   0x08001a90   0x00000008   Code   RO         1042    .text.HAL_TIMEx_CommutCallback  stm32f0xx_hal_tim_ex.o
    0x08001a98   0x08001a98   0x0000009e   Code   RO          723    .text.HAL_TIM_Base_Init  stm32f0xx_hal_tim.o
    0x08001b36   0x08001b36   0x00000002   PAD
    0x08001b38   0x08001b38   0x0000002c   Code   RO          101    .text.HAL_TIM_Base_MspDeInit  stm32f0xx_hal_msp.o
    0x08001b64   0x08001b64   0x00000048   Code   RO           99    .text.HAL_TIM_Base_MspInit  stm32f0xx_hal_msp.o
    0x08001bac   0x08001bac   0x00000090   Code   RO          737    .text.HAL_TIM_Base_Start_IT  stm32f0xx_hal_tim.o
    0x08001c3c   0x08001c3c   0x00000058   Code   RO          739    .text.HAL_TIM_Base_Stop_IT  stm32f0xx_hal_tim.o
    0x08001c94   0x08001c94   0x00000008   Code   RO          859    .text.HAL_TIM_IC_CaptureCallback  stm32f0xx_hal_tim.o
    0x08001c9c   0x08001c9c   0x00000226   Code   RO          857    .text.HAL_TIM_IRQHandler  stm32f0xx_hal_tim.o
    0x08001ec2   0x08001ec2   0x00000008   Code   RO          861    .text.HAL_TIM_OC_DelayElapsedCallback  stm32f0xx_hal_tim.o
    0x08001eca   0x08001eca   0x00000008   Code   RO          863    .text.HAL_TIM_PWM_PulseFinishedCallback  stm32f0xx_hal_tim.o
    0x08001ed2   0x08001ed2   0x00000002   PAD
    0x08001ed4   0x08001ed4   0x00000048   Code   RO           29    .text.HAL_TIM_PeriodElapsedCallback  main.o
    0x08001f1c   0x08001f1c   0x00000008   Code   RO          867    .text.HAL_TIM_TriggerCallback  stm32f0xx_hal_tim.o
    0x08001f24   0x08001f24   0x0000000c   Code   RO         1147    .text.HAL_UARTEx_RxEventCallback  stm32f0xx_hal_uart.o
    0x08001f30   0x08001f30   0x00000152   Code   RO         1119    .text.HAL_UART_AbortReceive  stm32f0xx_hal_uart.o
    0x08002082   0x08002082   0x00000002   PAD
    0x08002084   0x08002084   0x0000005c   Code   RO           39    .text.HAL_UART_ErrorCallback  main.o
    0x080020e0   0x080020e0   0x000004e8   Code   RO         1141    .text.HAL_UART_IRQHandler  stm32f0xx_hal_uart.o
    0x080025c8   0x080025c8   0x000000ae   Code   RO         1059    .text.HAL_UART_Init  stm32f0xx_hal_uart.o
    0x08002676   0x08002676   0x00000002   PAD
    0x08002678   0x08002678   0x00000034   Code   RO          105    .text.HAL_UART_MspDeInit  stm32f0xx_hal_msp.o
    0x080026ac   0x080026ac   0x00000090   Code   RO          103    .text.HAL_UART_MspInit  stm32f0xx_hal_msp.o
    0x0800273c   0x0800273c   0x000000c6   Code   RO         1089    .text.HAL_UART_Receive_IT  stm32f0xx_hal_uart.o
    0x08002802   0x08002802   0x00000002   PAD
    0x08002804   0x08002804   0x00000094   Code   RO           35    .text.HAL_UART_RxCpltCallback  main.o
    0x08002898   0x08002898   0x00000164   Code   RO         1077    .text.HAL_UART_Transmit  stm32f0xx_hal_uart.o
    0x080029fc   0x080029fc   0x00000008   Code   RO           37    .text.HAL_UART_TxCpltCallback  main.o
    0x08002a04   0x08002a04   0x00000004   Code   RO           72    .text.HardFault_Handler  stm32f0xx_it.o
    0x08002a08   0x08002a08   0x00000090   Code   RO           21    .text.MX_ADC_Init   main.o
    0x08002a98   0x08002a98   0x000000cc   Code   RO           17    .text.MX_GPIO_Init  main.o
    0x08002b64   0x08002b64   0x00000002   Code   RO           23    .text.MX_IWDG_Init  main.o
    0x08002b66   0x08002b66   0x00000002   PAD
    0x08002b68   0x08002b68   0x00000030   Code   RO           25    .text.MX_TIM14_Init  main.o
    0x08002b98   0x08002b98   0x00000050   Code   RO           19    .text.MX_USART1_UART_Init  main.o
    0x08002be8   0x08002be8   0x00000004   Code   RO           70    .text.NMI_Handler   stm32f0xx_it.o
    0x08002bec   0x08002bec   0x00000002   Code   RO           76    .text.PendSV_Handler  stm32f0xx_it.o
    0x08002bee   0x08002bee   0x00000002   Code   RO           74    .text.SVC_Handler   stm32f0xx_it.o
    0x08002bf0   0x08002bf0   0x00000050   Code   RO          549    .text.SysTick_Config  stm32f0xx_hal_cortex.o
    0x08002c40   0x08002c40   0x00000008   Code   RO           78    .text.SysTick_Handler  stm32f0xx_it.o
    0x08002c48   0x08002c48   0x00000094   Code   RO           15    .text.SystemClock_Config  main.o
    0x08002cdc   0x08002cdc   0x00000002   Code   RO         1213    .text.SystemInit    system_stm32f0xx.o
    0x08002cde   0x08002cde   0x00000002   PAD
    0x08002ce0   0x08002ce0   0x00000010   Code   RO           82    .text.TIM14_IRQHandler  stm32f0xx_it.o
    0x08002cf0   0x08002cf0   0x00000100   Code   RO          727    .text.TIM_Base_SetConfig  stm32f0xx_hal_tim.o
    0x08002df0   0x08002df0   0x0000015a   Code   RO         1063    .text.UART_AdvFeatureConfig  stm32f0xx_hal_uart.o
    0x08002f4a   0x08002f4a   0x00000002   PAD
    0x08002f4c   0x08002f4c   0x0000015c   Code   RO         1067    .text.UART_CheckIdleState  stm32f0xx_hal_uart.o
    0x080030a8   0x080030a8   0x00000024   Code   RO         1143    .text.UART_DMAAbortOnError  stm32f0xx_hal_uart.o
    0x080030cc   0x080030cc   0x000000b0   Code   RO         1113    .text.UART_EndRxTransfer  stm32f0xx_hal_uart.o
    0x0800317c   0x0800317c   0x0000004a   Code   RO         1149    .text.UART_EndTransmit_IT  stm32f0xx_hal_uart.o
    0x080031c6   0x080031c6   0x00000182   Code   RO         1179    .text.UART_RxISR_16BIT  stm32f0xx_hal_uart.o
    0x08003348   0x08003348   0x0000017e   Code   RO         1181    .text.UART_RxISR_8BIT  stm32f0xx_hal_uart.o
    0x080034c6   0x080034c6   0x00000002   PAD
    0x080034c8   0x080034c8   0x00000250   Code   RO         1065    .text.UART_SetConfig  stm32f0xx_hal_uart.o
    0x08003718   0x08003718   0x00000170   Code   RO         1091    .text.UART_Start_Receive_IT  stm32f0xx_hal_uart.o
    0x08003888   0x08003888   0x00000108   Code   RO         1079    .text.UART_WaitOnFlagUntilTimeout  stm32f0xx_hal_uart.o
    0x08003990   0x08003990   0x0000000c   Code   RO           84    .text.USART1_IRQHandler  stm32f0xx_it.o
    0x0800399c   0x0800399c   0x00000034   Code   RO          541    .text.__NVIC_DisableIRQ  stm32f0xx_hal_cortex.o
    0x080039d0   0x080039d0   0x0000002c   Code   RO          537    .text.__NVIC_EnableIRQ  stm32f0xx_hal_cortex.o
    0x080039fc   0x080039fc   0x00000084   Code   RO          533    .text.__NVIC_SetPriority  stm32f0xx_hal_cortex.o
    0x08003a80   0x08003a80   0x0000001c   Code   RO          545    .text.__NVIC_SystemReset  stm32f0xx_hal_cortex.o
    0x08003a9c   0x08003a9c   0x00000130   Code   RO           13    .text.main          main.o
    0x08003bcc   0x08003bcc   0x00000170   Code   RO           33    .text.process_uart_command  main.o
    0x08003d3c   0x08003d3c   0x00000064   Code   RO           11    .text.ramp_update   main.o
    0x08003da0   0x08003da0   0x0000000e   Code   RO         1269    i.__scatterload_copy  mc_p.l(handlers.o)
    0x08003dae   0x08003dae   0x00000002   Code   RO         1270    i.__scatterload_null  mc_p.l(handlers.o)
    0x08003db0   0x08003db0   0x0000000e   Code   RO         1271    i.__scatterload_zeroinit  mc_p.l(handlers.o)
    0x08003dbe   0x08003dbe   0x00000010   Data   RO         1218    .rodata.AHBPrescTable  system_stm32f0xx.o
    0x08003dce   0x08003dce   0x00000008   Data   RO         1219    .rodata.APBPrescTable  system_stm32f0xx.o
    0x08003dd6   0x08003dd6   0x00000010   Data   RO          211    .rodata.HAL_RCC_GetSysClockFreq.aPLLMULFactorTable  stm32f0xx_hal_rcc.o
    0x08003de6   0x08003de6   0x00000010   Data   RO          212    .rodata.HAL_RCC_GetSysClockFreq.aPredivFactorTable  stm32f0xx_hal_rcc.o
    0x08003df6   0x08003df6   0x00000002   PAD
    0x08003df8   0x08003df8   0x00000020   Data   RO         1268    Region$$Table       anon$$obj.o


    Execution Region RW_IRAM1 (Exec base: 0x20000000, Load base: 0x08003e18, Size: 0x00000550, Max: 0x00001000, ABSOLUTE)

    Exec Addr    Load Addr    Size         Type   Attr      Idx    E Section Name        Object

    0x20000000   0x08003e18   0x00000004   Data   RW         1217    .data.SystemCoreClock  system_stm32f0xx.o
    0x20000004   0x08003e1c   0x00000002   Data   RW           50    .data.dimmer_value  main.o
    0x20000006   0x08003e1e   0x00000002   PAD
    0x20000008   0x08003e20   0x00000004   Data   RW           49    .data.ramp_step     main.o
    0x2000000c   0x08003e24   0x00000001   Data   RW          280    .data.uwTickFreq    stm32f0xx_hal.o
    0x2000000d   0x08003e25   0x00000003   PAD
    0x20000010   0x08003e28   0x00000004   Data   RW          279    .data.uwTickPrio    stm32f0xx_hal.o
    0x20000014   0x08003e2c   0x00000004   PAD
    0x20000018        -       0x00000002   Zero   RW           45    .bss.current        main.o
    0x2000001a        -       0x00000001   Zero   RW           42    .bss.dimmer_address  main.o
    0x2000001b        -       0x00000001   Zero   RW           54    .bss.dimmer_current_limit  main.o
    0x2000001c        -       0x00000002   Zero   RW           47    .bss.dimmer_new_value  main.o
    0x2000001e        -       0x00000001   Zero   RW           56    .bss.dimmer_ramp    main.o
    0x2000001f        -       0x00000001   Zero   RW           41    .bss.dimmer_state   main.o
    0x20000020        -       0x00000001   Zero   RW           55    .bss.dimmer_temp_limit  main.o
    0x20000021   0x08003e2c   0x00000003   PAD
    0x20000024        -       0x00000040   Zero   RW           59    .bss.hadc           main.o
    0x20000064        -       0x00000048   Zero   RW           52    .bss.htim14         main.o
    0x200000ac        -       0x00000088   Zero   RW           57    .bss.huart1         main.o
    0x20000134        -       0x00000004   Zero   RW           48    .bss.last_ramp_tick  main.o
    0x20000138        -       0x00000001   Zero   RW           51    .bss.mosfet_on      main.o
    0x20000139        -       0x00000001   Zero   RW           58    .bss.rx_byte        main.o
    0x2000013a        -       0x00000001   Zero   RW           43    .bss.rxcnt          main.o
    0x2000013b   0x08003e2c   0x00000001   PAD
    0x2000013c        -       0x00000002   Zero   RW           44    .bss.temperature    main.o
    0x2000013e        -       0x00000008   Zero   RW           53    .bss.uart_rx_buffer  main.o
    0x20000146   0x08003e2c   0x00000002   PAD
    0x20000148        -       0x00000004   Zero   RW          281    .bss.uwTick         stm32f0xx_hal.o
    0x2000014c   0x08003e2c   0x00000004   PAD
    0x20000150        -       0x00000400   Zero   RW            1    STACK               startup_stm32f030x6.o


==============================================================================

Image component sizes


      Code (inc. data)   RO Data    RW Data    ZI Data      Debug   Object Name

      1886        212          0          6        298      12157   main.o
        28          8        176          0       1024        624   startup_stm32f030x6.o
       226         32          0          5          4       5010   stm32f0xx_hal.o
      1200         32          0          0          0       9991   stm32f0xx_hal_adc.o
       428         36          0          0          0       5001   stm32f0xx_hal_cortex.o
       246          0          0          0          0       6294   stm32f0xx_hal_dma.o
      1262         68          0          0          0       4494   stm32f0xx_hal_gpio.o
       532         28          0          0          0       8202   stm32f0xx_hal_msp.o
      2380         96         32          0          0       7481   stm32f0xx_hal_rcc.o
       412         16          0          0          0       2916   stm32f0xx_hal_rcc_ex.o
      1228         36          0          0          0      37048   stm32f0xx_hal_tim.o
        16          0          0          0          0      15479   stm32f0xx_hal_tim_ex.o
      5306        132          0          0          0      33614   stm32f0xx_hal_uart.o
        58          4          0          0          0       1122   stm32f0xx_it.o
         2          0         24          4          0       1600   system_stm32f0xx.o

    ----------------------------------------------------------------------
     15236        700        266         20       1340     151033   Object Totals
         0          0         32          0          0          0   (incl. Generated)
        26          0          2          5         14          0   (incl. Padding)

    ----------------------------------------------------------------------

      Code (inc. data)   RO Data    RW Data    ZI Data      Debug   Library Member Name

         0          0          0          0          0          0   entry.o
         0          0          0          0          0          0   entry10a.o
         0          0          0          0          0          0   entry11a.o
         8          4          0          0          0          0   entry2.o
         4          0          0          0          0          0   entry5.o
         0          0          0          0          0          0   entry7b.o
         0          0          0          0          0          0   entry8b.o
         8          4          0          0          0          0   entry9a.o
        30          0          0          0          0          0   handlers.o
        36          8          0          0          0         68   init.o
        48          0          0          0          0         72   llmul.o
        32          0          0          0          0         68   llshl.o
        34          0          0          0          0         68   llushr.o
        36          0          0          0          0        100   memseta.o
        62          0          0          0          0         72   uidiv_div0.o
        96          0          0          0          0         84   uldiv.o

    ----------------------------------------------------------------------
       394         16          0          0          0        532   Library Totals
         0          0          0          0          0          0   (incl. Padding)

    ----------------------------------------------------------------------

      Code (inc. data)   RO Data    RW Data    ZI Data      Debug   Library Name

       394         16          0          0          0        532   mc_p.l

    ----------------------------------------------------------------------
       394         16          0          0          0        532   Library Totals

    ----------------------------------------------------------------------

==============================================================================


      Code (inc. data)   RO Data    RW Data    ZI Data      Debug   

     15630        716        266         20       1340     151281   Grand Totals
     15630        716        266         20       1340     151281   ELF Image Totals
     15630        716        266         20          0          0   ROM Totals

==============================================================================

    Total RO  Size (Code + RO Data)                15896 (  15.52kB)
    Total RW  Size (RW Data + ZI Data)              1360 (   1.33kB)
    Total ROM Size (Code + RO Data + RW Data)      15916 (  15.54kB)

==============================================================================

