Component: ARM Compiler 5.06 update 6 (build 750) Tool: armlink [4d35ed]

==============================================================================

Section Cross References

    startup_stm32f030x8.o(RESET) refers to startup_stm32f030x8.o(STACK) for __initial_sp
    startup_stm32f030x8.o(RESET) refers to startup_stm32f030x8.o(.text) for Reset_Handler
    startup_stm32f030x8.o(RESET) refers to stm32f0xx_it.o(i.NMI_Handler) for NMI_Handler
    startup_stm32f030x8.o(RESET) refers to stm32f0xx_it.o(i.HardFault_Handler) for HardFault_Handler
    startup_stm32f030x8.o(RESET) refers to stm32f0xx_it.o(i.SVC_Handler) for SVC_Handler
    startup_stm32f030x8.o(RESET) refers to stm32f0xx_it.o(i.PendSV_Handler) for PendSV_Handler
    startup_stm32f030x8.o(RESET) refers to stm32f0xx_it.o(i.SysTick_Handler) for SysTick_Handler
    startup_stm32f030x8.o(RESET) refers to stm32f0xx_it.o(i.USART1_IRQHandler) for USART1_IRQHandler
    startup_stm32f030x8.o(RESET) refers to stm32f0xx_it.o(i.USART2_IRQHandler) for USART2_IRQHandler
    startup_stm32f030x8.o(.text) refers to system_stm32f0xx.o(i.SystemInit) for SystemInit
    startup_stm32f030x8.o(.text) refers to entry.o(.ARM.Collect$$$$00000000) for __main
    tinyframe.o(i.TF_Accept) refers to tinyframe.o(i.TF_AcceptChar) for TF_AcceptChar
    tinyframe.o(i.TF_AcceptChar) refers to tinyframe.o(i.TF_ResetParser) for TF_ResetParser
    tinyframe.o(i.TF_AcceptChar) refers to tinyframe.o(i.__ARM_common_switch8) for __ARM_common_switch8
    tinyframe.o(i.TF_AcceptChar) refers to tinyframe.o(i.pars_begin_frame) for pars_begin_frame
    tinyframe.o(i.TF_AcceptChar) refers to tinyframe.o(i.TF_CksumAdd) for TF_CksumAdd
    tinyframe.o(i.TF_AcceptChar) refers to tinyframe.o(i.TF_CksumEnd) for TF_CksumEnd
    tinyframe.o(i.TF_AcceptChar) refers to tinyframe.o(i.TF_HandleReceivedMessage) for TF_HandleReceivedMessage
    tinyframe.o(i.TF_AcceptChar) refers to tinyframe.o(i.TF_CksumStart) for TF_CksumStart
    tinyframe.o(i.TF_CksumAdd) refers to tinyframe.o(.constdata) for crc16_table
    tinyframe.o(i.TF_ClearMsg) refers to memseta.o(.text) for __aeabi_memclr4
    tinyframe.o(i.TF_ComposeHead) refers to tinyframe.o(i.TF_CksumStart) for TF_CksumStart
    tinyframe.o(i.TF_ComposeHead) refers to tinyframe.o(i.TF_CksumAdd) for TF_CksumAdd
    tinyframe.o(i.TF_ComposeHead) refers to tinyframe.o(i.TF_CksumEnd) for TF_CksumEnd
    tinyframe.o(i.TF_DeInit) refers to malloc.o(i.free) for free
    tinyframe.o(i.TF_HandleReceivedMessage) refers to tinyframe.o(i.TF_ClearMsg) for TF_ClearMsg
    tinyframe.o(i.TF_HandleReceivedMessage) refers to tinyframe.o(i.renew_id_listener) for renew_id_listener
    tinyframe.o(i.TF_HandleReceivedMessage) refers to tinyframe.o(i.cleanup_id_listener) for cleanup_id_listener
    tinyframe.o(i.TF_HandleReceivedMessage) refers to tinyframe.o(i.cleanup_type_listener) for cleanup_type_listener
    tinyframe.o(i.TF_HandleReceivedMessage) refers to tinyframe.o(i.cleanup_generic_listener) for cleanup_generic_listener
    tinyframe.o(i.TF_Init) refers to malloc.o(i.malloc) for malloc
    tinyframe.o(i.TF_Init) refers to tinyframe.o(i.TF_InitStatic) for TF_InitStatic
    tinyframe.o(i.TF_InitStatic) refers to memseta.o(.text) for __aeabi_memclr4
    tinyframe.o(i.TF_Multipart_Close) refers to tinyframe.o(i.TF_SendFrame_End) for TF_SendFrame_End
    tinyframe.o(i.TF_Multipart_Payload) refers to tinyframe.o(i.TF_SendFrame_Chunk) for TF_SendFrame_Chunk
    tinyframe.o(i.TF_Query) refers to tinyframe.o(i.TF_SendFrame) for TF_SendFrame
    tinyframe.o(i.TF_QuerySimple) refers to tinyframe.o(i.TF_ClearMsg) for TF_ClearMsg
    tinyframe.o(i.TF_QuerySimple) refers to tinyframe.o(i.TF_SendFrame) for TF_SendFrame
    tinyframe.o(i.TF_QuerySimple_Multipart) refers to tinyframe.o(i.TF_QuerySimple) for TF_QuerySimple
    tinyframe.o(i.TF_Query_Multipart) refers to tinyframe.o(i.TF_Query) for TF_Query
    tinyframe.o(i.TF_RemoveGenericListener) refers to tinyframe.o(i.cleanup_generic_listener) for cleanup_generic_listener
    tinyframe.o(i.TF_RemoveIdListener) refers to tinyframe.o(i.cleanup_id_listener) for cleanup_id_listener
    tinyframe.o(i.TF_RemoveTypeListener) refers to tinyframe.o(i.cleanup_type_listener) for cleanup_type_listener
    tinyframe.o(i.TF_RenewIdListener) refers to tinyframe.o(i.renew_id_listener) for renew_id_listener
    tinyframe.o(i.TF_Respond) refers to tinyframe.o(i.TF_Send) for TF_Send
    tinyframe.o(i.TF_Respond_Multipart) refers to tinyframe.o(i.TF_Respond) for TF_Respond
    tinyframe.o(i.TF_Send) refers to tinyframe.o(i.TF_SendFrame) for TF_SendFrame
    tinyframe.o(i.TF_SendFrame) refers to tinyframe.o(i.TF_SendFrame_Begin) for TF_SendFrame_Begin
    tinyframe.o(i.TF_SendFrame) refers to tinyframe.o(i.TF_SendFrame_Chunk) for TF_SendFrame_Chunk
    tinyframe.o(i.TF_SendFrame) refers to tinyframe.o(i.TF_SendFrame_End) for TF_SendFrame_End
    tinyframe.o(i.TF_SendFrame_Begin) refers to tinyframe.o(i.TF_ClaimTx) for TF_ClaimTx
[...]
    Removing stm32f0xx_hal_crc.o(i.HAL_CRC_Calculate), (108 bytes).
    Removing stm32f0xx_hal_crc.o(i.HAL_CRC_DeInit), (62 bytes).
    Removing stm32f0xx_hal_crc.o(i.HAL_CRC_GetState), (6 bytes).
    Removing stm32f0xx_hal_crc.o(i.HAL_CRC_MspDeInit), (2 bytes).
    Removing stm32f0xx_hal_crc.o(i.HAL_CRC_MspInit), (2 bytes).
    Removing stm32f0xx_hal_crc_ex.o(.rev16_text), (4 bytes).
    Removing stm32f0xx_hal_crc_ex.o(.revsh_text), (4 bytes).
    Removing stm32f0xx_hal_crc_ex.o(i.HAL_CRCEx_Input_Data_Reverse), (28 bytes).
    Removing stm32f0xx_hal_crc_ex.o(i.HAL_CRCEx_Output_Data_Reverse), (28 bytes).
    Removing stm32f0xx_hal_rcc.o(.rev16_text), (4 bytes).
    Removing stm32f0xx_hal_rcc.o(.revsh_text), (4 bytes).
    Removing stm32f0xx_hal_rcc.o(i.HAL_RCC_CSSCallback), (2 bytes).
    Removing stm32f0xx_hal_rcc.o(i.HAL_RCC_DeInit), (232 bytes).
    Removing stm32f0xx_hal_rcc.o(i.HAL_RCC_DisableCSS), (20 bytes).
    Removing stm32f0xx_hal_rcc.o(i.HAL_RCC_EnableCSS), (20 bytes).
    Removing stm32f0xx_hal_rcc.o(i.HAL_RCC_GetClockConfig), (56 bytes).
    Removing stm32f0xx_hal_rcc.o(i.HAL_RCC_GetOscConfig), (244 bytes).
    Removing stm32f0xx_hal_rcc.o(i.HAL_RCC_MCOConfig), (100 bytes).
    Removing stm32f0xx_hal_rcc.o(i.HAL_RCC_NMI_IRQHandler), (32 bytes).
    Removing stm32f0xx_hal_rcc_ex.o(.rev16_text), (4 bytes).
    Removing stm32f0xx_hal_rcc_ex.o(.revsh_text), (4 bytes).
    Removing stm32f0xx_hal_rcc_ex.o(i.HAL_RCCEx_GetPeriphCLKConfig), (48 bytes).
    Removing stm32f0xx_hal_rcc_ex.o(i.HAL_RCCEx_GetPeriphCLKFreq), (248 bytes).
    Removing stm32f0xx_hal.o(.rev16_text), (4 bytes).
    Removing stm32f0xx_hal.o(.revsh_text), (4 bytes).
    Removing stm32f0xx_hal.o(i.HAL_DBGMCU_DisableDBGStandbyMode), (20 bytes).
    Removing stm32f0xx_hal.o(i.HAL_DBGMCU_DisableDBGStopMode), (20 bytes).
    Removing stm32f0xx_hal.o(i.HAL_DBGMCU_EnableDBGStandbyMode), (20 bytes).
    Removing stm32f0xx_hal.o(i.HAL_DBGMCU_EnableDBGStopMode), (20 bytes).
    Removing stm32f0xx_hal.o(i.HAL_DeInit), (44 bytes).
    Removing stm32f0xx_hal.o(i.HAL_GetDEVID), (16 bytes).
    Removing stm32f0xx_hal.o(i.HAL_GetHalVersion), (8 bytes).
    Removing stm32f0xx_hal.o(i.HAL_GetREVID), (12 bytes).
    Removing stm32f0xx_hal.o(i.HAL_GetTickFreq), (12 bytes).
    Removing stm32f0xx_hal.o(i.HAL_GetTickPrio), (12 bytes).
    Removing stm32f0xx_hal.o(i.HAL_GetUIDw0), (12 bytes).
    Removing stm32f0xx_hal.o(i.HAL_GetUIDw1), (12 bytes).
    Removing stm32f0xx_hal.o(i.HAL_GetUIDw2), (12 bytes).
    Removing stm32f0xx_hal.o(i.HAL_MspDeInit), (2 bytes).
    Removing stm32f0xx_hal.o(i.HAL_MspInit), (2 bytes).
    Removing stm32f0xx_hal.o(i.HAL_ResumeTick), (20 bytes).
    Removing stm32f0xx_hal.o(i.HAL_SetTickFreq), (52 bytes).
    Removing stm32f0xx_hal.o(i.HAL_SuspendTick), (20 bytes).
    Removing stm32f0xx_hal_i2c.o(.rev16_text), (4 bytes).
    Removing stm32f0xx_hal_i2c.o(.revsh_text), (4 bytes).
    Removing stm32f0xx_hal_i2c.o(i.HAL_I2C_AbortCpltCallback), (2 bytes).
    Removing stm32f0xx_hal_i2c.o(i.HAL_I2C_AddrCallback), (2 bytes).
    Removing stm32f0xx_hal_i2c.o(i.HAL_I2C_DeInit), (66 bytes).
    Removing stm32f0xx_hal_i2c.o(i.HAL_I2C_DisableListen_IT), (62 bytes).
    Removing stm32f0xx_hal_i2c.o(i.HAL_I2C_ER_IRQHandler), (140 bytes).
    Removing stm32f0xx_hal_i2c.o(i.HAL_I2C_EV_IRQHandler), (30 bytes).
    Removing stm32f0xx_hal_i2c.o(i.HAL_I2C_EnableListen_IT), (44 bytes).
    Removing stm32f0xx_hal_i2c.o(i.HAL_I2C_ErrorCallback), (2 bytes).
    Removing stm32f0xx_hal_i2c.o(i.HAL_I2C_GetError), (6 bytes).
    Removing stm32f0xx_hal_i2c.o(i.HAL_I2C_GetMode), (8 bytes).
    Removing stm32f0xx_hal_i2c.o(i.HAL_I2C_GetState), (8 bytes).
    Removing stm32f0xx_hal_i2c.o(i.HAL_I2C_IsDeviceReady), (390 bytes).
    Removing stm32f0xx_hal_i2c.o(i.HAL_I2C_ListenCpltCallback), (2 bytes).
    Removing stm32f0xx_hal_i2c.o(i.HAL_I2C_MasterRxCpltCallback), (2 bytes).
    Removing stm32f0xx_hal_i2c.o(i.HAL_I2C_MasterTxCpltCallback), (2 bytes).
    Removing stm32f0xx_hal_i2c.o(i.HAL_I2C_Master_Abort_IT), (132 bytes).
    Removing stm32f0xx_hal_i2c.o(i.HAL_I2C_Master_Receive), (364 bytes).
    Removing stm32f0xx_hal_i2c.o(i.HAL_I2C_Master_Receive_DMA), (376 bytes).
    Removing stm32f0xx_hal_i2c.o(i.HAL_I2C_Master_Receive_IT), (168 bytes).
    Removing stm32f0xx_hal_i2c.o(i.HAL_I2C_Master_Seq_Receive_DMA), (404 bytes).
    Removing stm32f0xx_hal_i2c.o(i.HAL_I2C_Master_Seq_Receive_IT), (192 bytes).
    Removing stm32f0xx_hal_i2c.o(i.HAL_I2C_Master_Seq_Transmit_DMA), (508 bytes).
    Removing stm32f0xx_hal_i2c.o(i.HAL_I2C_Master_Seq_Transmit_IT), (280 bytes).
    Removing stm32f0xx_hal_i2c.o(i.HAL_I2C_Master_Transmit), (404 bytes).
    Removing stm32f0xx_hal_i2c.o(i.HAL_I2C_Master_Transmit_DMA), (420 bytes).
    Removing stm32f0xx_hal_i2c.o(i.HAL_I2C_Master_Transmit_IT), (224 bytes).
    Removing stm32f0xx_hal_i2c.o(i.HAL_I2C_MemRxCpltCallback), (2 bytes).
    Removing stm32f0xx_hal_i2c.o(i.HAL_I2C_MemTxCpltCallback), (2 bytes).
    Removing stm32f0xx_hal_i2c.o(i.HAL_I2C_Mem_Read), (428 bytes).
    Removing stm32f0xx_hal_i2c.o(i.HAL_I2C_Mem_Read_DMA), (356 bytes).
    Removing stm32f0xx_hal_i2c.o(i.HAL_I2C_Mem_Read_IT), (204 bytes).
    Removing stm32f0xx_hal_i2c.o(i.HAL_I2C_Mem_Write), (420 bytes).
    Removing stm32f0xx_hal_i2c.o(i.HAL_I2C_Mem_Write_DMA), (356 bytes).
    Removing stm32f0xx_hal_i2c.o(i.HAL_I2C_Mem_Write_IT), (204 bytes).
    Removing stm32f0xx_hal_i2c.o(i.HAL_I2C_MspDeInit), (2 bytes).
    Removing stm32f0xx_hal_i2c.o(i.HAL_I2C_MspInit), (2 bytes).
    Removing stm32f0xx_hal_i2c.o(i.HAL_I2C_SlaveRxCpltCallback), (2 bytes).
    Removing stm32f0xx_hal_i2c.o(i.HAL_I2C_SlaveTxCpltCallback), (2 bytes).
    Removing stm32f0xx_hal_i2c.o(i.HAL_I2C_Slave_Receive), (408 bytes).
    Removing stm32f0xx_hal_i2c.o(i.HAL_I2C_Slave_Receive_DMA), (284 bytes).
    Removing stm32f0xx_hal_i2c.o(i.HAL_I2C_Slave_Receive_IT), (120 bytes).
    Removing stm32f0xx_hal_i2c.o(i.HAL_I2C_Slave_Seq_Receive_DMA), (484 bytes).
    Removing stm32f0xx_hal_i2c.o(i.HAL_I2C_Slave_Seq_Receive_IT), (256 bytes).
    Removing stm32f0xx_hal_i2c.o(i.HAL_I2C_Slave_Seq_Transmit_DMA), (488 bytes).
    Removing stm32f0xx_hal_i2c.o(i.HAL_I2C_Slave_Seq_Transmit_IT), (256 bytes).
    Removing stm32f0xx_hal_i2c.o(i.HAL_I2C_Slave_Transmit), (528 bytes).
    Removing stm32f0xx_hal_i2c.o(i.HAL_I2C_Slave_Transmit_DMA), (356 bytes).
    Removing stm32f0xx_hal_i2c.o(i.HAL_I2C_Slave_Transmit_IT), (156 bytes).
    Removing stm32f0xx_hal_i2c.o(i.I2C_ConvertOtherXferOptions), (30 bytes).
    Removing stm32f0xx_hal_i2c.o(i.I2C_DMAAbort), (38 bytes).
    Removing stm32f0xx_hal_i2c.o(i.I2C_DMAError), (30 bytes).
    Removing stm32f0xx_hal_i2c.o(i.I2C_DMAMasterReceiveCplt), (122 bytes).
    Removing stm32f0xx_hal_i2c.o(i.I2C_DMAMasterTransmitCplt), (100 bytes).
    Removing stm32f0xx_hal_i2c.o(i.I2C_DMASlaveReceiveCplt), (52 bytes).
    Removing stm32f0xx_hal_i2c.o(i.I2C_DMASlaveTransmitCplt), (42 bytes).
    Removing stm32f0xx_hal_i2c.o(i.I2C_Disable_IRQ), (116 bytes).
    Removing stm32f0xx_hal_i2c.o(i.I2C_Enable_IRQ), (180 bytes).
    Removing stm32f0xx_hal_i2c.o(i.I2C_Flush_TXDR), (50 bytes).
    Removing stm32f0xx_hal_i2c.o(i.I2C_ITAddrCplt), (208 bytes).
    Removing stm32f0xx_hal_i2c.o(i.I2C_ITError), (348 bytes).
    Removing stm32f0xx_hal_i2c.o(i.I2C_ITListenCplt), (120 bytes).
    Removing stm32f0xx_hal_i2c.o(i.I2C_ITMasterCplt), (308 bytes).
    Removing stm32f0xx_hal_i2c.o(i.I2C_ITMasterSeqCplt), (98 bytes).
    Removing stm32f0xx_hal_i2c.o(i.I2C_ITSlaveCplt), (556 bytes).
    Removing stm32f0xx_hal_i2c.o(i.I2C_ITSlaveSeqCplt), (156 bytes).
    Removing stm32f0xx_hal_i2c.o(i.I2C_IsErrorOccurred), (348 bytes).
    Removing stm32f0xx_hal_i2c.o(i.I2C_Master_ISR_DMA), (412 bytes).
    Removing stm32f0xx_hal_i2c.o(i.I2C_Master_ISR_IT), (504 bytes).
    Removing stm32f0xx_hal_i2c.o(i.I2C_Mem_ISR_DMA), (520 bytes).
    Removing stm32f0xx_hal_i2c.o(i.I2C_Mem_ISR_IT), (512 bytes).
    Removing stm32f0xx_hal_i2c.o(i.I2C_RequestMemoryRead), (128 bytes).
    Removing stm32f0xx_hal_i2c.o(i.I2C_RequestMemoryWrite), (128 bytes).
    Removing stm32f0xx_hal_i2c.o(i.I2C_Slave_ISR_DMA), (372 bytes).
    Removing stm32f0xx_hal_i2c.o(i.I2C_Slave_ISR_IT), (384 bytes).
    Removing stm32f0xx_hal_i2c.o(i.I2C_TransferConfig), (60 bytes).
    Removing stm32f0xx_hal_i2c.o(i.I2C_TreatErrorCallback), (62 bytes).
    Removing stm32f0xx_hal_i2c.o(i.I2C_WaitOnFlagUntilTimeout), (126 bytes).
    Removing stm32f0xx_hal_i2c.o(i.I2C_WaitOnRXNEFlagUntilTimeout), (220 bytes).
    Removing stm32f0xx_hal_i2c.o(i.I2C_WaitOnSTOPFlagUntilTimeout), (102 bytes).
    Removing stm32f0xx_hal_i2c.o(i.I2C_WaitOnTXISFlagUntilTimeout), (110 bytes).
    Removing stm32f0xx_hal_i2c_ex.o(.rev16_text), (4 bytes).
    Removing stm32f0xx_hal_i2c_ex.o(.revsh_text), (4 bytes).
    Removing stm32f0xx_hal_i2c_ex.o(i.HAL_I2CEx_DisableFastModePlus), (52 bytes).
    Removing stm32f0xx_hal_i2c_ex.o(i.HAL_I2CEx_EnableFastModePlus), (52 bytes).
    Removing stm32f0xx_hal_gpio.o(.rev16_text), (4 bytes).
    Removing stm32f0xx_hal_gpio.o(.revsh_text), (4 bytes).
    Removing stm32f0xx_hal_gpio.o(i.HAL_GPIO_DeInit), (264 bytes).
    Removing stm32f0xx_hal_gpio.o(i.HAL_GPIO_EXTI_Callback), (2 bytes).
    Removing stm32f0xx_hal_gpio.o(i.HAL_GPIO_EXTI_IRQHandler), (32 bytes).
    Removing stm32f0xx_hal_gpio.o(i.HAL_GPIO_LockPin), (50 bytes).
    Removing stm32f0xx_hal_dma.o(.rev16_text), (4 bytes).
    Removing stm32f0xx_hal_dma.o(.revsh_text), (4 bytes).
    Removing stm32f0xx_hal_dma.o(i.DMA_CalcBaseAndBitshift), (32 bytes).
    Removing stm32f0xx_hal_dma.o(i.DMA_SetConfig), (42 bytes).
    Removing stm32f0xx_hal_dma.o(i.HAL_DMA_DeInit), (88 bytes).
    Removing stm32f0xx_hal_dma.o(i.HAL_DMA_GetState), (8 bytes).
    Removing stm32f0xx_hal_dma.o(i.HAL_DMA_IRQHandler), (240 bytes).
    Removing stm32f0xx_hal_dma.o(i.HAL_DMA_Init), (92 bytes).
    Removing stm32f0xx_hal_dma.o(i.HAL_DMA_PollForTransfer), (236 bytes).
    Removing stm32f0xx_hal_dma.o(i.HAL_DMA_RegisterCallback), (92 bytes).
    Removing stm32f0xx_hal_dma.o(i.HAL_DMA_Start), (110 bytes).
    Removing stm32f0xx_hal_dma.o(i.HAL_DMA_Start_IT), (154 bytes).
    Removing stm32f0xx_hal_dma.o(i.HAL_DMA_UnRegisterCallback), (108 bytes).
    Removing stm32f0xx_hal_cortex.o(.rev16_text), (4 bytes).
    Removing stm32f0xx_hal_cortex.o(.revsh_text), (4 bytes).
    Removing stm32f0xx_hal_cortex.o(i.HAL_NVIC_ClearPendingIRQ), (28 bytes).
    Removing stm32f0xx_hal_cortex.o(i.HAL_NVIC_DisableIRQ), (60 bytes).
    Removing stm32f0xx_hal_cortex.o(i.HAL_NVIC_GetPendingIRQ), (48 bytes).
    Removing stm32f0xx_hal_cortex.o(i.HAL_NVIC_GetPriority), (72 bytes).
    Removing stm32f0xx_hal_cortex.o(i.HAL_NVIC_SetPendingIRQ), (28 bytes).
    Removing stm32f0xx_hal_cortex.o(i.HAL_NVIC_SystemReset), (56 bytes).
    Removing stm32f0xx_hal_cortex.o(i.HAL_SYSTICK_CLKSourceConfig), (36 bytes).
    Removing stm32f0xx_hal_cortex.o(i.HAL_SYSTICK_Callback), (2 bytes).
    Removing stm32f0xx_hal_cortex.o(i.HAL_SYSTICK_IRQHandler), (8 bytes).
    Removing stm32f0xx_hal_pwr.o(.rev16_text), (4 bytes).
    Removing stm32f0xx_hal_pwr.o(.revsh_text), (4 bytes).
    Removing stm32f0xx_hal_pwr.o(i.HAL_PWR_DeInit), (32 bytes).
    Removing stm32f0xx_hal_pwr.o(i.HAL_PWR_DisableBkUpAccess), (20 bytes).
    Removing stm32f0xx_hal_pwr.o(i.HAL_PWR_DisableSEVOnPend), (20 bytes).
    Removing stm32f0xx_hal_pwr.o(i.HAL_PWR_DisableSleepOnExit), (20 bytes).
    Removing stm32f0xx_hal_pwr.o(i.HAL_PWR_DisableWakeUpPin), (16 bytes).
    Removing stm32f0xx_hal_pwr.o(i.HAL_PWR_EnableBkUpAccess), (20 bytes).
    Removing stm32f0xx_hal_pwr.o(i.HAL_PWR_EnableSEVOnPend), (20 bytes).
    Removing stm32f0xx_hal_pwr.o(i.HAL_PWR_EnableSleepOnExit), (20 bytes).
    Removing stm32f0xx_hal_pwr.o(i.HAL_PWR_EnableWakeUpPin), (16 bytes).
    Removing stm32f0xx_hal_pwr.o(i.HAL_PWR_EnterSLEEPMode), (32 bytes).
    Removing stm32f0xx_hal_pwr.o(i.HAL_PWR_EnterSTANDBYMode), (40 bytes).
    Removing stm32f0xx_hal_pwr.o(i.HAL_PWR_EnterSTOPMode), (72 bytes).
    Removing stm32f0xx_hal_pwr_ex.o(.rev16_text), (4 bytes).
    Removing stm32f0xx_hal_pwr_ex.o(.revsh_text), (4 bytes).
    Removing stm32f0xx_hal_flash.o(.rev16_text), (4 bytes).
    Removing stm32f0xx_hal_flash.o(.revsh_text), (4 bytes).
    Removing stm32f0xx_hal_flash.o(i.FLASH_Program_HalfWord), (32 bytes).
    Removing stm32f0xx_hal_flash.o(i.FLASH_SetErrorCode), (72 bytes).
    Removing stm32f0xx_hal_flash.o(i.FLASH_WaitForLastOperation), (104 bytes).
    Removing stm32f0xx_hal_flash.o(i.HAL_FLASH_EndOfOperationCallback), (2 bytes).
    Removing stm32f0xx_hal_flash.o(i.HAL_FLASH_GetError), (12 bytes).
    Removing stm32f0xx_hal_flash.o(i.HAL_FLASH_IRQHandler), (396 bytes).
    Removing stm32f0xx_hal_flash.o(i.HAL_FLASH_Lock), (20 bytes).
    Removing stm32f0xx_hal_flash.o(i.HAL_FLASH_OB_Launch), (32 bytes).
    Removing stm32f0xx_hal_flash.o(i.HAL_FLASH_OB_Lock), (24 bytes).
    Removing stm32f0xx_hal_flash.o(i.HAL_FLASH_OB_Unlock), (48 bytes).
    Removing stm32f0xx_hal_flash.o(i.HAL_FLASH_OperationErrorCallback), (2 bytes).
    Removing stm32f0xx_hal_flash.o(i.HAL_FLASH_Program), (188 bytes).
    Removing stm32f0xx_hal_flash.o(i.HAL_FLASH_Program_IT), (120 bytes).
    Removing stm32f0xx_hal_flash.o(i.HAL_FLASH_Unlock), (52 bytes).
    Removing stm32f0xx_hal_flash.o(.bss), (32 bytes).
    Removing stm32f0xx_hal_flash_ex.o(.rev16_text), (4 bytes).
    Removing stm32f0xx_hal_flash_ex.o(.revsh_text), (4 bytes).
    Removing stm32f0xx_hal_flash_ex.o(i.FLASH_MassErase), (40 bytes).
    Removing stm32f0xx_hal_flash_ex.o(i.FLASH_OB_DisableWRP), (148 bytes).
    Removing stm32f0xx_hal_flash_ex.o(i.FLASH_OB_EnableWRP), (152 bytes).
    Removing stm32f0xx_hal_flash_ex.o(i.FLASH_OB_GetRDP), (40 bytes).
    Removing stm32f0xx_hal_flash_ex.o(i.FLASH_OB_GetUser), (20 bytes).
    Removing stm32f0xx_hal_flash_ex.o(i.FLASH_OB_GetWRP), (12 bytes).
    Removing stm32f0xx_hal_flash_ex.o(i.FLASH_OB_ProgramData), (76 bytes).
    Removing stm32f0xx_hal_flash_ex.o(i.FLASH_OB_RDP_LevelConfig), (128 bytes).
    Removing stm32f0xx_hal_flash_ex.o(i.FLASH_OB_UserConfig), (84 bytes).
    Removing stm32f0xx_hal_flash_ex.o(i.FLASH_PageErase), (44 bytes).
    Removing stm32f0xx_hal_flash_ex.o(i.HAL_FLASHEx_Erase), (172 bytes).
    Removing stm32f0xx_hal_flash_ex.o(i.HAL_FLASHEx_Erase_IT), (104 bytes).
    Removing stm32f0xx_hal_flash_ex.o(i.HAL_FLASHEx_OBErase), (100 bytes).
    Removing stm32f0xx_hal_flash_ex.o(i.HAL_FLASHEx_OBGetConfig), (28 bytes).
    Removing stm32f0xx_hal_flash_ex.o(i.HAL_FLASHEx_OBGetUserData), (40 bytes).
    Removing stm32f0xx_hal_flash_ex.o(i.HAL_FLASHEx_OBProgram), (208 bytes).
    Removing stm32f0xx_hal_exti.o(.rev16_text), (4 bytes).
    Removing stm32f0xx_hal_exti.o(.revsh_text), (4 bytes).
    Removing stm32f0xx_hal_exti.o(i.HAL_EXTI_ClearConfigLine), (124 bytes).
    Removing stm32f0xx_hal_exti.o(i.HAL_EXTI_ClearPending), (28 bytes).
    Removing stm32f0xx_hal_exti.o(i.HAL_EXTI_GenerateSWI), (24 bytes).
    Removing stm32f0xx_hal_exti.o(i.HAL_EXTI_GetConfigLine), (164 bytes).
    Removing stm32f0xx_hal_exti.o(i.HAL_EXTI_GetHandle), (16 bytes).
    Removing stm32f0xx_hal_exti.o(i.HAL_EXTI_GetPending), (36 bytes).
    Removing stm32f0xx_hal_exti.o(i.HAL_EXTI_IRQHandler), (48 bytes).
    Removing stm32f0xx_hal_exti.o(i.HAL_EXTI_RegisterCallback), (22 bytes).
    Removing stm32f0xx_hal_exti.o(i.HAL_EXTI_SetConfigLine), (236 bytes).
    Removing stm32f0xx_hal_iwdg.o(.rev16_text), (4 bytes).
    Removing stm32f0xx_hal_iwdg.o(.revsh_text), (4 bytes).
    Removing stm32f0xx_hal_iwdg.o(i.HAL_IWDG_Init), (124 bytes).
    Removing stm32f0xx_hal_iwdg.o(i.HAL_IWDG_Refresh), (16 bytes).
    Removing stm32f0xx_hal_uart.o(.rev16_text), (4 bytes).
    Removing stm32f0xx_hal_uart.o(.revsh_text), (4 bytes).
    Removing stm32f0xx_hal_uart.o(i.HAL_HalfDuplex_EnableReceiver), (116 bytes).
    Removing stm32f0xx_hal_uart.o(i.HAL_HalfDuplex_EnableTransmitter), (116 bytes).
    Removing stm32f0xx_hal_uart.o(i.HAL_HalfDuplex_Init), (116 bytes).
    Removing stm32f0xx_hal_uart.o(i.HAL_MultiProcessor_DisableMuteMode), (78 bytes).
    Removing stm32f0xx_hal_uart.o(i.HAL_MultiProcessor_EnableMuteMode), (78 bytes).
    Removing stm32f0xx_hal_uart.o(i.HAL_MultiProcessor_EnterMuteMode), (14 bytes).
    Removing stm32f0xx_hal_uart.o(i.HAL_MultiProcessor_Init), (160 bytes).
    Removing stm32f0xx_hal_uart.o(i.HAL_UART_Abort), (342 bytes).
    Removing stm32f0xx_hal_uart.o(i.HAL_UART_AbortCpltCallback), (2 bytes).
    Removing stm32f0xx_hal_uart.o(i.HAL_UART_AbortReceiveCpltCallback), (2 bytes).
    Removing stm32f0xx_hal_uart.o(i.HAL_UART_AbortReceive_IT), (276 bytes).
    Removing stm32f0xx_hal_uart.o(i.HAL_UART_AbortTransmit), (140 bytes).
    Removing stm32f0xx_hal_uart.o(i.HAL_UART_AbortTransmitCpltCallback), (2 bytes).
    Removing stm32f0xx_hal_uart.o(i.HAL_UART_AbortTransmit_IT), (164 bytes).
    Removing stm32f0xx_hal_uart.o(i.HAL_UART_Abort_IT), (400 bytes).
    Removing stm32f0xx_hal_uart.o(i.HAL_UART_DMAPause), (184 bytes).
    Removing stm32f0xx_hal_uart.o(i.HAL_UART_DMAResume), (172 bytes).
    Removing stm32f0xx_hal_uart.o(i.HAL_UART_DMAStop), (198 bytes).
    Removing stm32f0xx_hal_uart.o(i.HAL_UART_DeInit), (80 bytes).
    Removing stm32f0xx_hal_uart.o(i.HAL_UART_DisableReceiverTimeout), (68 bytes).
    Removing stm32f0xx_hal_uart.o(i.HAL_UART_EnableReceiverTimeout), (68 bytes).
    Removing stm32f0xx_hal_uart.o(i.HAL_UART_ErrorCallback), (2 bytes).
    Removing stm32f0xx_hal_uart.o(i.HAL_UART_GetError), (8 bytes).
    Removing stm32f0xx_hal_uart.o(i.HAL_UART_GetState), (14 bytes).
    Removing stm32f0xx_hal_uart.o(i.HAL_UART_MspDeInit), (2 bytes).
    Removing stm32f0xx_hal_uart.o(i.HAL_UART_MspInit), (2 bytes).
    Removing stm32f0xx_hal_uart.o(i.HAL_UART_Receive), (304 bytes).
    Removing stm32f0xx_hal_uart.o(i.HAL_UART_Receive_DMA), (126 bytes).
    Removing stm32f0xx_hal_uart.o(i.HAL_UART_ReceiverTimeout_Config), (16 bytes).
    Removing stm32f0xx_hal_uart.o(i.HAL_UART_RxCpltCallback), (2 bytes).
    Removing stm32f0xx_hal_uart.o(i.HAL_UART_RxHalfCpltCallback), (2 bytes).
    Removing stm32f0xx_hal_uart.o(i.HAL_UART_Transmit_DMA), (200 bytes).
    Removing stm32f0xx_hal_uart.o(i.HAL_UART_Transmit_IT), (156 bytes).
    Removing stm32f0xx_hal_uart.o(i.HAL_UART_TxCpltCallback), (2 bytes).
    Removing stm32f0xx_hal_uart.o(i.HAL_UART_TxHalfCpltCallback), (2 bytes).
    Removing stm32f0xx_hal_uart.o(i.UART_DMAError), (88 bytes).
    Removing stm32f0xx_hal_uart.o(i.UART_DMAReceiveCplt), (198 bytes).
    Removing stm32f0xx_hal_uart.o(i.UART_DMARxAbortCallback), (84 bytes).
    Removing stm32f0xx_hal_uart.o(i.UART_DMARxHalfCplt), (38 bytes).
    Removing stm32f0xx_hal_uart.o(i.UART_DMARxOnlyAbortCallback), (48 bytes).
    Removing stm32f0xx_hal_uart.o(i.UART_DMATransmitCplt), (94 bytes).
    Removing stm32f0xx_hal_uart.o(i.UART_DMATxAbortCallback), (72 bytes).
    Removing stm32f0xx_hal_uart.o(i.UART_DMATxHalfCplt), (14 bytes).
    Removing stm32f0xx_hal_uart.o(i.UART_DMATxOnlyAbortCallback), (24 bytes).
    Removing stm32f0xx_hal_uart.o(i.UART_EndTxTransfer), (44 bytes).
    Removing stm32f0xx_hal_uart.o(i.UART_Start_Receive_DMA), (220 bytes).
    Removing stm32f0xx_hal_uart.o(i.UART_TxISR_16BIT), (118 bytes).
    Removing stm32f0xx_hal_uart.o(i.UART_TxISR_8BIT), (114 bytes).
    Removing stm32f0xx_hal_uart_ex.o(.rev16_text), (4 bytes).
    Removing stm32f0xx_hal_uart_ex.o(.revsh_text), (4 bytes).
    Removing stm32f0xx_hal_uart_ex.o(i.HAL_MultiProcessorEx_AddressLength_Set), (64 bytes).
    Removing stm32f0xx_hal_uart_ex.o(i.HAL_UARTEx_GetRxEventType), (6 bytes).
    Removing stm32f0xx_hal_uart_ex.o(i.HAL_UARTEx_ReceiveToIdle), (392 bytes).
    Removing stm32f0xx_hal_uart_ex.o(i.HAL_UARTEx_ReceiveToIdle_DMA), (138 bytes).
    Removing stm32f0xx_hal_uart_ex.o(i.HAL_UARTEx_ReceiveToIdle_IT), (138 bytes).
    Removing stm32f0xx_hal_uart_ex.o(i.__set_PRIMASK), (6 bytes).
    Removing system_stm32f0xx.o(.rev16_text), (4 bytes).
    Removing system_stm32f0xx.o(.revsh_text), (4 bytes).
    Removing system_stm32f0xx.o(i.SystemCoreClockUpdate), (176 bytes).
    Removing dadd.o(.text), (356 bytes).
    Removing dmul.o(.text), (208 bytes).
    Removing ddiv.o(.text), (240 bytes).
    Removing dfixul.o(.text), (64 bytes).
    Removing cdrcmple.o(.text), (40 bytes).
    Removing depilogue.o(.text), (190 bytes).
    Removing depilogue.o(i.__ARM_clz), (46 bytes).

335 unused section(s) (total 32570 bytes) removed from the image.

==============================================================================

Image Symbol Table

    Local Symbols

    Symbol Name                              Value     Ov Type        Size  Object(Section)

    ../Core/Src/main.c                       0x00000000   Number         0  main.o ABSOLUTE
    ../Core/Src/stm32f0xx_hal_msp.c          0x00000000   Number         0  stm32f0xx_hal_msp.o ABSOLUTE
    ../Core/Src/stm32f0xx_it.c               0x00000000   Number         0  stm32f0xx_it.o ABSOLUTE
    ../Core/Src/system_stm32f0xx.c           0x00000000   Number         0  system_stm32f0xx.o ABSOLUTE
    ../Drivers/STM32F0xx_HAL_Driver/Src/stm32f0xx_hal.c 0x00000000   Number         0  stm32f0xx_hal.o ABSOLUTE
    ../Drivers/STM32F0xx_HAL_Driver/Src/stm32f0xx_hal_cortex.c 0x00000000   Number         0  stm32f0xx_hal_cortex.o ABSOLUTE
    ../Drivers/STM32F0xx_HAL_Driver/Src/stm32f0xx_hal_crc.c 0x00000000   Number         0  stm32f0xx_hal_crc.o ABSOLUTE
    ../Drivers/STM32F0xx_HAL_Driver/Src/stm32f0xx_hal_crc_ex.c 0x00000000   Number         0  stm32f0xx_hal_crc_ex.o ABSOLUTE
    ../Drivers/STM32F0xx_HAL_Driver/Src/stm32f0xx_hal_dma.c 0x00000000   Number         0  stm32f0xx_hal_dma.o ABSOLUTE
    ../Drivers/STM32F0xx_HAL_Driver/Src/stm32f0xx_hal_exti.c 0x00000000   Number         0  stm32f0xx_hal_exti.o ABSOLUTE
    ../Drivers/STM32F0xx_HAL_Driver/Src/stm32f0xx_hal_flash.c 0x00000000   Number         0  stm32f0xx_hal_flash.o ABSOLUTE
    ../Drivers/STM32F0xx_HAL_Driver/Src/stm32f0xx_hal_flash_ex.c 0x00000000   Number         0  stm32f0xx_hal_flash_ex.o ABSOLUTE
    ../Drivers/STM32F0xx_HAL_Driver/Src/stm32f0xx_hal_gpio.c 0x00000000   Number         0  stm32f0xx_hal_gpio.o ABSOLUTE
    ../Drivers/STM32F0xx_HAL_Driver/Src/stm32f0xx_hal_i2c.c 0x00000000   Number         0  stm32f0xx_hal_i2c.o ABSOLUTE
    ../Drivers/STM32F0xx_HAL_Driver/Src/stm32f0xx_hal_i2c_ex.c 0x00000000   Number         0  stm32f0xx_hal_i2c_ex.o ABSOLUTE
    ../Drivers/STM32F0xx_HAL_Driver/Src/stm32f0xx_hal_iwdg.c 0x00000000   Number         0  stm32f0xx_hal_iwdg.o ABSOLUTE
    ../Drivers/STM32F0xx_HAL_Driver/Src/stm32f0xx_hal_pwr.c 0x00000000   Number         0  stm32f0xx_hal_pwr.o ABSOLUTE
    ../Drivers/STM32F0xx_HAL_Driver/Src/stm32f0xx_hal_pwr_ex.c 0x00000000   Number         0  stm32f0xx_hal_pwr_ex.o ABSOLUTE
    ../Drivers/STM32F0xx_HAL_Driver/Src/stm32f0xx_hal_rcc.c 0x00000000   Number         0  stm32f0xx_hal_rcc.o ABSOLUTE
    ../Drivers/STM32F0xx_HAL_Driver/Src/stm32f0xx_hal_rcc_ex.c 0x00000000   Number         0  stm32f0xx_hal_rcc_ex.o ABSOLUTE
    ../Drivers/STM32F0xx_HAL_Driver/Src/stm32f0xx_hal_uart.c 0x00000000   Number         0  stm32f0xx_hal_uart.o ABSOLUTE
    ../Drivers/STM32F0xx_HAL_Driver/Src/stm32f0xx_hal_uart_ex.c 0x00000000   Number         0  stm32f0xx_hal_uart_ex.o ABSOLUTE
    ../clib/microlib/division.c              0x00000000   Number         0  uldiv.o ABSOLUTE
    ../clib/microlib/division.c              0x00000000   Number         0  uidiv.o ABSOLUTE
    ../clib/microlib/init/entry.s            0x00000000   Number         0  entry7b.o ABSOLUTE
    ../clib/microlib/init/entry.s            0x00000000   Number         0  entry9b.o ABSOLUTE
    ../clib/microlib/init/entry.s            0x00000000   Number         0  entry.o ABSOLUTE
    ../clib/microlib/init/entry.s            0x00000000   Number         0  entry11b.o ABSOLUTE
    ../clib/microlib/init/entry.s            0x00000000   Number         0  entry11a.o ABSOLUTE
    ../clib/microlib/init/entry.s            0x00000000   Number         0  entry10b.o ABSOLUTE
    ../clib/microlib/init/entry.s            0x00000000   Number         0  entry2.o ABSOLUTE
    ../clib/microlib/init/entry.s            0x00000000   Number         0  entry5.o ABSOLUTE
    ../clib/microlib/init/entry.s            0x00000000   Number         0  entry10a.o ABSOLUTE
    ../clib/microlib/init/entry.s            0x00000000   Number         0  entry7a.o ABSOLUTE
    ../clib/microlib/init/entry.s            0x00000000   Number         0  entry8a.o ABSOLUTE
    ../clib/microlib/init/entry.s            0x00000000   Number         0  entry8b.o ABSOLUTE
    ../clib/microlib/init/entry.s            0x00000000   Number         0  entry9a.o ABSOLUTE
    ../clib/microlib/longlong.c              0x00000000   Number         0  llshl.o ABSOLUTE
    ../clib/microlib/longlong.c              0x00000000   Number         0  llushr.o ABSOLUTE
    ../clib/microlib/longlong.c              0x00000000   Number         0  llsshr.o ABSOLUTE
    ../clib/microlib/malloc/malloc.c         0x00000000   Number         0  malloc.o ABSOLUTE
    ../clib/microlib/malloc/malloc.c         0x00000000   Number         0  malloca.o ABSOLUTE
    ../clib/microlib/malloc/malloc.c         0x00000000   Number         0  mallocra.o ABSOLUTE
    ../clib/microlib/malloc/malloc.c         0x00000000   Number         0  mallocr.o ABSOLUTE
    ../clib/microlib/malloc/mvars.c          0x00000000   Number         0  mvars.o ABSOLUTE
    ../clib/microlib/printf/printf.c         0x00000000   Number         0  printf7.o ABSOLUTE
    ../clib/microlib/printf/printf.c         0x00000000   Number         0  printf2.o ABSOLUTE
    ../clib/microlib/printf/printf.c         0x00000000   Number         0  printf1.o ABSOLUTE
    ../clib/microlib/printf/printf.c         0x00000000   Number         0  printf8.o ABSOLUTE
    ../clib/microlib/printf/printf.c         0x00000000   Number         0  printfa.o ABSOLUTE
    ../clib/microlib/printf/printf.c         0x00000000   Number         0  printf0.o ABSOLUTE
    ../clib/microlib/printf/printf.c         0x00000000   Number         0  printfb.o ABSOLUTE
    ../clib/microlib/printf/printf.c         0x00000000   Number         0  printf5.o ABSOLUTE
    ../clib/microlib/printf/printf.c         0x00000000   Number         0  printf6.o ABSOLUTE
    ../clib/microlib/printf/printf.c         0x00000000   Number         0  printf4.o ABSOLUTE
    ../clib/microlib/printf/printf.c         0x00000000   Number         0  printf3.o ABSOLUTE
    ../clib/microlib/printf/stubs.s          0x00000000   Number         0  stubs.o ABSOLUTE
    ../clib/microlib/stdio/fputc.c           0x00000000   Number         0  fputc.o ABSOLUTE
    ../clib/microlib/stdio/semi.s            0x00000000   Number         0  semi.o ABSOLUTE
    ../clib/microlib/stdio/streams.c         0x00000000   Number         0  stdout.o ABSOLUTE
    ../clib/microlib/string/memcpy.c         0x00000000   Number         0  memcpyb.o ABSOLUTE
    ../clib/microlib/string/memcpy.c         0x00000000   Number         0  memcpya.o ABSOLUTE
    ../clib/microlib/string/memset.c         0x00000000   Number         0  memseta.o ABSOLUTE
    ../clib/microlib/stubs.s                 0x00000000   Number         0  iusesemip.o ABSOLUTE
    ../clib/microlib/stubs.s                 0x00000000   Number         0  iusefp.o ABSOLUTE
    ../fplib/microlib/fpadd.c                0x00000000   Number         0  dadd.o ABSOLUTE
    ../fplib/microlib/fpdiv.c                0x00000000   Number         0  ddiv.o ABSOLUTE
    ../fplib/microlib/fpepilogue.c           0x00000000   Number         0  depilogue.o ABSOLUTE
    ../fplib/microlib/fpfix.c                0x00000000   Number         0  dfixul.o ABSOLUTE
    ../fplib/microlib/fpmul.c                0x00000000   Number         0  dmul.o ABSOLUTE
    ..\Core\Src\main.c                       0x00000000   Number         0  main.o ABSOLUTE
    ..\Core\Src\stm32f0xx_hal_msp.c          0x00000000   Number         0  stm32f0xx_hal_msp.o ABSOLUTE
    ..\Core\Src\stm32f0xx_it.c               0x00000000   Number         0  stm32f0xx_it.o ABSOLUTE
    ..\Core\Src\system_stm32f0xx.c           0x00000000   Number         0  system_stm32f0xx.o ABSOLUTE
    ..\Drivers\STM32F0xx_HAL_Driver\Src\stm32f0xx_hal.c 0x00000000   Number         0  stm32f0xx_hal.o ABSOLUTE
    ..\Drivers\STM32F0xx_HAL_Driver\Src\stm32f0xx_hal_cortex.c 0x00000000   Number         0  stm32f0xx_hal_cortex.o ABSOLUTE
    ..\Drivers\STM32F0xx_HAL_Driver\Src\stm32f0xx_hal_crc.c 0x00000000   Number         0  stm32f0xx_hal_crc.o ABSOLUTE
    ..\Drivers\STM32F0xx_HAL_Driver\Src\stm32f0xx_hal_crc_ex.c 0x00000000   Number         0  stm32f0xx_hal_crc_ex.o ABSOLUTE
    ..\Drivers\STM32F0xx_HAL_Driver\Src\stm32f0xx_hal_dma.c 0x00000000   Number         0  stm32f0xx_hal_dma.o ABSOLUTE
    ..\Drivers\STM32F0xx_HAL_Driver\Src\stm32f0xx_hal_exti.c 0x00000000   Number         0  stm32f0xx_hal_exti.o ABSOLUTE
    ..\Drivers\STM32F0xx_HAL_Driver\Src\stm32f0xx_hal_flash.c 0x00000000   Number         0  stm32f0xx_hal_flash.o ABSOLUTE
    ..\Drivers\STM32F0xx_HAL_Driver\Src\stm32f0xx_hal_flash_ex.c 0x00000000   Number         0  stm32f0xx_hal_flash_ex.o ABSOLUTE
    ..\Drivers\STM32F0xx_HAL_Driver\Src\stm32f0xx_hal_gpio.c 0x00000000   Number         0  stm32f0xx_hal_gpio.o ABSOLUTE
    ..\Drivers\STM32F0xx_HAL_Driver\Src\stm32f0xx_hal_i2c.c 0x00000000   Number         0  stm32f0xx_hal_i2c.o ABSOLUTE
    ..\Drivers\STM32F0xx_HAL_Driver\Src\stm32f0xx_hal_i2c_ex.c 0x00000000   Number         0  stm32f0xx_hal_i2c_ex.o ABSOLUTE
    ..\Drivers\STM32F0xx_HAL_Driver\Src\stm32f0xx_hal_iwdg.c 0x00000000   Number         0  stm32f0xx_hal_iwdg.o ABSOLUTE
    ..\Drivers\STM32F0xx_HAL_Driver\Src\stm32f0xx_hal_pwr.c 0x00000000   Number         0  stm32f0xx_hal_pwr.o ABSOLUTE
    ..\Drivers\STM32F0xx_HAL_Driver\Src\stm32f0xx_hal_pwr_ex.c 0x00000000   Number         0  stm32f0xx_hal_pwr_ex.o ABSOLUTE
    ..\Drivers\STM32F0xx_HAL_Driver\Src\stm32f0xx_hal_rcc.c 0x00000000   Number         0  stm32f0xx_hal_rcc.o ABSOLUTE
    ..\Drivers\STM32F0xx_HAL_Driver\Src\stm32f0xx_hal_rcc_ex.c 0x00000000   Number         0  stm32f0xx_hal_rcc_ex.o ABSOLUTE
    ..\Drivers\STM32F0xx_HAL_Driver\Src\stm32f0xx_hal_uart.c 0x00000000   Number         0  stm32f0xx_hal_uart.o ABSOLUTE
    ..\Drivers\STM32F0xx_HAL_Driver\Src\stm32f0xx_hal_uart_ex.c 0x00000000   Number         0  stm32f0xx_hal_uart_ex.o ABSOLUTE
    ..\Middlewares\TinyFrame\TinyFrame.c     0x00000000   Number         0  tinyframe.o ABSOLUTE
    ..\\Middlewares\\TinyFrame\\TinyFrame.c  0x00000000   Number         0  tinyframe.o ABSOLUTE
    cdrcmple.s                               0x00000000   Number         0  cdrcmple.o ABSOLUTE
    dc.s                                     0x00000000   Number         0  dc.o ABSOLUTE
    handlers.s                               0x00000000   Number         0  handlers.o ABSOLUTE
    init.s                                   0x00000000   Number         0  init.o ABSOLUTE
    startup_stm32f030x8.s                    0x00000000   Number         0  startup_stm32f030x8.o ABSOLUTE
    RESET                                    0x08000000   Section      180  startup_stm32f030x8.o(RESET)
    .ARM.Collect$$$$00000000                 0x080000b4   Section        0  entry.o(.ARM.Collect$$$$00000000)
    .ARM.Collect$$$$00000001                 0x080000b4   Section        4  entry2.o(.ARM.Collect$$$$00000001)
    .ARM.Collect$$$$00000004                 0x080000b8   Section        4  entry5.o(.ARM.Collect$$$$00000004)
    .ARM.Collect$$$$00000008                 0x080000bc   Section        0  entry7b.o(.ARM.Collect$$$$00000008)
    .ARM.Collect$$$$0000000A                 0x080000bc   Section        0  entry8b.o(.ARM.Collect$$$$0000000A)
    .ARM.Collect$$$$0000000B                 0x080000bc   Section        8  entry9a.o(.ARM.Collect$$$$0000000B)
    .ARM.Collect$$$$0000000D                 0x080000c4   Section        0  entry10a.o(.ARM.Collect$$$$0000000D)
    .ARM.Collect$$$$0000000F                 0x080000c4   Section        0  entry11a.o(.ARM.Collect$$$$0000000F)
    .ARM.Collect$$$$00002712                 0x080000c4   Section        4  entry2.o(.ARM.Collect$$$$00002712)
    __lit__00000000                          0x080000c4   Data           4  entry2.o(.ARM.Collect$$$$00002712)
    .text                                    0x080000c8   Section       28  startup_stm32f030x8.o(.text)
    .text                                    0x080000e4   Section        0  uidiv.o(.text)
    .text                                    0x08000110   Section        0  uldiv.o(.text)
    .text                                    0x08000170   Section        0  llushr.o(.text)
    .text                                    0x08000192   Section        0  memseta.o(.text)
    .text                                    0x080001b6   Section        0  llshl.o(.text)
    .text                                    0x080001d8   Section       36  init.o(.text)
    i.DIMMER_Listener                        0x080001fc   Section        0  main.o(i.DIMMER_Listener)
    i.Error_Handler                          0x0800039c   Section        0  main.o(i.Error_Handler)
    i.HAL_CRC_Init                           0x080003a2   Section        0  stm32f0xx_hal_crc.o(i.HAL_CRC_Init)
    i.HAL_CRC_MspInit                        0x080003fc   Section        0  stm32f0xx_hal_msp.o(i.HAL_CRC_MspInit)
    i.HAL_DMA_Abort                          0x0800042c   Section        0  stm32f0xx_hal_dma.o(i.HAL_DMA_Abort)
    i.HAL_DMA_Abort_IT                       0x0800047e   Section        0  stm32f0xx_hal_dma.o(i.HAL_DMA_Abort_IT)
    i.HAL_DMA_GetError                       0x080004d6   Section        0  stm32f0xx_hal_dma.o(i.HAL_DMA_GetError)
    i.HAL_Delay                              0x080004dc   Section        0  stm32f0xx_hal.o(i.HAL_Delay)
    i.HAL_GPIO_Init                          0x08000508   Section        0  stm32f0xx_hal_gpio.o(i.HAL_GPIO_Init)
    i.HAL_GPIO_ReadPin                       0x080006f8   Section        0  stm32f0xx_hal_gpio.o(i.HAL_GPIO_ReadPin)
    i.HAL_GPIO_TogglePin                     0x0800070a   Section        0  stm32f0xx_hal_gpio.o(i.HAL_GPIO_TogglePin)
    i.HAL_GPIO_WritePin                      0x0800071e   Section        0  stm32f0xx_hal_gpio.o(i.HAL_GPIO_WritePin)
    i.HAL_GetTick                            0x0800072c   Section        0  stm32f0xx_hal.o(i.HAL_GetTick)
    i.HAL_I2CEx_ConfigAnalogFilter           0x08000738   Section        0  stm32f0xx_hal_i2c_ex.o(i.HAL_I2CEx_ConfigAnalogFilter)
    i.HAL_I2CEx_ConfigDigitalFilter          0x080007a6   Section        0  stm32f0xx_hal_i2c_ex.o(i.HAL_I2CEx_ConfigDigitalFilter)
    i.HAL_I2C_Init                           0x08000818   Section        0  stm32f0xx_hal_i2c.o(i.HAL_I2C_Init)
    i.HAL_I2C_MspInit                        0x08000904   Section        0  stm32f0xx_hal_msp.o(i.HAL_I2C_MspInit)
    i.HAL_IncTick                            0x08000988   Section        0  stm32f0xx_hal.o(i.HAL_IncTick)
    i.HAL_Init                               0x080009a0   Section        0  stm32f0xx_hal.o(i.HAL_Init)
    i.HAL_InitTick                           0x080009c0   Section        0  stm32f0xx_hal.o(i.HAL_InitTick)
    i.HAL_MspInit                            0x08000a14   Section        0  stm32f0xx_hal_msp.o(i.HAL_MspInit)
    i.HAL_NVIC_EnableIRQ                     0x08000a54   Section        0  stm32f0xx_hal_cortex.o(i.HAL_NVIC_EnableIRQ)
    i.HAL_NVIC_SetPriority                   0x08000a70   Section        0  stm32f0xx_hal_cortex.o(i.HAL_NVIC_SetPriority)
    i.HAL_RCCEx_PeriphCLKConfig              0x08000a84   Section        0  stm32f0xx_hal_rcc_ex.o(i.HAL_RCCEx_PeriphCLKConfig)
    i.HAL_RCC_ClockConfig                    0x08000bd4   Section        0  stm32f0xx_hal_rcc.o(i.HAL_RCC_ClockConfig)
    i.HAL_RCC_GetHCLKFreq                    0x08000d40   Section        0  stm32f0xx_hal_rcc.o(i.HAL_RCC_GetHCLKFreq)
    i.HAL_RCC_GetPCLK1Freq                   0x08000d4c   Section        0  stm32f0xx_hal_rcc.o(i.HAL_RCC_GetPCLK1Freq)
    i.HAL_RCC_GetSysClockFreq                0x08000d70   Section        0  stm32f0xx_hal_rcc.o(i.HAL_RCC_GetSysClockFreq)
    i.HAL_RCC_OscConfig                      0x08000e08   Section        0  stm32f0xx_hal_rcc.o(i.HAL_RCC_OscConfig)
    i.HAL_RS485Ex_Init                       0x08001394   Section        0  stm32f0xx_hal_uart_ex.o(i.HAL_RS485Ex_Init)
    i.HAL_SYSTICK_Config                     0x08001430   Section        0  stm32f0xx_hal_cortex.o(i.HAL_SYSTICK_Config)
    i.HAL_UARTEx_RxEventCallback             0x08001468   Section        0  stm32f0xx_hal_uart.o(i.HAL_UARTEx_RxEventCallback)
    i.HAL_UART_AbortReceive                  0x0800146a   Section        0  stm32f0xx_hal_uart.o(i.HAL_UART_AbortReceive)
    i.HAL_UART_ErrorCallback                 0x0800155c   Section        0  main.o(i.HAL_UART_ErrorCallback)
    i.HAL_UART_IRQHandler                    0x080015d8   Section        0  stm32f0xx_hal_uart.o(i.HAL_UART_IRQHandler)
    i.HAL_UART_Init                          0x08001984   Section        0  stm32f0xx_hal_uart.o(i.HAL_UART_Init)
    i.HAL_UART_MspInit                       0x08001a04   Section        0  stm32f0xx_hal_msp.o(i.HAL_UART_MspInit)
    i.HAL_UART_Receive_IT                    0x08001b0c   Section        0  stm32f0xx_hal_uart.o(i.HAL_UART_Receive_IT)
    i.HAL_UART_RxCpltCallback                0x08001b8c   Section        0  main.o(i.HAL_UART_RxCpltCallback)
    i.HAL_UART_Transmit                      0x08001c0c   Section        0  stm32f0xx_hal_uart.o(i.HAL_UART_Transmit)
    i.HAL_UART_TxCpltCallback                0x08001cf4   Section        0  main.o(i.HAL_UART_TxCpltCallback)
    i.HardFault_Handler                      0x08001d04   Section        0  stm32f0xx_it.o(i.HardFault_Handler)
    i.MX_CRC_Init                            0x08001d08   Section        0  main.o(i.MX_CRC_Init)
    MX_CRC_Init                              0x08001d09   Thumb Code    42  main.o(i.MX_CRC_Init)
    i.MX_GPIO_Init                           0x08001d3c   Section        0  main.o(i.MX_GPIO_Init)
    MX_GPIO_Init                             0x08001d3d   Thumb Code   130  main.o(i.MX_GPIO_Init)
    i.MX_I2C1_Init                           0x08001dd0   Section        0  main.o(i.MX_I2C1_Init)
    MX_I2C1_Init                             0x08001dd1   Thumb Code    80  main.o(i.MX_I2C1_Init)
    i.MX_IWDG_Init                           0x08001e2c   Section        0  main.o(i.MX_IWDG_Init)
    MX_IWDG_Init                             0x08001e2d   Thumb Code     2  main.o(i.MX_IWDG_Init)
    i.MX_USART1_UART_Init                    0x08001e30   Section        0  main.o(i.MX_USART1_UART_Init)
    MX_USART1_UART_Init                      0x08001e31   Thumb Code    64  main.o(i.MX_USART1_UART_Init)
    i.MX_USART2_UART_Init                    0x08001e78   Section        0  main.o(i.MX_USART2_UART_Init)
    MX_USART2_UART_Init                      0x08001e79   Thumb Code    68  main.o(i.MX_USART2_UART_Init)
    i.NMI_Handler                            0x08001ec8   Section        0  stm32f0xx_it.o(i.NMI_Handler)
    i.PendSV_Handler                         0x08001ecc   Section        0  stm32f0xx_it.o(i.PendSV_Handler)
    i.RS485_Init                             0x08001ed0   Section        0  main.o(i.RS485_Init)
    i.STATUS_Listener                        0x08001f20   Section        0  main.o(i.STATUS_Listener)
    i.SVC_Handler                            0x080020b8   Section        0  stm32f0xx_it.o(i.SVC_Handler)
    i.SysTick_Handler                        0x080020bc   Section        0  stm32f0xx_it.o(i.SysTick_Handler)
    i.SystemClock_Config                     0x080020dc   Section        0  main.o(i.SystemClock_Config)
    i.SystemInit                             0x08002164   Section        0  system_stm32f0xx.o(i.SystemInit)
    i.TF_AcceptChar                          0x08002166   Section        0  tinyframe.o(i.TF_AcceptChar)
    i.TF_AddIdListener                       0x0800242a   Section        0  tinyframe.o(i.TF_AddIdListener)
    i.TF_AddTypeListener                     0x0800247e   Section        0  tinyframe.o(i.TF_AddTypeListener)
    i.TF_CksumAdd                            0x080024c4   Section        0  tinyframe.o(i.TF_CksumAdd)
    TF_CksumAdd                              0x080024c5   Thumb Code    22  tinyframe.o(i.TF_CksumAdd)
    i.TF_CksumEnd                            0x080024e0   Section        0  tinyframe.o(i.TF_CksumEnd)
    TF_CksumEnd                              0x080024e1   Thumb Code     2  tinyframe.o(i.TF_CksumEnd)
    i.TF_CksumStart                          0x080024e2   Section        0  tinyframe.o(i.TF_CksumStart)
    TF_CksumStart                            0x080024e3   Thumb Code     4  tinyframe.o(i.TF_CksumStart)
    i.TF_ClaimTx                             0x080024e6   Section        0  tinyframe.o(i.TF_ClaimTx)
    TF_ClaimTx                               0x080024e7   Thumb Code    32  tinyframe.o(i.TF_ClaimTx)
    i.TF_ClearMsg                            0x08002506   Section        0  tinyframe.o(i.TF_ClearMsg)
    TF_ClearMsg                              0x08002507   Thumb Code    14  tinyframe.o(i.TF_ClearMsg)
    i.TF_ComposeHead                         0x08002514   Section        0  tinyframe.o(i.TF_ComposeHead)
    TF_ComposeHead                           0x08002515   Thumb Code   292  tinyframe.o(i.TF_ComposeHead)
    i.TF_HandleReceivedMessage               0x08002638   Section        0  tinyframe.o(i.TF_HandleReceivedMessage)
    TF_HandleReceivedMessage                 0x08002639   Thumb Code   326  tinyframe.o(i.TF_HandleReceivedMessage)
    i.TF_InitStatic                          0x0800277e   Section        0  tinyframe.o(i.TF_InitStatic)
    i.TF_ReleaseTx                           0x080027a2   Section        0  tinyframe.o(i.TF_ReleaseTx)
    TF_ReleaseTx                             0x080027a3   Thumb Code    12  tinyframe.o(i.TF_ReleaseTx)
    i.TF_ResetParser                         0x080027ae   Section        0  tinyframe.o(i.TF_ResetParser)
    i.TF_Respond                             0x080027b4   Section        0  tinyframe.o(i.TF_Respond)
    i.TF_Send                                0x080027c8   Section        0  tinyframe.o(i.TF_Send)
    i.TF_SendFrame                           0x080027dc   Section        0  tinyframe.o(i.TF_SendFrame)
    TF_SendFrame                             0x080027dd   Thumb Code    64  tinyframe.o(i.TF_SendFrame)
    i.TF_SendFrame_Begin                     0x0800281c   Section        0  tinyframe.o(i.TF_SendFrame_Begin)
    TF_SendFrame_Begin                       0x0800281d   Thumb Code   106  tinyframe.o(i.TF_SendFrame_Begin)
    i.TF_SendFrame_Chunk                     0x0800288c   Section        0  tinyframe.o(i.TF_SendFrame_Chunk)
    TF_SendFrame_Chunk                       0x0800288d   Thumb Code   218  tinyframe.o(i.TF_SendFrame_Chunk)
    i.TF_SendFrame_End                       0x0800296c   Section        0  tinyframe.o(i.TF_SendFrame_End)
    TF_SendFrame_End                         0x0800296d   Thumb Code   180  tinyframe.o(i.TF_SendFrame_End)
    i.TF_Tick                                0x08002a24   Section        0  tinyframe.o(i.TF_Tick)
    i.TF_WriteImpl                           0x08002a7c   Section        0  main.o(i.TF_WriteImpl)
    i.UART_AdvFeatureConfig                  0x08002aa4   Section        0  stm32f0xx_hal_uart.o(i.UART_AdvFeatureConfig)
    i.UART_CheckIdleState                    0x08002b94   Section        0  stm32f0xx_hal_uart.o(i.UART_CheckIdleState)
    i.UART_DMAAbortOnError                   0x08002c94   Section        0  stm32f0xx_hal_uart.o(i.UART_DMAAbortOnError)
    UART_DMAAbortOnError                     0x08002c95   Thumb Code    24  stm32f0xx_hal_uart.o(i.UART_DMAAbortOnError)
    i.UART_EndRxTransfer                     0x08002cac   Section        0  stm32f0xx_hal_uart.o(i.UART_EndRxTransfer)
    UART_EndRxTransfer                       0x08002cad   Thumb Code   128  stm32f0xx_hal_uart.o(i.UART_EndRxTransfer)
    i.UART_EndTransmit_IT                    0x08002d2c   Section        0  stm32f0xx_hal_uart.o(i.UART_EndTransmit_IT)
    UART_EndTransmit_IT                      0x08002d2d   Thumb Code    54  stm32f0xx_hal_uart.o(i.UART_EndTransmit_IT)
    i.UART_RxISR_16BIT                       0x08002d62   Section        0  stm32f0xx_hal_uart.o(i.UART_RxISR_16BIT)
    UART_RxISR_16BIT                         0x08002d63   Thumb Code   282  stm32f0xx_hal_uart.o(i.UART_RxISR_16BIT)
    i.UART_RxISR_8BIT                        0x08002e7c   Section        0  stm32f0xx_hal_uart.o(i.UART_RxISR_8BIT)
    UART_RxISR_8BIT                          0x08002e7d   Thumb Code   282  stm32f0xx_hal_uart.o(i.UART_RxISR_8BIT)
    i.UART_SetConfig                         0x08002f98   Section        0  stm32f0xx_hal_uart.o(i.UART_SetConfig)
    i.UART_Start_Receive_IT                  0x08003138   Section        0  stm32f0xx_hal_uart.o(i.UART_Start_Receive_IT)
    i.UART_WaitOnFlagUntilTimeout            0x08003238   Section        0  stm32f0xx_hal_uart.o(i.UART_WaitOnFlagUntilTimeout)
    i.USART1_IRQHandler                      0x080032ec   Section        0  stm32f0xx_it.o(i.USART1_IRQHandler)
    i.USART2_IRQHandler                      0x080032fc   Section        0  stm32f0xx_it.o(i.USART2_IRQHandler)
    i.__ARM_common_ll_muluu                  0x0800330c   Section        0  stm32f0xx_hal_rcc.o(i.__ARM_common_ll_muluu)
    i.__ARM_common_switch8                   0x0800333c   Section        0  tinyframe.o(i.__ARM_common_switch8)
    i.__NVIC_SetPriority                     0x08003358   Section        0  stm32f0xx_hal_cortex.o(i.__NVIC_SetPriority)
    __NVIC_SetPriority                       0x08003359   Thumb Code   110  stm32f0xx_hal_cortex.o(i.__NVIC_SetPriority)
    i.__get_PRIMASK                          0x080033d0   Section        0  stm32f0xx_hal_uart.o(i.__get_PRIMASK)
    __get_PRIMASK                            0x080033d1   Thumb Code     6  stm32f0xx_hal_uart.o(i.__get_PRIMASK)
    i.__scatterload_copy                     0x080033d6   Section       14  handlers.o(i.__scatterload_copy)
    i.__scatterload_null                     0x080033e4   Section        2  handlers.o(i.__scatterload_null)
    i.__scatterload_zeroinit                 0x080033e6   Section       14  handlers.o(i.__scatterload_zeroinit)
    i.__set_PRIMASK                          0x080033f4   Section        0  stm32f0xx_hal_uart.o(i.__set_PRIMASK)
    __set_PRIMASK                            0x080033f5   Thumb Code     6  stm32f0xx_hal_uart.o(i.__set_PRIMASK)
    i.cleanup_generic_listener               0x080033fa   Section        0  tinyframe.o(i.cleanup_generic_listener)
    cleanup_generic_listener                 0x080033fb   Thumb Code    40  tinyframe.o(i.cleanup_generic_listener)
    i.cleanup_id_listener                    0x08003422   Section        0  tinyframe.o(i.cleanup_id_listener)
    cleanup_id_listener                      0x08003423   Thumb Code    92  tinyframe.o(i.cleanup_id_listener)
    i.cleanup_type_listener                  0x0800347e   Section        0  tinyframe.o(i.cleanup_type_listener)
    cleanup_type_listener                    0x0800347f   Thumb Code    40  tinyframe.o(i.cleanup_type_listener)
    i.get_state                              0x080034a8   Section        0  main.o(i.get_state)
    i.handle_buttons                         0x08003574   Section        0  main.o(i.handle_buttons)
    i.main                                   0x08003814   Section        0  main.o(i.main)
    i.map_dimmer_value                       0x0800394c   Section        0  main.o(i.map_dimmer_value)
    i.map_hi2lo                              0x08003978   Section        0  main.o(i.map_hi2lo)
    i.menu_logic                             0x080039a8   Section        0  main.o(i.menu_logic)
    i.pars_begin_frame                       0x08003a68   Section        0  tinyframe.o(i.pars_begin_frame)
    pars_begin_frame                         0x08003a69   Thumb Code    72  tinyframe.o(i.pars_begin_frame)
    i.refresh_ch                             0x08003ab0   Section        0  main.o(i.refresh_ch)
    i.refresh_led                            0x08003b3c   Section        0  main.o(i.refresh_led)
    i.renew_id_listener                      0x08003b8c   Section        0  tinyframe.o(i.renew_id_listener)
    renew_id_listener                        0x08003b8d   Thumb Code     6  tinyframe.o(i.renew_id_listener)
    i.reset_ch                               0x08003b94   Section        0  main.o(i.reset_ch)
    i.restart_all                            0x08003bd4   Section        0  main.o(i.restart_all)
    i.save_value                             0x08003be8   Section        0  main.o(i.save_value)
    i.send                                   0x08003bec   Section        0  main.o(i.send)
    i.set_ramp                               0x08003c58   Section        0  main.o(i.set_ramp)
    i.set_temp                               0x08003c88   Section        0  main.o(i.set_temp)
    i.set_value                              0x08003cb8   Section        0  main.o(i.set_value)
    .constdata                               0x08003cf4   Section      512  tinyframe.o(.constdata)
    crc16_table                              0x08003cf4   Data         512  tinyframe.o(.constdata)
    .constdata                               0x08003ef4   Section       32  stm32f0xx_hal_rcc.o(.constdata)
    aPLLMULFactorTable                       0x08003ef4   Data          16  stm32f0xx_hal_rcc.o(.constdata)
    aPredivFactorTable                       0x08003f04   Data          16  stm32f0xx_hal_rcc.o(.constdata)
    .constdata                               0x08003f14   Section       24  system_stm32f0xx.o(.constdata)
    .data                                    0x20000000   Section       69  main.o(.data)
    ee_sta                                   0x20000006   Data           1  main.o(.data)
    chanel                                   0x20000044   Data           1  main.o(.data)
    .data                                    0x20000048   Section        9  stm32f0xx_hal.o(.data)
    .data                                    0x20000054   Section        4  system_stm32f0xx.o(.data)
    .bss                                     0x20000058   Section     2240  main.o(.bss)
    STACK                                    0x20000918   Section     1024  startup_stm32f030x8.o(STACK)

    Global Symbols

    Symbol Name                              Value     Ov Type        Size  Object(Section)

    BuildAttributes$$THM_ISAv3M$S$PE$A:L22$X:L11$S22$IEEE1$IW$USESV6$~STKCKD$USESV7$~SHL$OSPACE$ROPI$EBA8$MICROLIB$REQ8$PRES8$EABIv2 0x00000000   Number         0  anon$$obj.o ABSOLUTE
    __ARM_use_no_argv                        0x00000000   Number         0  main.o ABSOLUTE
    _printf_a                                0x00000000   Number         0  stubs.o ABSOLUTE
    _printf_c                                0x00000000   Number         0  stubs.o ABSOLUTE
    _printf_charcount                        0x00000000   Number         0  stubs.o ABSOLUTE
    _printf_d                                0x00000000   Number         0  stubs.o ABSOLUTE
    _printf_e                                0x00000000   Number         0  stubs.o ABSOLUTE
    _printf_f                                0x00000000   Number         0  stubs.o ABSOLUTE
    _printf_flags                            0x00000000   Number         0  stubs.o ABSOLUTE
    _printf_fp_dec                           0x00000000   Number         0  stubs.o ABSOLUTE
    _printf_fp_hex                           0x00000000   Number         0  stubs.o ABSOLUTE
    _printf_g                                0x00000000   Number         0  stubs.o ABSOLUTE
    _printf_i                                0x00000000   Number         0  stubs.o ABSOLUTE
    _printf_int_dec                          0x00000000   Number         0  stubs.o ABSOLUTE
    _printf_l                                0x00000000   Number         0  stubs.o ABSOLUTE
    _printf_lc                               0x00000000   Number         0  stubs.o ABSOLUTE
    _printf_ll                               0x00000000   Number         0  stubs.o ABSOLUTE
    _printf_lld                              0x00000000   Number         0  stubs.o ABSOLUTE
    _printf_lli                              0x00000000   Number         0  stubs.o ABSOLUTE
    _printf_llo                              0x00000000   Number         0  stubs.o ABSOLUTE
    _printf_llu                              0x00000000   Number         0  stubs.o ABSOLUTE
    _printf_llx                              0x00000000   Number         0  stubs.o ABSOLUTE
    _printf_longlong_dec                     0x00000000   Number         0  stubs.o ABSOLUTE
    _printf_longlong_hex                     0x00000000   Number         0  stubs.o ABSOLUTE
    _printf_longlong_oct                     0x00000000   Number         0  stubs.o ABSOLUTE
    _printf_ls                               0x00000000   Number         0  stubs.o ABSOLUTE
    _printf_mbtowc                           0x00000000   Number         0  stubs.o ABSOLUTE
    _printf_n                                0x00000000   Number         0  stubs.o ABSOLUTE
    _printf_o                                0x00000000   Number         0  stubs.o ABSOLUTE
    _printf_p                                0x00000000   Number         0  stubs.o ABSOLUTE
    _printf_percent                          0x00000000   Number         0  stubs.o ABSOLUTE
    _printf_pre_padding                      0x00000000   Number         0  stubs.o ABSOLUTE
    _printf_return_value                     0x00000000   Number         0  stubs.o ABSOLUTE
    _printf_s                                0x00000000   Number         0  stubs.o ABSOLUTE
    _printf_sizespec                         0x00000000   Number         0  stubs.o ABSOLUTE
    _printf_str                              0x00000000   Number         0  stubs.o ABSOLUTE
    _printf_truncate_signed                  0x00000000   Number         0  stubs.o ABSOLUTE
    _printf_truncate_unsigned                0x00000000   Number         0  stubs.o ABSOLUTE
    _printf_u                                0x00000000   Number         0  stubs.o ABSOLUTE
    _printf_wc                               0x00000000   Number         0  stubs.o ABSOLUTE
    _printf_wctomb                           0x00000000   Number         0  stubs.o ABSOLUTE
    _printf_widthprec                        0x00000000   Number         0  stubs.o ABSOLUTE
    _printf_x                                0x00000000   Number         0  stubs.o ABSOLUTE
    __cpp_initialize__aeabi_                  - Undefined Weak Reference
    __cxa_finalize                            - Undefined Weak Reference
    __decompress                              - Undefined Weak Reference
    _clock_init                               - Undefined Weak Reference
    _microlib_exit                            - Undefined Weak Reference
    __Vectors_Size                           0x000000b4   Number         0  startup_stm32f030x8.o ABSOLUTE
    __Vectors                                0x08000000   Data           4  startup_stm32f030x8.o(RESET)
    __Vectors_End                            0x080000b4   Data           0  startup_stm32f030x8.o(RESET)
    __main                                   0x080000b5   Thumb Code     0  entry.o(.ARM.Collect$$$$00000000)
    _main_stk                                0x080000b5   Thumb Code     0  entry2.o(.ARM.Collect$$$$00000001)
    _main_scatterload                        0x080000b9   Thumb Code     0  entry5.o(.ARM.Collect$$$$00000004)
    __main_after_scatterload                 0x080000bd   Thumb Code     0  entry5.o(.ARM.Collect$$$$00000004)
    _main_clock                              0x080000bd   Thumb Code     0  entry7b.o(.ARM.Collect$$$$00000008)
    _main_cpp_init                           0x080000bd   Thumb Code     0  entry8b.o(.ARM.Collect$$$$0000000A)
    _main_init                               0x080000bd   Thumb Code     0  entry9a.o(.ARM.Collect$$$$0000000B)
    __rt_final_cpp                           0x080000c5   Thumb Code     0  entry10a.o(.ARM.Collect$$$$0000000D)
    __rt_final_exit                          0x080000c5   Thumb Code     0  entry11a.o(.ARM.Collect$$$$0000000F)
    Reset_Handler                            0x080000c9   Thumb Code     8  startup_stm32f030x8.o(.text)
    ADC1_IRQHandler                          0x080000db   Thumb Code     0  startup_stm32f030x8.o(.text)
    DMA1_Channel1_IRQHandler                 0x080000db   Thumb Code     0  startup_stm32f030x8.o(.text)
    DMA1_Channel2_3_IRQHandler               0x080000db   Thumb Code     0  startup_stm32f030x8.o(.text)
    DMA1_Channel4_5_IRQHandler               0x080000db   Thumb Code     0  startup_stm32f030x8.o(.text)
    EXTI0_1_IRQHandler                       0x080000db   Thumb Code     0  startup_stm32f030x8.o(.text)
    EXTI2_3_IRQHandler                       0x080000db   Thumb Code     0  startup_stm32f030x8.o(.text)
    EXTI4_15_IRQHandler                      0x080000db   Thumb Code     0  startup_stm32f030x8.o(.text)
    FLASH_IRQHandler                         0x080000db   Thumb Code     0  startup_stm32f030x8.o(.text)
    I2C1_IRQHandler                          0x080000db   Thumb Code     0  startup_stm32f030x8.o(.text)
    I2C2_IRQHandler                          0x080000db   Thumb Code     0  startup_stm32f030x8.o(.text)
    RCC_IRQHandler                           0x080000db   Thumb Code     0  startup_stm32f030x8.o(.text)
    RTC_IRQHandler                           0x080000db   Thumb Code     0  startup_stm32f030x8.o(.text)
    SPI1_IRQHandler                          0x080000db   Thumb Code     0  startup_stm32f030x8.o(.text)
    SPI2_IRQHandler                          0x080000db   Thumb Code     0  startup_stm32f030x8.o(.text)
    TIM14_IRQHandler                         0x080000db   Thumb Code     0  startup_stm32f030x8.o(.text)
    TIM15_IRQHandler                         0x080000db   Thumb Code     0  startup_stm32f030x8.o(.text)
    TIM16_IRQHandler                         0x080000db   Thumb Code     0  startup_stm32f030x8.o(.text)
    TIM17_IRQHandler                         0x080000db   Thumb Code     0  startup_stm32f030x8.o(.text)
    TIM1_BRK_UP_TRG_COM_IRQHandler           0x080000db   Thumb Code     0  startup_stm32f030x8.o(.text)
    TIM1_CC_IRQHandler                       0x080000db   Thumb Code     0  startup_stm32f030x8.o(.text)
    TIM3_IRQHandler                          0x080000db   Thumb Code     0  startup_stm32f030x8.o(.text)
    TIM6_IRQHandler                          0x080000db   Thumb Code     0  startup_stm32f030x8.o(.text)
    WWDG_IRQHandler                          0x080000db   Thumb Code     0  startup_stm32f030x8.o(.text)
    __aeabi_uidiv                            0x080000e5   Thumb Code     0  uidiv.o(.text)
    __aeabi_uidivmod                         0x080000e5   Thumb Code    44  uidiv.o(.text)
    __aeabi_uldivmod                         0x08000111   Thumb Code    96  uldiv.o(.text)
    __aeabi_llsr                             0x08000171   Thumb Code    34  llushr.o(.text)
    _ll_ushift_r                             0x08000171   Thumb Code     0  llushr.o(.text)
    __aeabi_memset                           0x08000193   Thumb Code    14  memseta.o(.text)
    __aeabi_memset4                          0x08000193   Thumb Code     0  memseta.o(.text)
    __aeabi_memset8                          0x08000193   Thumb Code     0  memseta.o(.text)
    __aeabi_memclr                           0x080001a1   Thumb Code     4  memseta.o(.text)
    __aeabi_memclr4                          0x080001a1   Thumb Code     0  memseta.o(.text)
    __aeabi_memclr8                          0x080001a1   Thumb Code     0  memseta.o(.text)
    _memset$wrapper                          0x080001a5   Thumb Code    18  memseta.o(.text)
    __aeabi_llsl                             0x080001b7   Thumb Code    32  llshl.o(.text)
    _ll_shift_l                              0x080001b7   Thumb Code     0  llshl.o(.text)
    __scatterload                            0x080001d9   Thumb Code    28  init.o(.text)
    __scatterload_rt2                        0x080001d9   Thumb Code     0  init.o(.text)
    DIMMER_Listener                          0x080001fd   Thumb Code   398  main.o(i.DIMMER_Listener)
    Error_Handler                            0x0800039d   Thumb Code     6  main.o(i.Error_Handler)
    HAL_CRC_Init                             0x080003a3   Thumb Code    90  stm32f0xx_hal_crc.o(i.HAL_CRC_Init)
    HAL_CRC_MspInit                          0x080003fd   Thumb Code    40  stm32f0xx_hal_msp.o(i.HAL_CRC_MspInit)
    HAL_DMA_Abort                            0x0800042d   Thumb Code    82  stm32f0xx_hal_dma.o(i.HAL_DMA_Abort)
    HAL_DMA_Abort_IT                         0x0800047f   Thumb Code    88  stm32f0xx_hal_dma.o(i.HAL_DMA_Abort_IT)
    HAL_DMA_GetError                         0x080004d7   Thumb Code     6  stm32f0xx_hal_dma.o(i.HAL_DMA_GetError)
    HAL_Delay                                0x080004dd   Thumb Code    38  stm32f0xx_hal.o(i.HAL_Delay)
    HAL_GPIO_Init                            0x08000509   Thumb Code   470  stm32f0xx_hal_gpio.o(i.HAL_GPIO_Init)
    HAL_GPIO_ReadPin                         0x080006f9   Thumb Code    18  stm32f0xx_hal_gpio.o(i.HAL_GPIO_ReadPin)
    HAL_GPIO_TogglePin                       0x0800070b   Thumb Code    20  stm32f0xx_hal_gpio.o(i.HAL_GPIO_TogglePin)
    HAL_GPIO_WritePin                        0x0800071f   Thumb Code    12  stm32f0xx_hal_gpio.o(i.HAL_GPIO_WritePin)
    HAL_GetTick                              0x0800072d   Thumb Code     6  stm32f0xx_hal.o(i.HAL_GetTick)
    HAL_I2CEx_ConfigAnalogFilter             0x08000739   Thumb Code   110  stm32f0xx_hal_i2c_ex.o(i.HAL_I2CEx_ConfigAnalogFilter)
    HAL_I2CEx_ConfigDigitalFilter            0x080007a7   Thumb Code   112  stm32f0xx_hal_i2c_ex.o(i.HAL_I2CEx_ConfigDigitalFilter)
    HAL_I2C_Init                             0x08000819   Thumb Code   232  stm32f0xx_hal_i2c.o(i.HAL_I2C_Init)
    HAL_I2C_MspInit                          0x08000905   Thumb Code   118  stm32f0xx_hal_msp.o(i.HAL_I2C_MspInit)
    HAL_IncTick                              0x08000989   Thumb Code    16  stm32f0xx_hal.o(i.HAL_IncTick)
    HAL_Init                                 0x080009a1   Thumb Code    28  stm32f0xx_hal.o(i.HAL_Init)
    HAL_InitTick                             0x080009c1   Thumb Code    70  stm32f0xx_hal.o(i.HAL_InitTick)
    HAL_MspInit                              0x08000a15   Thumb Code    60  stm32f0xx_hal_msp.o(i.HAL_MspInit)
    HAL_NVIC_EnableIRQ                       0x08000a55   Thumb Code    22  stm32f0xx_hal_cortex.o(i.HAL_NVIC_EnableIRQ)
    HAL_NVIC_SetPriority                     0x08000a71   Thumb Code    18  stm32f0xx_hal_cortex.o(i.HAL_NVIC_SetPriority)
    HAL_RCCEx_PeriphCLKConfig                0x08000a85   Thumb Code   322  stm32f0xx_hal_rcc_ex.o(i.HAL_RCCEx_PeriphCLKConfig)
    HAL_RCC_ClockConfig                      0x08000bd5   Thumb Code   342  stm32f0xx_hal_rcc.o(i.HAL_RCC_ClockConfig)
    HAL_RCC_GetHCLKFreq                      0x08000d41   Thumb Code     6  stm32f0xx_hal_rcc.o(i.HAL_RCC_GetHCLKFreq)
    HAL_RCC_GetPCLK1Freq                     0x08000d4d   Thumb Code    26  stm32f0xx_hal_rcc.o(i.HAL_RCC_GetPCLK1Freq)
    HAL_RCC_GetSysClockFreq                  0x08000d71   Thumb Code   130  stm32f0xx_hal_rcc.o(i.HAL_RCC_GetSysClockFreq)
    HAL_RCC_OscConfig                        0x08000e09   Thumb Code  1416  stm32f0xx_hal_rcc.o(i.HAL_RCC_OscConfig)
    HAL_RS485Ex_Init                         0x08001395   Thumb Code   150  stm32f0xx_hal_uart_ex.o(i.HAL_RS485Ex_Init)
    HAL_SYSTICK_Config                       0x08001431   Thumb Code    46  stm32f0xx_hal_cortex.o(i.HAL_SYSTICK_Config)
    HAL_UARTEx_RxEventCallback               0x08001469   Thumb Code     2  stm32f0xx_hal_uart.o(i.HAL_UARTEx_RxEventCallback)
    HAL_UART_AbortReceive                    0x0800146b   Thumb Code   240  stm32f0xx_hal_uart.o(i.HAL_UART_AbortReceive)
    HAL_UART_ErrorCallback                   0x0800155d   Thumb Code    98  main.o(i.HAL_UART_ErrorCallback)
    HAL_UART_IRQHandler                      0x080015d9   Thumb Code   928  stm32f0xx_hal_uart.o(i.HAL_UART_IRQHandler)
    HAL_UART_Init                            0x08001985   Thumb Code   126  stm32f0xx_hal_uart.o(i.HAL_UART_Init)
    HAL_UART_MspInit                         0x08001a05   Thumb Code   252  stm32f0xx_hal_msp.o(i.HAL_UART_MspInit)
    HAL_UART_Receive_IT                      0x08001b0d   Thumb Code   126  stm32f0xx_hal_uart.o(i.HAL_UART_Receive_IT)
    HAL_UART_RxCpltCallback                  0x08001b8d   Thumb Code   100  main.o(i.HAL_UART_RxCpltCallback)
    HAL_UART_Transmit                        0x08001c0d   Thumb Code   232  stm32f0xx_hal_uart.o(i.HAL_UART_Transmit)
    HAL_UART_TxCpltCallback                  0x08001cf5   Thumb Code    12  main.o(i.HAL_UART_TxCpltCallback)
    HardFault_Handler                        0x08001d05   Thumb Code     4  stm32f0xx_it.o(i.HardFault_Handler)
    NMI_Handler                              0x08001ec9   Thumb Code     4  stm32f0xx_it.o(i.NMI_Handler)
    PendSV_Handler                           0x08001ecd   Thumb Code     2  stm32f0xx_it.o(i.PendSV_Handler)
    RS485_Init                               0x08001ed1   Thumb Code    54  main.o(i.RS485_Init)
    STATUS_Listener                          0x08001f21   Thumb Code   398  main.o(i.STATUS_Listener)
    SVC_Handler                              0x080020b9   Thumb Code     2  stm32f0xx_it.o(i.SVC_Handler)
    SysTick_Handler                          0x080020bd   Thumb Code    22  stm32f0xx_it.o(i.SysTick_Handler)
    SystemClock_Config                       0x080020dd   Thumb Code   136  main.o(i.SystemClock_Config)
    SystemInit                               0x08002165   Thumb Code     2  system_stm32f0xx.o(i.SystemInit)
    TF_AcceptChar                            0x08002167   Thumb Code   708  tinyframe.o(i.TF_AcceptChar)
    TF_AddIdListener                         0x0800242b   Thumb Code    84  tinyframe.o(i.TF_AddIdListener)
    TF_AddTypeListener                       0x0800247f   Thumb Code    70  tinyframe.o(i.TF_AddTypeListener)
    TF_InitStatic                            0x0800277f   Thumb Code    36  tinyframe.o(i.TF_InitStatic)
    TF_ResetParser                           0x080027af   Thumb Code     6  tinyframe.o(i.TF_ResetParser)
    TF_Respond                               0x080027b5   Thumb Code    20  tinyframe.o(i.TF_Respond)
    TF_Send                                  0x080027c9   Thumb Code    20  tinyframe.o(i.TF_Send)
    TF_Tick                                  0x08002a25   Thumb Code    88  tinyframe.o(i.TF_Tick)
    TF_WriteImpl                             0x08002a7d   Thumb Code    32  main.o(i.TF_WriteImpl)
    UART_AdvFeatureConfig                    0x08002aa5   Thumb Code   240  stm32f0xx_hal_uart.o(i.UART_AdvFeatureConfig)
    UART_CheckIdleState                      0x08002b95   Thumb Code   252  stm32f0xx_hal_uart.o(i.UART_CheckIdleState)
    UART_SetConfig                           0x08002f99   Thumb Code   390  stm32f0xx_hal_uart.o(i.UART_SetConfig)
    UART_Start_Receive_IT                    0x08003139   Thumb Code   244  stm32f0xx_hal_uart.o(i.UART_Start_Receive_IT)
    UART_WaitOnFlagUntilTimeout              0x08003239   Thumb Code   180  stm32f0xx_hal_uart.o(i.UART_WaitOnFlagUntilTimeout)
    USART1_IRQHandler                        0x080032ed   Thumb Code    10  stm32f0xx_it.o(i.USART1_IRQHandler)
    USART2_IRQHandler                        0x080032fd   Thumb Code    10  stm32f0xx_it.o(i.USART2_IRQHandler)
    __ARM_common_ll_muluu                    0x0800330d   Thumb Code    48  stm32f0xx_hal_rcc.o(i.__ARM_common_ll_muluu)
    __ARM_common_switch8                     0x0800333d   Thumb Code    28  tinyframe.o(i.__ARM_common_switch8)
    __scatterload_copy                       0x080033d7   Thumb Code    14  handlers.o(i.__scatterload_copy)
    __scatterload_null                       0x080033e5   Thumb Code     2  handlers.o(i.__scatterload_null)
    __scatterload_zeroinit                   0x080033e7   Thumb Code    14  handlers.o(i.__scatterload_zeroinit)
    get_state                                0x080034a9   Thumb Code   186  main.o(i.get_state)
    handle_buttons                           0x08003575   Thumb Code   614  main.o(i.handle_buttons)
    main                                     0x08003815   Thumb Code   290  main.o(i.main)
    map_dimmer_value                         0x0800394d   Thumb Code    44  main.o(i.map_dimmer_value)
    map_hi2lo                                0x08003979   Thumb Code    48  main.o(i.map_hi2lo)
    menu_logic                               0x080039a9   Thumb Code   152  main.o(i.menu_logic)
    refresh_ch                               0x08003ab1   Thumb Code   128  main.o(i.refresh_ch)
    refresh_led                              0x08003b3d   Thumb Code    66  main.o(i.refresh_led)
    reset_ch                                 0x08003b95   Thumb Code    58  main.o(i.reset_ch)
    restart_all                              0x08003bd5   Thumb Code    20  main.o(i.restart_all)
    save_value                               0x08003be9   Thumb Code     2  main.o(i.save_value)
    send                                     0x08003bed   Thumb Code    94  main.o(i.send)
    set_ramp                                 0x08003c59   Thumb Code    44  main.o(i.set_ramp)
    set_temp                                 0x08003c89   Thumb Code    44  main.o(i.set_temp)
    set_value                                0x08003cb9   Thumb Code    56  main.o(i.set_value)
    AHBPrescTable                            0x08003f14   Data          16  system_stm32f0xx.o(.constdata)
    APBPrescTable                            0x08003f24   Data           8  system_stm32f0xx.o(.constdata)
    Region$$Table$$Base                      0x08003f2c   Number         0  anon$$obj.o(Region$$Table)
    Region$$Table$$Limit                     0x08003f4c   Number         0  anon$$obj.o(Region$$Table)
    dimrxcnt                                 0x20000000   Data           1  main.o(.data)
    dimrxbyte                                0x20000001   Data           1  main.o(.data)
    rec                                      0x20000002   Data           1  main.o(.data)
    my_address                               0x20000003   Data           1  main.o(.data)
    init_tf                                  0x20000004   Data           1  main.o(.data)
    reset_all                                0x20000005   Data           1  main.o(.data)
    sys_state                                0x20000007   Data           1  main.o(.data)
    LED_PORT                                 0x20000008   Data          16  main.o(.data)
    LED_PIN                                  0x20000018   Data           8  main.o(.data)
    selected_channel                         0x20000020   Data           1  main.o(.data)
    menu_activ                               0x20000021   Data           1  main.o(.data)
    menu_timer                               0x20000024   Data           4  main.o(.data)
    toggle_state                             0x20000028   Data           1  main.o(.data)
    error_state                              0x20000029   Data           1  main.o(.data)
    last_press_time                          0x2000002c   Data           4  main.o(.data)
    last_toggle_time                         0x20000030   Data           4  main.o(.data)
    last_check_time                          0x20000034   Data           4  main.o(.data)
    last_err_toggle_time                     0x20000038   Data           4  main.o(.data)
    last_increment_time                      0x2000003c   Data           4  main.o(.data)
    button_ok_prev                           0x20000040   Data           1  main.o(.data)
    button_up_prev                           0x20000041   Data           1  main.o(.data)
    button_down_prev                         0x20000042   Data           1  main.o(.data)
    received                                 0x20000043   Data           1  main.o(.data)
    uwTick                                   0x20000048   Data           4  stm32f0xx_hal.o(.data)
    uwTickPrio                               0x2000004c   Data           4  stm32f0xx_hal.o(.data)
    uwTickFreq                               0x20000050   Data           1  stm32f0xx_hal.o(.data)
    SystemCoreClock                          0x20000054   Data           4  system_stm32f0xx.o(.data)
    hcrc                                     0x20000058   Data          28  main.o(.bss)
    hi2c1                                    0x20000074   Data          84  main.o(.bss)
    hiwdg                                    0x200000c8   Data          16  main.o(.bss)
    huart1                                   0x200000d8   Data         136  main.o(.bss)
    huart2                                   0x20000160   Data         136  main.o(.bss)
    dimrxbuf                                 0x200001e8   Data          16  main.o(.bss)
    tfapp                                    0x200001f8   Data        1776  main.o(.bss)
    led_ch                                   0x200008e8   Data          48  main.o(.bss)
    __initial_sp                             0x20000d18   Data           0  startup_stm32f030x8.o(STACK)



==============================================================================

Memory Map of the image

  Image Entry point : 0x080000b5

  Load Region LR_IROM1 (Base: 0x08000000, Size: 0x00003fa4, Max: 0x00010000, ABSOLUTE)

    Execution Region ER_IROM1 (Exec base: 0x08000000, Load base: 0x08000000, Size: 0x00003f4c, Max: 0x00010000, ABSOLUTE)

    Exec Addr    Load Addr    Size         Type   Attr      Idx    E Section Name        Object

    0x08000000   0x08000000   0x000000b4   Data   RO            3    RESET               startup_stm32f030x8.o
    0x080000b4   0x080000b4   0x00000000   Code   RO         2764  * .ARM.Collect$$$$00000000  mc_p.l(entry.o)
    0x080000b4   0x080000b4   0x00000004   Code   RO         3068    .ARM.Collect$$$$00000001  mc_p.l(entry2.o)
    0x080000b8   0x080000b8   0x00000004   Code   RO         3071    .ARM.Collect$$$$00000004  mc_p.l(entry5.o)
    0x080000bc   0x080000bc   0x00000000   Code   RO         3073    .ARM.Collect$$$$00000008  mc_p.l(entry7b.o)
    0x080000bc   0x080000bc   0x00000000   Code   RO         3075    .ARM.Collect$$$$0000000A  mc_p.l(entry8b.o)
    0x080000bc   0x080000bc   0x00000008   Code   RO         3076    .ARM.Collect$$$$0000000B  mc_p.l(entry9a.o)
    0x080000c4   0x080000c4   0x00000000   Code   RO         3078    .ARM.Collect$$$$0000000D  mc_p.l(entry10a.o)
    0x080000c4   0x080000c4   0x00000000   Code   RO         3080    .ARM.Collect$$$$0000000F  mc_p.l(entry11a.o)
    0x080000c4   0x080000c4   0x00000004   Code   RO         3069    .ARM.Collect$$$$00002712  mc_p.l(entry2.o)
    0x080000c8   0x080000c8   0x0000001c   Code   RO            4    .text               startup_stm32f030x8.o
    0x080000e4   0x080000e4   0x0000002c   Code   RO         2767    .text               mc_p.l(uidiv.o)
    0x08000110   0x08000110   0x00000060   Code   RO         2769    .text               mc_p.l(uldiv.o)
    0x08000170   0x08000170   0x00000022   Code   RO         2771    .text               mc_p.l(llushr.o)
    0x08000192   0x08000192   0x00000024   Code   RO         2775    .text               mc_p.l(memseta.o)
    0x080001b6   0x080001b6   0x00000020   Code   RO         3085    .text               mc_p.l(llshl.o)
    0x080001d6   0x080001d6   0x00000002   PAD
    0x080001d8   0x080001d8   0x00000024   Code   RO         3100    .text               mc_p.l(init.o)
    0x080001fc   0x080001fc   0x000001a0   Code   RO          418    i.DIMMER_Listener   main.o
    0x0800039c   0x0800039c   0x00000006   Code   RO          419    i.Error_Handler     main.o
    0x080003a2   0x080003a2   0x0000005a   Code   RO          760    i.HAL_CRC_Init      stm32f0xx_hal_crc.o
    0x080003fc   0x080003fc   0x00000030   Code   RO          699    i.HAL_CRC_MspInit   stm32f0xx_hal_msp.o
    0x0800042c   0x0800042c   0x00000052   Code   RO         1701    i.HAL_DMA_Abort     stm32f0xx_hal_dma.o
    0x0800047e   0x0800047e   0x00000058   Code   RO         1702    i.HAL_DMA_Abort_IT  stm32f0xx_hal_dma.o
    0x080004d6   0x080004d6   0x00000006   Code   RO         1704    i.HAL_DMA_GetError  stm32f0xx_hal_dma.o
    0x080004dc   0x080004dc   0x0000002c   Code   RO          978    i.HAL_Delay         stm32f0xx_hal.o
    0x08000508   0x08000508   0x000001f0   Code   RO         1640    i.HAL_GPIO_Init     stm32f0xx_hal_gpio.o
    0x080006f8   0x080006f8   0x00000012   Code   RO         1642    i.HAL_GPIO_ReadPin  stm32f0xx_hal_gpio.o
    0x0800070a   0x0800070a   0x00000014   Code   RO         1643    i.HAL_GPIO_TogglePin  stm32f0xx_hal_gpio.o
    0x0800071e   0x0800071e   0x0000000c   Code   RO         1644    i.HAL_GPIO_WritePin  stm32f0xx_hal_gpio.o
    0x0800072a   0x0800072a   0x00000002   PAD
    0x0800072c   0x0800072c   0x0000000c   Code   RO          982    i.HAL_GetTick       stm32f0xx_hal.o
    0x08000738   0x08000738   0x0000006e   Code   RO         1599    i.HAL_I2CEx_ConfigAnalogFilter  stm32f0xx_hal_i2c_ex.o
    0x080007a6   0x080007a6   0x00000070   Code   RO         1600    i.HAL_I2CEx_ConfigDigitalFilter  stm32f0xx_hal_i2c_ex.o
    0x08000816   0x08000816   0x00000002   PAD
    0x08000818   0x08000818   0x000000ec   Code   RO         1142    i.HAL_I2C_Init      stm32f0xx_hal_i2c.o
    0x08000904   0x08000904   0x00000084   Code   RO          701    i.HAL_I2C_MspInit   stm32f0xx_hal_msp.o
    0x08000988   0x08000988   0x00000018   Code   RO          988    i.HAL_IncTick       stm32f0xx_hal.o
    0x080009a0   0x080009a0   0x00000020   Code   RO          989    i.HAL_Init          stm32f0xx_hal.o
    0x080009c0   0x080009c0   0x00000054   Code   RO          990    i.HAL_InitTick      stm32f0xx_hal.o
    0x08000a14   0x08000a14   0x00000040   Code   RO          702    i.HAL_MspInit       stm32f0xx_hal_msp.o
    0x08000a54   0x08000a54   0x0000001c   Code   RO         1797    i.HAL_NVIC_EnableIRQ  stm32f0xx_hal_cortex.o
    0x08000a70   0x08000a70   0x00000012   Code   RO         1801    i.HAL_NVIC_SetPriority  stm32f0xx_hal_cortex.o
    0x08000a82   0x08000a82   0x00000002   PAD
    0x08000a84   0x08000a84   0x00000150   Code   RO          943    i.HAL_RCCEx_PeriphCLKConfig  stm32f0xx_hal_rcc_ex.o
    0x08000bd4   0x08000bd4   0x0000016c   Code   RO          847    i.HAL_RCC_ClockConfig  stm32f0xx_hal_rcc.o
    0x08000d40   0x08000d40   0x0000000c   Code   RO          852    i.HAL_RCC_GetHCLKFreq  stm32f0xx_hal_rcc.o
    0x08000d4c   0x08000d4c   0x00000024   Code   RO          854    i.HAL_RCC_GetPCLK1Freq  stm32f0xx_hal_rcc.o
    0x08000d70   0x08000d70   0x00000098   Code   RO          855    i.HAL_RCC_GetSysClockFreq  stm32f0xx_hal_rcc.o
    0x08000e08   0x08000e08   0x0000058c   Code   RO          858    i.HAL_RCC_OscConfig  stm32f0xx_hal_rcc.o
    0x08001394   0x08001394   0x0000009c   Code   RO         2679    i.HAL_RS485Ex_Init  stm32f0xx_hal_uart_ex.o
    0x08001430   0x08001430   0x00000038   Code   RO         1805    i.HAL_SYSTICK_Config  stm32f0xx_hal_cortex.o
    0x08001468   0x08001468   0x00000002   Code   RO         2291    i.HAL_UARTEx_RxEventCallback  stm32f0xx_hal_uart.o
    0x0800146a   0x0800146a   0x000000f0   Code   RO         2294    i.HAL_UART_AbortReceive  stm32f0xx_hal_uart.o
    0x0800155a   0x0800155a   0x00000002   PAD
    0x0800155c   0x0800155c   0x0000007c   Code   RO          420    i.HAL_UART_ErrorCallback  main.o
    0x080015d8   0x080015d8   0x000003ac   Code   RO         2310    i.HAL_UART_IRQHandler  stm32f0xx_hal_uart.o
    0x08001984   0x08001984   0x0000007e   Code   RO         2311    i.HAL_UART_Init     stm32f0xx_hal_uart.o
    0x08001a02   0x08001a02   0x00000002   PAD
    0x08001a04   0x08001a04   0x00000108   Code   RO          704    i.HAL_UART_MspInit  stm32f0xx_hal_msp.o
    0x08001b0c   0x08001b0c   0x0000007e   Code   RO         2316    i.HAL_UART_Receive_IT  stm32f0xx_hal_uart.o
    0x08001b8a   0x08001b8a   0x00000002   PAD
    0x08001b8c   0x08001b8c   0x00000080   Code   RO          421    i.HAL_UART_RxCpltCallback  main.o
    0x08001c0c   0x08001c0c   0x000000e8   Code   RO         2320    i.HAL_UART_Transmit  stm32f0xx_hal_uart.o
    0x08001cf4   0x08001cf4   0x00000010   Code   RO          422    i.HAL_UART_TxCpltCallback  main.o
    0x08001d04   0x08001d04   0x00000004   Code   RO          638    i.HardFault_Handler  stm32f0xx_it.o
    0x08001d08   0x08001d08   0x00000034   Code   RO          423    i.MX_CRC_Init       main.o
    0x08001d3c   0x08001d3c   0x00000094   Code   RO          424    i.MX_GPIO_Init      main.o
    0x08001dd0   0x08001dd0   0x0000005c   Code   RO          425    i.MX_I2C1_Init      main.o
    0x08001e2c   0x08001e2c   0x00000002   Code   RO          426    i.MX_IWDG_Init      main.o
    0x08001e2e   0x08001e2e   0x00000002   PAD
    0x08001e30   0x08001e30   0x00000048   Code   RO          427    i.MX_USART1_UART_Init  main.o
    0x08001e78   0x08001e78   0x00000050   Code   RO          428    i.MX_USART2_UART_Init  main.o
    0x08001ec8   0x08001ec8   0x00000004   Code   RO          639    i.NMI_Handler       stm32f0xx_it.o
    0x08001ecc   0x08001ecc   0x00000002   Code   RO          640    i.PendSV_Handler    stm32f0xx_it.o
    0x08001ece   0x08001ece   0x00000002   PAD
    0x08001ed0   0x08001ed0   0x00000050   Code   RO          429    i.RS485_Init        main.o
    0x08001f20   0x08001f20   0x00000198   Code   RO          430    i.STATUS_Listener   main.o
    0x080020b8   0x080020b8   0x00000002   Code   RO          641    i.SVC_Handler       stm32f0xx_it.o
    0x080020ba   0x080020ba   0x00000002   PAD
    0x080020bc   0x080020bc   0x00000020   Code   RO          642    i.SysTick_Handler   stm32f0xx_it.o
    0x080020dc   0x080020dc   0x00000088   Code   RO          431    i.SystemClock_Config  main.o
    0x08002164   0x08002164   0x00000002   Code   RO         2734    i.SystemInit        system_stm32f0xx.o
    0x08002166   0x08002166   0x000002c4   Code   RO           13    i.TF_AcceptChar     tinyframe.o
    0x0800242a   0x0800242a   0x00000054   Code   RO           15    i.TF_AddIdListener  tinyframe.o
    0x0800247e   0x0800247e   0x00000046   Code   RO           16    i.TF_AddTypeListener  tinyframe.o
    0x080024c4   0x080024c4   0x0000001c   Code   RO           17    i.TF_CksumAdd       tinyframe.o
    0x080024e0   0x080024e0   0x00000002   Code   RO           18    i.TF_CksumEnd       tinyframe.o
    0x080024e2   0x080024e2   0x00000004   Code   RO           19    i.TF_CksumStart     tinyframe.o
    0x080024e6   0x080024e6   0x00000020   Code   RO           20    i.TF_ClaimTx        tinyframe.o
    0x08002506   0x08002506   0x0000000e   Code   RO           21    i.TF_ClearMsg       tinyframe.o
    0x08002514   0x08002514   0x00000124   Code   RO           22    i.TF_ComposeHead    tinyframe.o
    0x08002638   0x08002638   0x00000146   Code   RO           24    i.TF_HandleReceivedMessage  tinyframe.o
    0x0800277e   0x0800277e   0x00000024   Code   RO           26    i.TF_InitStatic     tinyframe.o
    0x080027a2   0x080027a2   0x0000000c   Code   RO           33    i.TF_ReleaseTx      tinyframe.o
    0x080027ae   0x080027ae   0x00000006   Code   RO           38    i.TF_ResetParser    tinyframe.o
    0x080027b4   0x080027b4   0x00000014   Code   RO           39    i.TF_Respond        tinyframe.o
    0x080027c8   0x080027c8   0x00000014   Code   RO           41    i.TF_Send           tinyframe.o
    0x080027dc   0x080027dc   0x00000040   Code   RO           42    i.TF_SendFrame      tinyframe.o
    0x0800281c   0x0800281c   0x00000070   Code   RO           43    i.TF_SendFrame_Begin  tinyframe.o
    0x0800288c   0x0800288c   0x000000e0   Code   RO           44    i.TF_SendFrame_Chunk  tinyframe.o
    0x0800296c   0x0800296c   0x000000b8   Code   RO           45    i.TF_SendFrame_End  tinyframe.o
    0x08002a24   0x08002a24   0x00000058   Code   RO           49    i.TF_Tick           tinyframe.o
    0x08002a7c   0x08002a7c   0x00000028   Code   RO          432    i.TF_WriteImpl      main.o
    0x08002aa4   0x08002aa4   0x000000f0   Code   RO         2325    i.UART_AdvFeatureConfig  stm32f0xx_hal_uart.o
    0x08002b94   0x08002b94   0x00000100   Code   RO         2326    i.UART_CheckIdleState  stm32f0xx_hal_uart.o
    0x08002c94   0x08002c94   0x00000018   Code   RO         2327    i.UART_DMAAbortOnError  stm32f0xx_hal_uart.o
    0x08002cac   0x08002cac   0x00000080   Code   RO         2337    i.UART_EndRxTransfer  stm32f0xx_hal_uart.o
    0x08002d2c   0x08002d2c   0x00000036   Code   RO         2338    i.UART_EndTransmit_IT  stm32f0xx_hal_uart.o
    0x08002d62   0x08002d62   0x0000011a   Code   RO         2340    i.UART_RxISR_16BIT  stm32f0xx_hal_uart.o
    0x08002e7c   0x08002e7c   0x0000011a   Code   RO         2341    i.UART_RxISR_8BIT   stm32f0xx_hal_uart.o
    0x08002f96   0x08002f96   0x00000002   PAD
    0x08002f98   0x08002f98   0x000001a0   Code   RO         2342    i.UART_SetConfig    stm32f0xx_hal_uart.o
    0x08003138   0x08003138   0x00000100   Code   RO         2344    i.UART_Start_Receive_IT  stm32f0xx_hal_uart.o
    0x08003238   0x08003238   0x000000b4   Code   RO         2347    i.UART_WaitOnFlagUntilTimeout  stm32f0xx_hal_uart.o
    0x080032ec   0x080032ec   0x00000010   Code   RO          643    i.USART1_IRQHandler  stm32f0xx_it.o
    0x080032fc   0x080032fc   0x00000010   Code   RO          644    i.USART2_IRQHandler  stm32f0xx_it.o
    0x0800330c   0x0800330c   0x00000030   Code   RO          934    i.__ARM_common_ll_muluu  stm32f0xx_hal_rcc.o
    0x0800333c   0x0800333c   0x0000001c   Code   RO          277    i.__ARM_common_switch8  tinyframe.o
    0x08003358   0x08003358   0x00000078   Code   RO         1807    i.__NVIC_SetPriority  stm32f0xx_hal_cortex.o
    0x080033d0   0x080033d0   0x00000006   Code   RO         2348    i.__get_PRIMASK     stm32f0xx_hal_uart.o
    0x080033d6   0x080033d6   0x0000000e   Code   RO         3112    i.__scatterload_copy  mc_p.l(handlers.o)
    0x080033e4   0x080033e4   0x00000002   Code   RO         3113    i.__scatterload_null  mc_p.l(handlers.o)
    0x080033e6   0x080033e6   0x0000000e   Code   RO         3114    i.__scatterload_zeroinit  mc_p.l(handlers.o)
    0x080033f4   0x080033f4   0x00000006   Code   RO         2349    i.__set_PRIMASK     stm32f0xx_hal_uart.o
    0x080033fa   0x080033fa   0x00000028   Code   RO           50    i.cleanup_generic_listener  tinyframe.o
    0x08003422   0x08003422   0x0000005c   Code   RO           51    i.cleanup_id_listener  tinyframe.o
    0x0800347e   0x0800347e   0x00000028   Code   RO           52    i.cleanup_type_listener  tinyframe.o
    0x080034a6   0x080034a6   0x00000002   PAD
    0x080034a8   0x080034a8   0x000000cc   Code   RO          433    i.get_state         main.o
    0x08003574   0x08003574   0x000002a0   Code   RO          434    i.handle_buttons    main.o
    0x08003814   0x08003814   0x00000138   Code   RO          436    i.main              main.o
    0x0800394c   0x0800394c   0x0000002c   Code   RO          437    i.map_dimmer_value  main.o
    0x08003978   0x08003978   0x00000030   Code   RO          438    i.map_hi2lo         main.o
    0x080039a8   0x080039a8   0x000000c0   Code   RO          440    i.menu_logic        main.o
    0x08003a68   0x08003a68   0x00000048   Code   RO           55    i.pars_begin_frame  tinyframe.o
    0x08003ab0   0x08003ab0   0x0000008c   Code   RO          441    i.refresh_ch        main.o
    0x08003b3c   0x08003b3c   0x00000050   Code   RO          442    i.refresh_led       main.o
    0x08003b8c   0x08003b8c   0x00000006   Code   RO           56    i.renew_id_listener  tinyframe.o
    0x08003b92   0x08003b92   0x00000002   PAD
    0x08003b94   0x08003b94   0x00000040   Code   RO          443    i.reset_ch          main.o
    0x08003bd4   0x08003bd4   0x00000014   Code   RO          444    i.restart_all       main.o
    0x08003be8   0x08003be8   0x00000002   Code   RO          447    i.save_value        main.o
    0x08003bea   0x08003bea   0x00000002   PAD
    0x08003bec   0x08003bec   0x0000006c   Code   RO          448    i.send              main.o
    0x08003c58   0x08003c58   0x00000030   Code   RO          449    i.set_ramp          main.o
    0x08003c88   0x08003c88   0x00000030   Code   RO          450    i.set_temp          main.o
    0x08003cb8   0x08003cb8   0x0000003c   Code   RO          451    i.set_value         main.o
    0x08003cf4   0x08003cf4   0x00000200   Data   RO           57    .constdata          tinyframe.o
    0x08003ef4   0x08003ef4   0x00000020   Data   RO          859    .constdata          stm32f0xx_hal_rcc.o
    0x08003f14   0x08003f14   0x00000018   Data   RO         2735    .constdata          system_stm32f0xx.o
    0x08003f2c   0x08003f2c   0x00000020   Data   RO         3110    Region$$Table       anon$$obj.o


    Execution Region RW_IRAM1 (Exec base: 0x20000000, Load base: 0x08003f4c, Size: 0x00000d18, Max: 0x00002000, ABSOLUTE)

    Exec Addr    Load Addr    Size         Type   Attr      Idx    E Section Name        Object

    0x20000000   0x08003f4c   0x00000045   Data   RW          453    .data               main.o
    0x20000045   0x08003f91   0x00000003   PAD
    0x20000048   0x08003f94   0x00000009   Data   RW          996    .data               stm32f0xx_hal.o
    0x20000051   0x08003f9d   0x00000003   PAD
    0x20000054   0x08003fa0   0x00000004   Data   RW         2736    .data               system_stm32f0xx.o
    0x20000058        -       0x000008c0   Zero   RW          452    .bss                main.o
    0x20000918        -       0x00000400   Zero   RW            1    STACK               startup_stm32f030x8.o


==============================================================================

Image component sizes


      Code (inc. data)   RO Data    RW Data    ZI Data      Debug   Object Name

      3842        376          0         69       2240      24176   main.o
        28          8        180          0       1024        636   startup_stm32f030x8.o
       196         38          0          9          0       7941   stm32f0xx_hal.o
       222         26          0          0          0      10373   stm32f0xx_hal_cortex.o
        90          0          0          0          0       1091   stm32f0xx_hal_crc.o
       176          0          0          0          0       2242   stm32f0xx_hal_dma.o
       546         26          0          0          0       3264   stm32f0xx_hal_gpio.o
       236          4          0          0          0       2763   stm32f0xx_hal_i2c.o
       222          0          0          0          0       1915   stm32f0xx_hal_i2c_ex.o
       508         38          0          0          0       2905   stm32f0xx_hal_msp.o
      2032         78         32          0          0       5137   stm32f0xx_hal_rcc.o
       336         14          0          0          0       1400   stm32f0xx_hal_rcc_ex.o
      3796         54          0          0          0      18790   stm32f0xx_hal_uart.o
       156          6          0          0          0       1363   stm32f0xx_hal_uart_ex.o
        76         22          0          0          0       3111   stm32f0xx_it.o
         2          0         24          4          0       1135   system_stm32f0xx.o
      2604         32        512          0          0     272066   tinyframe.o

    ----------------------------------------------------------------------
     15094        722        780         88       3264     360308   Object Totals
         0          0         32          0          0          0   (incl. Generated)
        26          0          0          6          0          0   (incl. Padding)

    ----------------------------------------------------------------------

      Code (inc. data)   RO Data    RW Data    ZI Data      Debug   Library Member Name

         0          0          0          0          0          0   entry.o
         0          0          0          0          0          0   entry10a.o
         0          0          0          0          0          0   entry11a.o
         8          4          0          0          0          0   entry2.o
         4          0          0          0          0          0   entry5.o
         0          0          0          0          0          0   entry7b.o
         0          0          0          0          0          0   entry8b.o
         8          4          0          0          0          0   entry9a.o
        30          0          0          0          0          0   handlers.o
        36          8          0          0          0         68   init.o
        32          0          0          0          0         68   llshl.o
        34          0          0          0          0         68   llushr.o
        36          0          0          0          0        100   memseta.o
        44          0          0          0          0         72   uidiv.o
        96          0          0          0          0         84   uldiv.o

    ----------------------------------------------------------------------
       330         16          0          0          0        460   Library Totals
         2          0          0          0          0          0   (incl. Padding)

    ----------------------------------------------------------------------

      Code (inc. data)   RO Data    RW Data    ZI Data      Debug   Library Name

       328         16          0          0          0        460   mc_p.l

    ----------------------------------------------------------------------
       330         16          0          0          0        460   Library Totals

    ----------------------------------------------------------------------

==============================================================================


      Code (inc. data)   RO Data    RW Data    ZI Data      Debug   

     15424        738        780         88       3264     355992   Grand Totals
     15424        738        780         88       3264     355992   ELF Image Totals
     15424        738        780         88          0          0   ROM Totals

==============================================================================

    Total RO  Size (Code + RO Data)                16204 (  15.82kB)
    Total RW  Size (RW Data + ZI Data)              3352 (   3.27kB)
    Total ROM Size (Code + RO Data + RW Data)      16292 (  15.91kB)

==============================================================================

