Component: Arm Compiler for Embedded 6.19 Tool: armlink [5e73cb00]

==============================================================================

Section Cross References

    startup_stm32f030x8.o(RESET) refers to startup_stm32f030x8.o(STACK) for __initial_sp
    startup_stm32f030x8.o(RESET) refers to startup_stm32f030x8.o(.text) for Reset_Handler
    startup_stm32f030x8.o(RESET) refers to lto-llvm-97e8d4.o(.text.NMI_Handler) for NMI_Handler
    startup_stm32f030x8.o(RESET) refers to lto-llvm-97e8d4.o(.text.HardFault_Handler) for HardFault_Handler
    startup_stm32f030x8.o(RESET) refers to lto-llvm-97e8d4.o(.text.SVC_Handler) for SVC_Handler
    startup_stm32f030x8.o(RESET) refers to lto-llvm-97e8d4.o(.text.PendSV_Handler) for PendSV_Handler
    startup_stm32f030x8.o(RESET) refers to lto-llvm-97e8d4.o(.text.SysTick_Handler) for SysTick_Handler
    startup_stm32f030x8.o(RESET) refers to lto-llvm-97e8d4.o(.text.USART1_IRQHandler) for USART1_IRQHandler
    startup_stm32f030x8.o(RESET) refers to lto-llvm-97e8d4.o(.text.USART2_IRQHandler) for USART2_IRQHandler
    startup_stm32f030x8.o(.text) refers to lto-llvm-97e8d4.o(.text.SystemInit) for SystemInit
    startup_stm32f030x8.o(.text) refers to entry.o(.ARM.Collect$$$$00000000) for __main
    entry.o(.ARM.Collect$$$$00000000) refers (Special) to entry10a.o(.ARM.Collect$$$$0000000D) for __rt_final_cpp
    entry.o(.ARM.Collect$$$$00000000) refers (Special) to entry11a.o(.ARM.Collect$$$$0000000F) for __rt_final_exit
    entry.o(.ARM.Collect$$$$00000000) refers (Special) to entry7b.o(.ARM.Collect$$$$00000008) for _main_clock
    entry.o(.ARM.Collect$$$$00000000) refers (Special) to entry8b.o(.ARM.Collect$$$$0000000A) for _main_cpp_init
    entry.o(.ARM.Collect$$$$00000000) refers (Special) to entry9a.o(.ARM.Collect$$$$0000000B) for _main_init
    entry.o(.ARM.Collect$$$$00000000) refers (Special) to entry5.o(.ARM.Collect$$$$00000004) for _main_scatterload
    entry.o(.ARM.Collect$$$$00000000) refers (Special) to entry2.o(.ARM.Collect$$$$00000001) for _main_stk
    puts.o(i.puts) refers to fputc.o(i.fputc) for fputc
    puts.o(i.puts) refers to stdout.o(.data) for __stdout
    putchar.o(i.putchar) refers to fputc.o(i.fputc) for fputc
    putchar.o(i.putchar) refers to stdout.o(.data) for __stdout
    puts_e.o(.text) refers to fputc.o(i.fputc) for fputc
    puts_e.o(.text) refers to stdout.o(.data) for __stdout
    printfb.o(i.__0fprintf$bare) refers to printfb.o(i._printf_core) for _printf_core
    printfb.o(i.__0fprintf$bare) refers to fputc.o(i.fputc) for fputc
    printfb.o(i.__0printf$bare) refers to printfb.o(i._printf_core) for _printf_core
    printfb.o(i.__0printf$bare) refers to fputc.o(i.fputc) for fputc
    printfb.o(i.__0printf$bare) refers to stdout.o(.data) for __stdout
    printfb.o(i.__0snprintf$bare) refers to printfb.o(i._printf_core) for _printf_core
    printfb.o(i.__0snprintf$bare) refers to printfb.o(i._snputc) for _snputc
    printfb.o(i.__0sprintf$bare) refers to printfb.o(i._printf_core) for _printf_core
    printfb.o(i.__0sprintf$bare) refers to printfb.o(i._sputc) for _sputc
    printfb.o(i.__0vfprintf$bare) refers to printfb.o(i._printf_core) for _printf_core
    printfb.o(i.__0vfprintf$bare) refers to fputc.o(i.fputc) for fputc
    printfb.o(i.__0vprintf$bare) refers to printfb.o(i._printf_core) for _printf_core
    printfb.o(i.__0vprintf$bare) refers to fputc.o(i.fputc) for fputc
    printfb.o(i.__0vprintf$bare) refers to stdout.o(.data) for __stdout
    printfb.o(i.__0vsnprintf$bare) refers to printfb.o(i._printf_core) for _printf_core
    printfb.o(i.__0vsnprintf$bare) refers to printfb.o(i._snputc) for _snputc
    printfb.o(i.__0vsprintf$bare) refers to printfb.o(i._printf_core) for _printf_core
    printfb.o(i.__0vsprintf$bare) refers to printfb.o(i._sputc) for _sputc
    printf0.o(i.__0fprintf$0) refers to printf0.o(i._printf_core) for _printf_core
    printf0.o(i.__0fprintf$0) refers to fputc.o(i.fputc) for fputc
    printf0.o(i.__0printf$0) refers to printf0.o(i._printf_core) for _printf_core
    printf0.o(i.__0printf$0) refers to fputc.o(i.fputc) for fputc
    printf0.o(i.__0printf$0) refers to stdout.o(.data) for __stdout
    printf0.o(i.__0snprintf$0) refers to printf0.o(i._printf_core) for _printf_core
    printf0.o(i.__0snprintf$0) refers to printf0.o(i._snputc) for _snputc
    printf0.o(i.__0sprintf$0) refers to printf0.o(i._printf_core) for _printf_core
    printf0.o(i.__0sprintf$0) refers to printf0.o(i._sputc) for _sputc
    printf0.o(i.__0vfprintf$0) refers to printf0.o(i._printf_core) for _printf_core
    printf0.o(i.__0vfprintf$0) refers to fputc.o(i.fputc) for fputc
    printf0.o(i.__0vprintf$0) refers to printf0.o(i._printf_core) for _printf_core
    printf0.o(i.__0vprintf$0) refers to fputc.o(i.fputc) for fputc
    printf0.o(i.__0vprintf$0) refers to stdout.o(.data) for __stdout
    printf0.o(i.__0vsnprintf$0) refers to printf0.o(i._printf_core) for _printf_core
[...]
    dmul.o(.text) refers to depilogue.o(.text) for _double_epilogue
    ddiv.o(.text) refers (Special) to iusefp.o(.text) for __I$use$fp
    ddiv.o(.text) refers to depilogue.o(.text) for _double_round
    dfixul.o(.text) refers (Special) to iusefp.o(.text) for __I$use$fp
    dfixul.o(.text) refers to llushr.o(.text) for __aeabi_llsr
    dfixul.o(.text) refers to llshl.o(.text) for __aeabi_llsl
    cdrcmple.o(.text) refers (Special) to iusefp.o(.text) for __I$use$fp
    init.o(.text) refers to entry5.o(.ARM.Collect$$$$00000004) for __main_after_scatterload
    idiv_div0.o(.text) refers to uidiv_div0.o(.text) for __aeabi_uidivmod
    depilogue.o(.text) refers (Special) to iusefp.o(.text) for __I$use$fp
    depilogue.o(.text) refers to depilogue.o(i.__ARM_clz) for __ARM_clz
    depilogue.o(.text) refers to llshl.o(.text) for __aeabi_llsl
    depilogue.o(.text) refers to llushr.o(.text) for __aeabi_llsr
    lto-llvm-97e8d4.o(.text.reset_ch) refers to lto-llvm-97e8d4.o(.text.send) for send
    lto-llvm-97e8d4.o(.text.reset_ch) refers to lto-llvm-97e8d4.o(.bss.dimm_ch) for [Anonymous Symbol]
    lto-llvm-97e8d4.o(.ARM.exidx.text.reset_ch) refers to lto-llvm-97e8d4.o(.text.reset_ch) for [Anonymous Symbol]
    lto-llvm-97e8d4.o(.text.send) refers to lto-llvm-97e8d4.o(.text.HAL_UART_Transmit) for HAL_UART_Transmit
    lto-llvm-97e8d4.o(.text.send) refers to lto-llvm-97e8d4.o(.text.HAL_Delay) for HAL_Delay
    lto-llvm-97e8d4.o(.text.send) refers to lto-llvm-97e8d4.o(.bss..L_MergedGlobals.95) for [Anonymous Symbol]
    lto-llvm-97e8d4.o(.text.send) refers to lto-llvm-97e8d4.o(.bss.huart2) for [Anonymous Symbol]
    lto-llvm-97e8d4.o(.ARM.exidx.text.send) refers to lto-llvm-97e8d4.o(.text.send) for [Anonymous Symbol]
    lto-llvm-97e8d4.o(.text.set_value) refers to lto-llvm-97e8d4.o(.text.send) for send
    lto-llvm-97e8d4.o(.text.set_value) refers to lto-llvm-97e8d4.o(.bss.dimm_ch) for [Anonymous Symbol]
    lto-llvm-97e8d4.o(.ARM.exidx.text.set_value) refers to lto-llvm-97e8d4.o(.text.set_value) for [Anonymous Symbol]
    lto-llvm-97e8d4.o(.text.get_state) refers to lto-llvm-97e8d4.o(.text.HAL_UART_Transmit) for HAL_UART_Transmit
    lto-llvm-97e8d4.o(.text.get_state) refers to lto-llvm-97e8d4.o(.text.HAL_Delay) for HAL_Delay
    lto-llvm-97e8d4.o(.text.get_state) refers to lto-llvm-97e8d4.o(.bss.dimm_ch) for [Anonymous Symbol]
    lto-llvm-97e8d4.o(.text.get_state) refers to lto-llvm-97e8d4.o(.bss..L_MergedGlobals.95) for [Anonymous Symbol]
    lto-llvm-97e8d4.o(.text.get_state) refers to lto-llvm-97e8d4.o(.bss.huart2) for [Anonymous Symbol]
    lto-llvm-97e8d4.o(.ARM.exidx.text.get_state) refers to lto-llvm-97e8d4.o(.text.get_state) for [Anonymous Symbol]
    lto-llvm-97e8d4.o(.text.get_address) refers to lto-llvm-97e8d4.o(.bss..L_MergedGlobals.95) for [Anonymous Symbol]
    lto-llvm-97e8d4.o(.ARM.exidx.text.get_address) refers to lto-llvm-97e8d4.o(.text.get_address) for [Anonymous Symbol]
    lto-llvm-97e8d4.o(.text.restart_all) refers to lto-llvm-97e8d4.o(.text.send) for send
    lto-llvm-97e8d4.o(.text.restart_all) refers to lto-llvm-97e8d4.o(.text.load_ch) for load_ch
    lto-llvm-97e8d4.o(.ARM.exidx.text.restart_all) refers to lto-llvm-97e8d4.o(.text.restart_all) for [Anonymous Symbol]
    lto-llvm-97e8d4.o(.text.load_ch) refers to lto-llvm-97e8d4.o(.text.I2C_WaitOnFlagUntilTimeout) for I2C_WaitOnFlagUntilTimeout
    lto-llvm-97e8d4.o(.text.load_ch) refers to lto-llvm-97e8d4.o(.text.I2C_WaitOnTXISFlagUntilTimeout) for I2C_WaitOnTXISFlagUntilTimeout
    lto-llvm-97e8d4.o(.text.load_ch) refers to lto-llvm-97e8d4.o(.text.I2C_TransferConfig) for I2C_TransferConfig
    lto-llvm-97e8d4.o(.text.load_ch) refers to lto-llvm-97e8d4.o(.text.I2C_WaitOnSTOPFlagUntilTimeout) for I2C_WaitOnSTOPFlagUntilTimeout
    lto-llvm-97e8d4.o(.text.load_ch) refers to lto-llvm-97e8d4.o(.bss.hi2c1) for [Anonymous Symbol]
    lto-llvm-97e8d4.o(.text.load_ch) refers to lto-llvm-97e8d4.o(.bss..L_MergedGlobals.95) for [Anonymous Symbol]
    lto-llvm-97e8d4.o(.text.load_ch) refers to lto-llvm-97e8d4.o(.bss.dimm_ch) for [Anonymous Symbol]
    lto-llvm-97e8d4.o(.ARM.exidx.text.load_ch) refers to lto-llvm-97e8d4.o(.text.load_ch) for [Anonymous Symbol]
    lto-llvm-97e8d4.o(.text.refresh_led) refers to lto-llvm-97e8d4.o(.bss.dimm_ch) for [Anonymous Symbol]
    lto-llvm-97e8d4.o(.text.refresh_led) refers to lto-llvm-97e8d4.o(.rodata.cst16) for [Anonymous Symbol]
    lto-llvm-97e8d4.o(.text.refresh_led) refers to lto-llvm-97e8d4.o(.bss..L_MergedGlobals.95) for [Anonymous Symbol]
    lto-llvm-97e8d4.o(.text.refresh_led) refers to lto-llvm-97e8d4.o(.rodata.cst8) for [Anonymous Symbol]
    lto-llvm-97e8d4.o(.ARM.exidx.text.refresh_led) refers to lto-llvm-97e8d4.o(.text.refresh_led) for [Anonymous Symbol]
    lto-llvm-97e8d4.o(.text.main) refers to lto-llvm-97e8d4.o(.text.HAL_InitTick) for HAL_InitTick
    lto-llvm-97e8d4.o(.text.main) refers to lto-llvm-97e8d4.o(.text.HAL_RCC_GetSysClockFreq) for HAL_RCC_GetSysClockFreq
    lto-llvm-97e8d4.o(.text.main) refers to lto-llvm-97e8d4.o(.text.HAL_GPIO_Init) for HAL_GPIO_Init
    lto-llvm-97e8d4.o(.text.main) refers to memseta.o(.text) for __aeabi_memclr4
    lto-llvm-97e8d4.o(.text.main) refers to lto-llvm-97e8d4.o(.bss..L_MergedGlobals.95) for [Anonymous Symbol]
    lto-llvm-97e8d4.o(.text.main) refers to lto-llvm-97e8d4.o(.data..L_MergedGlobals) for [Anonymous Symbol]
    lto-llvm-97e8d4.o(.text.main) refers to lto-llvm-97e8d4.o(.bss.hi2c1) for [Anonymous Symbol]
    lto-llvm-97e8d4.o(.text.main) refers to lto-llvm-97e8d4.o(.text.HAL_UART_MspInit) for HAL_UART_MspInit
    lto-llvm-97e8d4.o(.text.main) refers to lto-llvm-97e8d4.o(.text.UART_AdvFeatureConfig) for UART_AdvFeatureConfig
    lto-llvm-97e8d4.o(.text.main) refers to lto-llvm-97e8d4.o(.text.UART_SetConfig) for UART_SetConfig
    lto-llvm-97e8d4.o(.text.main) refers to lto-llvm-97e8d4.o(.text.UART_CheckIdleState) for UART_CheckIdleState
    lto-llvm-97e8d4.o(.text.main) refers to lto-llvm-97e8d4.o(.text.HAL_UART_Receive_IT) for HAL_UART_Receive_IT
    lto-llvm-97e8d4.o(.text.main) refers to lto-llvm-97e8d4.o(.text.HAL_Delay) for HAL_Delay
    lto-llvm-97e8d4.o(.text.main) refers to lto-llvm-97e8d4.o(.text.Error_Handler) for Error_Handler
    lto-llvm-97e8d4.o(.text.main) refers to lto-llvm-97e8d4.o(.text.restart_all) for restart_all
    lto-llvm-97e8d4.o(.text.main) refers to lto-llvm-97e8d4.o(.text.reset_ch) for reset_ch
    lto-llvm-97e8d4.o(.text.main) refers to lto-llvm-97e8d4.o(.text.get_state) for get_state
    lto-llvm-97e8d4.o(.text.main) refers to lto-llvm-97e8d4.o(.text.refresh_led) for refresh_led
    lto-llvm-97e8d4.o(.text.main) refers to lto-llvm-97e8d4.o(.text.get_address) for get_address
    lto-llvm-97e8d4.o(.text.main) refers to lto-llvm-97e8d4.o(.text.set_value) for set_value
    lto-llvm-97e8d4.o(.text.main) refers to lto-llvm-97e8d4.o(.bss.huart1) for [Anonymous Symbol]
    lto-llvm-97e8d4.o(.text.main) refers to lto-llvm-97e8d4.o(.bss.huart2) for [Anonymous Symbol]
    lto-llvm-97e8d4.o(.text.main) refers to lto-llvm-97e8d4.o(.bss.tfapp) for [Anonymous Symbol]
    lto-llvm-97e8d4.o(.text.main) refers to lto-llvm-97e8d4.o(.text.DIMMER_SET_Listener) for DIMMER_SET_Listener
    lto-llvm-97e8d4.o(.text.main) refers to lto-llvm-97e8d4.o(.text.TF_AddTypeListener) for TF_AddTypeListener
    lto-llvm-97e8d4.o(.text.main) refers to lto-llvm-97e8d4.o(.text.DIMMER_GET_Listener) for DIMMER_GET_Listener
    lto-llvm-97e8d4.o(.text.main) refers to lto-llvm-97e8d4.o(.text.DIMMER_SETUP_Listener) for DIMMER_SETUP_Listener
    lto-llvm-97e8d4.o(.text.main) refers to lto-llvm-97e8d4.o(.text.DIMMER_RESET_Listener) for DIMMER_RESET_Listener
    lto-llvm-97e8d4.o(.text.main) refers to lto-llvm-97e8d4.o(.text.DIMMER_RESTART_Listener) for DIMMER_RESTART_Listener
    lto-llvm-97e8d4.o(.text.main) refers to lto-llvm-97e8d4.o(.rodata.cst16) for [Anonymous Symbol]
    lto-llvm-97e8d4.o(.text.main) refers to lto-llvm-97e8d4.o(.rodata.cst8) for [Anonymous Symbol]
    lto-llvm-97e8d4.o(.text.main) refers to lto-llvm-97e8d4.o(.bss.dimm_ch) for [Anonymous Symbol]
    lto-llvm-97e8d4.o(.text.main) refers to lto-llvm-97e8d4.o(.text.send) for send
    lto-llvm-97e8d4.o(.text.main) refers to lto-llvm-97e8d4.o(.text.I2C_WaitOnFlagUntilTimeout) for I2C_WaitOnFlagUntilTimeout
    lto-llvm-97e8d4.o(.text.main) refers to lto-llvm-97e8d4.o(.text.I2C_WaitOnTXISFlagUntilTimeout) for I2C_WaitOnTXISFlagUntilTimeout
    lto-llvm-97e8d4.o(.text.main) refers to lto-llvm-97e8d4.o(.text.I2C_TransferConfig) for I2C_TransferConfig
    lto-llvm-97e8d4.o(.text.main) refers to lto-llvm-97e8d4.o(.text.I2C_WaitOnSTOPFlagUntilTimeout) for I2C_WaitOnSTOPFlagUntilTimeout
    lto-llvm-97e8d4.o(.ARM.exidx.text.main) refers to lto-llvm-97e8d4.o(.text.main) for [Anonymous Symbol]
    lto-llvm-97e8d4.o(.text.Error_Handler) refers to lto-llvm-97e8d4.o(.text.HAL_NVIC_SystemReset) for HAL_NVIC_SystemReset
    lto-llvm-97e8d4.o(.ARM.exidx.text.Error_Handler) refers to lto-llvm-97e8d4.o(.text.Error_Handler) for [Anonymous Symbol]
    lto-llvm-97e8d4.o(.text.DIMMER_SET_Listener) refers to uidiv_div0.o(.text) for __aeabi_uidiv
    lto-llvm-97e8d4.o(.text.DIMMER_SET_Listener) refers to lto-llvm-97e8d4.o(.text.TF_Respond) for TF_Respond
    lto-llvm-97e8d4.o(.text.DIMMER_SET_Listener) refers to lto-llvm-97e8d4.o(.bss..L_MergedGlobals.95) for [Anonymous Symbol]
    lto-llvm-97e8d4.o(.text.DIMMER_SET_Listener) refers to lto-llvm-97e8d4.o(.bss.dimm_ch) for [Anonymous Symbol]
    lto-llvm-97e8d4.o(.ARM.exidx.text.DIMMER_SET_Listener) refers to lto-llvm-97e8d4.o(.text.DIMMER_SET_Listener) for [Anonymous Symbol]
    lto-llvm-97e8d4.o(.text.DIMMER_GET_Listener) refers to uidiv_div0.o(.text) for __aeabi_uidiv
    lto-llvm-97e8d4.o(.text.DIMMER_GET_Listener) refers to lto-llvm-97e8d4.o(.text.TF_Respond) for TF_Respond
    lto-llvm-97e8d4.o(.text.DIMMER_GET_Listener) refers to lto-llvm-97e8d4.o(.bss..L_MergedGlobals.95) for [Anonymous Symbol]
    lto-llvm-97e8d4.o(.text.DIMMER_GET_Listener) refers to lto-llvm-97e8d4.o(.bss.dimm_ch) for [Anonymous Symbol]
    lto-llvm-97e8d4.o(.ARM.exidx.text.DIMMER_GET_Listener) refers to lto-llvm-97e8d4.o(.text.DIMMER_GET_Listener) for [Anonymous Symbol]
    lto-llvm-97e8d4.o(.text.DIMMER_SETUP_Listener) refers to lto-llvm-97e8d4.o(.text.TF_Respond) for TF_Respond
    lto-llvm-97e8d4.o(.text.DIMMER_SETUP_Listener) refers to lto-llvm-97e8d4.o(.bss..L_MergedGlobals.95) for [Anonymous Symbol]
    lto-llvm-97e8d4.o(.text.DIMMER_SETUP_Listener) refers to lto-llvm-97e8d4.o(.bss.dimm_ch) for [Anonymous Symbol]
    lto-llvm-97e8d4.o(.ARM.exidx.text.DIMMER_SETUP_Listener) refers to lto-llvm-97e8d4.o(.text.DIMMER_SETUP_Listener) for [Anonymous Symbol]
    lto-llvm-97e8d4.o(.text.DIMMER_RESET_Listener) refers to lto-llvm-97e8d4.o(.text.reset_ch) for reset_ch
    lto-llvm-97e8d4.o(.text.DIMMER_RESET_Listener) refers to lto-llvm-97e8d4.o(.text.TF_Respond) for TF_Respond
    lto-llvm-97e8d4.o(.text.DIMMER_RESET_Listener) refers to lto-llvm-97e8d4.o(.bss..L_MergedGlobals.95) for [Anonymous Symbol]
    lto-llvm-97e8d4.o(.ARM.exidx.text.DIMMER_RESET_Listener) refers to lto-llvm-97e8d4.o(.text.DIMMER_RESET_Listener) for [Anonymous Symbol]
    lto-llvm-97e8d4.o(.text.DIMMER_RESTART_Listener) refers to lto-llvm-97e8d4.o(.text.TF_Respond) for TF_Respond
    lto-llvm-97e8d4.o(.text.DIMMER_RESTART_Listener) refers to lto-llvm-97e8d4.o(.bss..L_MergedGlobals.95) for [Anonymous Symbol]
    lto-llvm-97e8d4.o(.ARM.exidx.text.DIMMER_RESTART_Listener) refers to lto-llvm-97e8d4.o(.text.DIMMER_RESTART_Listener) for [Anonymous Symbol]
    lto-llvm-97e8d4.o(.text.TF_WriteImpl) refers to uidiv_div0.o(.text) for __aeabi_uidiv
    lto-llvm-97e8d4.o(.text.TF_WriteImpl) refers to lto-llvm-97e8d4.o(.text.HAL_UART_Transmit) for HAL_UART_Transmit
    lto-llvm-97e8d4.o(.text.TF_WriteImpl) refers to lto-llvm-97e8d4.o(.text.HAL_UART_Receive_IT) for HAL_UART_Receive_IT
    lto-llvm-97e8d4.o(.text.TF_WriteImpl) refers to lto-llvm-97e8d4.o(.data..L_MergedGlobals) for [Anonymous Symbol]
    lto-llvm-97e8d4.o(.text.TF_WriteImpl) refers to lto-llvm-97e8d4.o(.bss.huart1) for [Anonymous Symbol]
    lto-llvm-97e8d4.o(.text.TF_WriteImpl) refers to lto-llvm-97e8d4.o(.bss..L_MergedGlobals.95) for [Anonymous Symbol]
    lto-llvm-97e8d4.o(.ARM.exidx.text.TF_WriteImpl) refers to lto-llvm-97e8d4.o(.text.TF_WriteImpl) for [Anonymous Symbol]
    lto-llvm-97e8d4.o(.text.HAL_UART_RxCpltCallback) refers to lto-llvm-97e8d4.o(.text.HAL_UART_Receive_IT) for HAL_UART_Receive_IT
    lto-llvm-97e8d4.o(.text.HAL_UART_RxCpltCallback) refers to lto-llvm-97e8d4.o(.text.TF_HandleReceivedMessage) for TF_HandleReceivedMessage
    lto-llvm-97e8d4.o(.text.HAL_UART_RxCpltCallback) refers to lto-llvm-97e8d4.o(.bss..L_MergedGlobals.95) for [Anonymous Symbol]
    lto-llvm-97e8d4.o(.text.HAL_UART_RxCpltCallback) refers to lto-llvm-97e8d4.o(.bss.tfapp) for [Anonymous Symbol]
    lto-llvm-97e8d4.o(.text.HAL_UART_RxCpltCallback) refers to lto-llvm-97e8d4.o(.rodata.crc16_table) for [Anonymous Symbol]
    lto-llvm-97e8d4.o(.ARM.exidx.text.HAL_UART_RxCpltCallback) refers to lto-llvm-97e8d4.o(.text.HAL_UART_RxCpltCallback) for [Anonymous Symbol]
    lto-llvm-97e8d4.o(.text.HAL_UART_ErrorCallback) refers to lto-llvm-97e8d4.o(.text.HAL_DMA_Abort) for HAL_DMA_Abort
    lto-llvm-97e8d4.o(.text.HAL_UART_ErrorCallback) refers to lto-llvm-97e8d4.o(.text.HAL_UART_Receive_IT) for HAL_UART_Receive_IT
    lto-llvm-97e8d4.o(.text.HAL_UART_ErrorCallback) refers to lto-llvm-97e8d4.o(.bss..L_MergedGlobals.95) for [Anonymous Symbol]
    lto-llvm-97e8d4.o(.ARM.exidx.text.HAL_UART_ErrorCallback) refers to lto-llvm-97e8d4.o(.text.HAL_UART_ErrorCallback) for [Anonymous Symbol]
    lto-llvm-97e8d4.o(.ARM.exidx.text.NMI_Handler) refers to lto-llvm-97e8d4.o(.text.NMI_Handler) for [Anonymous Symbol]
    lto-llvm-97e8d4.o(.ARM.exidx.text.HardFault_Handler) refers to lto-llvm-97e8d4.o(.text.HardFault_Handler) for [Anonymous Symbol]
    lto-llvm-97e8d4.o(.ARM.exidx.text.SVC_Handler) refers to lto-llvm-97e8d4.o(.text.SVC_Handler) for [Anonymous Symbol]
    lto-llvm-97e8d4.o(.ARM.exidx.text.PendSV_Handler) refers to lto-llvm-97e8d4.o(.text.PendSV_Handler) for [Anonymous Symbol]
    lto-llvm-97e8d4.o(.text.SysTick_Handler) refers to lto-llvm-97e8d4.o(.text.cleanup_id_listener) for cleanup_id_listener
    lto-llvm-97e8d4.o(.text.SysTick_Handler) refers to lto-llvm-97e8d4.o(.bss..L_MergedGlobals.95) for [Anonymous Symbol]
    lto-llvm-97e8d4.o(.text.SysTick_Handler) refers to lto-llvm-97e8d4.o(.bss.tfapp) for [Anonymous Symbol]
    lto-llvm-97e8d4.o(.ARM.exidx.text.SysTick_Handler) refers to lto-llvm-97e8d4.o(.text.SysTick_Handler) for [Anonymous Symbol]
    lto-llvm-97e8d4.o(.text.USART1_IRQHandler) refers to lto-llvm-97e8d4.o(.text.HAL_UART_IRQHandler) for HAL_UART_IRQHandler
    lto-llvm-97e8d4.o(.text.USART1_IRQHandler) refers to lto-llvm-97e8d4.o(.bss.huart1) for [Anonymous Symbol]
    lto-llvm-97e8d4.o(.ARM.exidx.text.USART1_IRQHandler) refers to lto-llvm-97e8d4.o(.text.USART1_IRQHandler) for [Anonymous Symbol]
    lto-llvm-97e8d4.o(.text.USART2_IRQHandler) refers to lto-llvm-97e8d4.o(.text.HAL_UART_IRQHandler) for HAL_UART_IRQHandler
    lto-llvm-97e8d4.o(.text.USART2_IRQHandler) refers to lto-llvm-97e8d4.o(.bss.huart2) for [Anonymous Symbol]
    lto-llvm-97e8d4.o(.ARM.exidx.text.USART2_IRQHandler) refers to lto-llvm-97e8d4.o(.text.USART2_IRQHandler) for [Anonymous Symbol]
    lto-llvm-97e8d4.o(.text.HAL_UART_MspInit) refers to lto-llvm-97e8d4.o(.text.HAL_GPIO_Init) for HAL_GPIO_Init
    lto-llvm-97e8d4.o(.ARM.exidx.text.HAL_UART_MspInit) refers to lto-llvm-97e8d4.o(.text.HAL_UART_MspInit) for [Anonymous Symbol]
    lto-llvm-97e8d4.o(.text.TF_AddTypeListener) refers to lto-llvm-97e8d4.o(.bss.tfapp) for [Anonymous Symbol]
    lto-llvm-97e8d4.o(.ARM.exidx.text.TF_AddTypeListener) refers to lto-llvm-97e8d4.o(.text.TF_AddTypeListener) for [Anonymous Symbol]
    lto-llvm-97e8d4.o(.text.cleanup_id_listener) refers to lto-llvm-97e8d4.o(.bss.tfapp) for [Anonymous Symbol]
    lto-llvm-97e8d4.o(.ARM.exidx.text.cleanup_id_listener) refers to lto-llvm-97e8d4.o(.text.cleanup_id_listener) for [Anonymous Symbol]
    lto-llvm-97e8d4.o(.text.TF_HandleReceivedMessage) refers to memseta.o(.text) for __aeabi_memclr4
    lto-llvm-97e8d4.o(.text.TF_HandleReceivedMessage) refers to lto-llvm-97e8d4.o(.text.cleanup_id_listener) for cleanup_id_listener
    lto-llvm-97e8d4.o(.text.TF_HandleReceivedMessage) refers to lto-llvm-97e8d4.o(.bss.tfapp) for [Anonymous Symbol]
    lto-llvm-97e8d4.o(.ARM.exidx.text.TF_HandleReceivedMessage) refers to lto-llvm-97e8d4.o(.text.TF_HandleReceivedMessage) for [Anonymous Symbol]
    lto-llvm-97e8d4.o(.text.TF_Respond) refers to lto-llvm-97e8d4.o(.text.TF_WriteImpl) for TF_WriteImpl
    lto-llvm-97e8d4.o(.text.TF_Respond) refers to lto-llvm-97e8d4.o(.rodata.crc16_table) for [Anonymous Symbol]
    lto-llvm-97e8d4.o(.ARM.exidx.text.TF_Respond) refers to lto-llvm-97e8d4.o(.text.TF_Respond) for [Anonymous Symbol]
    lto-llvm-97e8d4.o(.text.HAL_RCC_GetSysClockFreq) refers to uidiv_div0.o(.text) for __aeabi_uidiv
    lto-llvm-97e8d4.o(.ARM.exidx.text.HAL_RCC_GetSysClockFreq) refers to lto-llvm-97e8d4.o(.text.HAL_RCC_GetSysClockFreq) for [Anonymous Symbol]
    lto-llvm-97e8d4.o(.text.HAL_RCC_GetPCLK1Freq) refers to lto-llvm-97e8d4.o(.data..L_MergedGlobals) for [Anonymous Symbol]
    lto-llvm-97e8d4.o(.ARM.exidx.text.HAL_RCC_GetPCLK1Freq) refers to lto-llvm-97e8d4.o(.text.HAL_RCC_GetPCLK1Freq) for [Anonymous Symbol]
    lto-llvm-97e8d4.o(.text.HAL_InitTick) refers to uidiv_div0.o(.text) for __aeabi_uidiv
    lto-llvm-97e8d4.o(.text.HAL_InitTick) refers to lto-llvm-97e8d4.o(.data..L_MergedGlobals) for [Anonymous Symbol]
    lto-llvm-97e8d4.o(.ARM.exidx.text.HAL_InitTick) refers to lto-llvm-97e8d4.o(.text.HAL_InitTick) for [Anonymous Symbol]
    lto-llvm-97e8d4.o(.text.HAL_Delay) refers to lto-llvm-97e8d4.o(.bss..L_MergedGlobals.95) for [Anonymous Symbol]
    lto-llvm-97e8d4.o(.ARM.exidx.text.HAL_Delay) refers to lto-llvm-97e8d4.o(.text.HAL_Delay) for [Anonymous Symbol]
    lto-llvm-97e8d4.o(.text.I2C_WaitOnFlagUntilTimeout) refers to lto-llvm-97e8d4.o(.text.I2C_IsErrorOccurred) for I2C_IsErrorOccurred
    lto-llvm-97e8d4.o(.text.I2C_WaitOnFlagUntilTimeout) refers to lto-llvm-97e8d4.o(.bss.hi2c1) for [Anonymous Symbol]
    lto-llvm-97e8d4.o(.text.I2C_WaitOnFlagUntilTimeout) refers to lto-llvm-97e8d4.o(.bss..L_MergedGlobals.95) for [Anonymous Symbol]
    lto-llvm-97e8d4.o(.ARM.exidx.text.I2C_WaitOnFlagUntilTimeout) refers to lto-llvm-97e8d4.o(.text.I2C_WaitOnFlagUntilTimeout) for [Anonymous Symbol]
    lto-llvm-97e8d4.o(.text.I2C_TransferConfig) refers to lto-llvm-97e8d4.o(.bss.hi2c1) for [Anonymous Symbol]
    lto-llvm-97e8d4.o(.ARM.exidx.text.I2C_TransferConfig) refers to lto-llvm-97e8d4.o(.text.I2C_TransferConfig) for [Anonymous Symbol]
    lto-llvm-97e8d4.o(.text.I2C_WaitOnTXISFlagUntilTimeout) refers to lto-llvm-97e8d4.o(.text.I2C_IsErrorOccurred) for I2C_IsErrorOccurred
    lto-llvm-97e8d4.o(.text.I2C_WaitOnTXISFlagUntilTimeout) refers to lto-llvm-97e8d4.o(.bss.hi2c1) for [Anonymous Symbol]
    lto-llvm-97e8d4.o(.text.I2C_WaitOnTXISFlagUntilTimeout) refers to lto-llvm-97e8d4.o(.bss..L_MergedGlobals.95) for [Anonymous Symbol]
    lto-llvm-97e8d4.o(.ARM.exidx.text.I2C_WaitOnTXISFlagUntilTimeout) refers to lto-llvm-97e8d4.o(.text.I2C_WaitOnTXISFlagUntilTimeout) for [Anonymous Symbol]
    lto-llvm-97e8d4.o(.text.I2C_WaitOnSTOPFlagUntilTimeout) refers to lto-llvm-97e8d4.o(.text.I2C_IsErrorOccurred) for I2C_IsErrorOccurred
    lto-llvm-97e8d4.o(.text.I2C_WaitOnSTOPFlagUntilTimeout) refers to lto-llvm-97e8d4.o(.bss.hi2c1) for [Anonymous Symbol]
    lto-llvm-97e8d4.o(.text.I2C_WaitOnSTOPFlagUntilTimeout) refers to lto-llvm-97e8d4.o(.bss..L_MergedGlobals.95) for [Anonymous Symbol]
    lto-llvm-97e8d4.o(.ARM.exidx.text.I2C_WaitOnSTOPFlagUntilTimeout) refers to lto-llvm-97e8d4.o(.text.I2C_WaitOnSTOPFlagUntilTimeout) for [Anonymous Symbol]
    lto-llvm-97e8d4.o(.text.I2C_IsErrorOccurred) refers to lto-llvm-97e8d4.o(.bss.hi2c1) for [Anonymous Symbol]
    lto-llvm-97e8d4.o(.text.I2C_IsErrorOccurred) refers to lto-llvm-97e8d4.o(.bss..L_MergedGlobals.95) for [Anonymous Symbol]
    lto-llvm-97e8d4.o(.ARM.exidx.text.I2C_IsErrorOccurred) refers to lto-llvm-97e8d4.o(.text.I2C_IsErrorOccurred) for [Anonymous Symbol]
    lto-llvm-97e8d4.o(.ARM.exidx.text.HAL_GPIO_Init) refers to lto-llvm-97e8d4.o(.text.HAL_GPIO_Init) for [Anonymous Symbol]
    lto-llvm-97e8d4.o(.ARM.exidx.text.HAL_DMA_Abort) refers to lto-llvm-97e8d4.o(.text.HAL_DMA_Abort) for [Anonymous Symbol]
    lto-llvm-97e8d4.o(.text.HAL_NVIC_SystemReset) refers to lto-llvm-97e8d4.o(.text.__NVIC_SystemReset) for __NVIC_SystemReset
    lto-llvm-97e8d4.o(.ARM.exidx.text.HAL_NVIC_SystemReset) refers to lto-llvm-97e8d4.o(.text.HAL_NVIC_SystemReset) for [Anonymous Symbol]
    lto-llvm-97e8d4.o(.ARM.exidx.text.__NVIC_SystemReset) refers to lto-llvm-97e8d4.o(.text.__NVIC_SystemReset) for [Anonymous Symbol]
    lto-llvm-97e8d4.o(.ARM.exidx.text.UART_AdvFeatureConfig) refers to lto-llvm-97e8d4.o(.text.UART_AdvFeatureConfig) for [Anonymous Symbol]
    lto-llvm-97e8d4.o(.text.UART_SetConfig) refers to lto-llvm-97e8d4.o(.text.HAL_RCC_GetPCLK1Freq) for HAL_RCC_GetPCLK1Freq
    lto-llvm-97e8d4.o(.text.UART_SetConfig) refers to lto-llvm-97e8d4.o(.text.HAL_RCC_GetSysClockFreq) for HAL_RCC_GetSysClockFreq
    lto-llvm-97e8d4.o(.text.UART_SetConfig) refers to uidiv_div0.o(.text) for __aeabi_uidiv
    lto-llvm-97e8d4.o(.ARM.exidx.text.UART_SetConfig) refers to lto-llvm-97e8d4.o(.text.UART_SetConfig) for [Anonymous Symbol]
    lto-llvm-97e8d4.o(.text.UART_CheckIdleState) refers to lto-llvm-97e8d4.o(.text.UART_WaitOnFlagUntilTimeout) for UART_WaitOnFlagUntilTimeout
    lto-llvm-97e8d4.o(.text.UART_CheckIdleState) refers to lto-llvm-97e8d4.o(.bss..L_MergedGlobals.95) for [Anonymous Symbol]
    lto-llvm-97e8d4.o(.ARM.exidx.text.UART_CheckIdleState) refers to lto-llvm-97e8d4.o(.text.UART_CheckIdleState) for [Anonymous Symbol]
    lto-llvm-97e8d4.o(.text.UART_WaitOnFlagUntilTimeout) refers to lto-llvm-97e8d4.o(.text.UART_EndRxTransfer) for UART_EndRxTransfer
    lto-llvm-97e8d4.o(.text.UART_WaitOnFlagUntilTimeout) refers to lto-llvm-97e8d4.o(.bss..L_MergedGlobals.95) for [Anonymous Symbol]
    lto-llvm-97e8d4.o(.ARM.exidx.text.UART_WaitOnFlagUntilTimeout) refers to lto-llvm-97e8d4.o(.text.UART_WaitOnFlagUntilTimeout) for [Anonymous Symbol]
    lto-llvm-97e8d4.o(.ARM.exidx.text.UART_EndRxTransfer) refers to lto-llvm-97e8d4.o(.text.UART_EndRxTransfer) for [Anonymous Symbol]
    lto-llvm-97e8d4.o(.text.HAL_UART_Transmit) refers to lto-llvm-97e8d4.o(.text.UART_WaitOnFlagUntilTimeout) for UART_WaitOnFlagUntilTimeout
    lto-llvm-97e8d4.o(.text.HAL_UART_Transmit) refers to lto-llvm-97e8d4.o(.bss..L_MergedGlobals.95) for [Anonymous Symbol]
    lto-llvm-97e8d4.o(.ARM.exidx.text.HAL_UART_Transmit) refers to lto-llvm-97e8d4.o(.text.HAL_UART_Transmit) for [Anonymous Symbol]
    lto-llvm-97e8d4.o(.text.HAL_UART_Receive_IT) refers to lto-llvm-97e8d4.o(.text.UART_RxISR_8BIT) for UART_RxISR_8BIT
    lto-llvm-97e8d4.o(.text.HAL_UART_Receive_IT) refers to lto-llvm-97e8d4.o(.text.UART_RxISR_16BIT) for UART_RxISR_16BIT
    lto-llvm-97e8d4.o(.ARM.exidx.text.HAL_UART_Receive_IT) refers to lto-llvm-97e8d4.o(.text.HAL_UART_Receive_IT) for [Anonymous Symbol]
    lto-llvm-97e8d4.o(.text.UART_RxISR_8BIT) refers to lto-llvm-97e8d4.o(.text.HAL_UART_RxCpltCallback) for HAL_UART_RxCpltCallback
    lto-llvm-97e8d4.o(.ARM.exidx.text.UART_RxISR_8BIT) refers to lto-llvm-97e8d4.o(.text.UART_RxISR_8BIT) for [Anonymous Symbol]
    lto-llvm-97e8d4.o(.text.UART_RxISR_16BIT) refers to lto-llvm-97e8d4.o(.text.HAL_UART_RxCpltCallback) for HAL_UART_RxCpltCallback
    lto-llvm-97e8d4.o(.ARM.exidx.text.UART_RxISR_16BIT) refers to lto-llvm-97e8d4.o(.text.UART_RxISR_16BIT) for [Anonymous Symbol]
    lto-llvm-97e8d4.o(.text.HAL_UART_IRQHandler) refers to lto-llvm-97e8d4.o(.text.HAL_UART_ErrorCallback) for HAL_UART_ErrorCallback
    lto-llvm-97e8d4.o(.text.HAL_UART_IRQHandler) refers to lto-llvm-97e8d4.o(.text.UART_EndRxTransfer) for UART_EndRxTransfer
    lto-llvm-97e8d4.o(.text.HAL_UART_IRQHandler) refers to lto-llvm-97e8d4.o(.text.HAL_DMA_Abort) for HAL_DMA_Abort
    lto-llvm-97e8d4.o(.text.HAL_UART_IRQHandler) refers to lto-llvm-97e8d4.o(.text.UART_DMAAbortOnError) for UART_DMAAbortOnError
    lto-llvm-97e8d4.o(.ARM.exidx.text.HAL_UART_IRQHandler) refers to lto-llvm-97e8d4.o(.text.HAL_UART_IRQHandler) for [Anonymous Symbol]
    lto-llvm-97e8d4.o(.text.UART_DMAAbortOnError) refers to lto-llvm-97e8d4.o(.text.HAL_UART_ErrorCallback) for HAL_UART_ErrorCallback
    lto-llvm-97e8d4.o(.ARM.exidx.text.UART_DMAAbortOnError) refers to lto-llvm-97e8d4.o(.text.UART_DMAAbortOnError) for [Anonymous Symbol]
    lto-llvm-97e8d4.o(.ARM.exidx.text.SystemInit) refers to lto-llvm-97e8d4.o(.text.SystemInit) for [Anonymous Symbol]
    depilogue.o(i.__ARM_clz) refers (Special) to iusefp.o(.text) for __I$use$fp


==============================================================================

Removing Unused input sections from the image.

    Removing startup_stm32f030x8.o(HEAP), (512 bytes).
    Removing dadd.o(.text), (356 bytes).
    Removing dmul.o(.text), (208 bytes).
    Removing ddiv.o(.text), (240 bytes).
    Removing dfixul.o(.text), (64 bytes).
    Removing cdrcmple.o(.text), (40 bytes).
    Removing depilogue.o(.text), (190 bytes).
    Removing lto-llvm-97e8d4.o(.text), (0 bytes).
    Removing lto-llvm-97e8d4.o(.ARM.exidx.text.reset_ch), (8 bytes).
    Removing lto-llvm-97e8d4.o(.ARM.exidx.text.send), (8 bytes).
    Removing lto-llvm-97e8d4.o(.ARM.exidx.text.set_value), (8 bytes).
    Removing lto-llvm-97e8d4.o(.ARM.exidx.text.get_state), (8 bytes).
    Removing lto-llvm-97e8d4.o(.ARM.exidx.text.get_address), (8 bytes).
    Removing lto-llvm-97e8d4.o(.ARM.exidx.text.restart_all), (8 bytes).
    Removing lto-llvm-97e8d4.o(.ARM.exidx.text.load_ch), (8 bytes).
    Removing lto-llvm-97e8d4.o(.ARM.exidx.text.refresh_led), (8 bytes).
    Removing lto-llvm-97e8d4.o(.ARM.exidx.text.main), (8 bytes).
    Removing lto-llvm-97e8d4.o(.ARM.exidx.text.Error_Handler), (8 bytes).
    Removing lto-llvm-97e8d4.o(.ARM.exidx.text.DIMMER_SET_Listener), (8 bytes).
    Removing lto-llvm-97e8d4.o(.ARM.exidx.text.DIMMER_GET_Listener), (8 bytes).
    Removing lto-llvm-97e8d4.o(.ARM.exidx.text.DIMMER_SETUP_Listener), (8 bytes).
    Removing lto-llvm-97e8d4.o(.ARM.exidx.text.DIMMER_RESET_Listener), (8 bytes).
    Removing lto-llvm-97e8d4.o(.ARM.exidx.text.DIMMER_RESTART_Listener), (8 bytes).
    Removing lto-llvm-97e8d4.o(.ARM.exidx.text.TF_WriteImpl), (8 bytes).
    Removing lto-llvm-97e8d4.o(.ARM.exidx.text.HAL_UART_RxCpltCallback), (8 bytes).
    Removing lto-llvm-97e8d4.o(.ARM.exidx.text.HAL_UART_ErrorCallback), (8 bytes).
    Removing lto-llvm-97e8d4.o(.ARM.exidx.text.NMI_Handler), (8 bytes).
    Removing lto-llvm-97e8d4.o(.ARM.exidx.text.HardFault_Handler), (8 bytes).
    Removing lto-llvm-97e8d4.o(.ARM.exidx.text.SVC_Handler), (8 bytes).
    Removing lto-llvm-97e8d4.o(.ARM.exidx.text.PendSV_Handler), (8 bytes).
    Removing lto-llvm-97e8d4.o(.ARM.exidx.text.SysTick_Handler), (8 bytes).
    Removing lto-llvm-97e8d4.o(.ARM.exidx.text.USART1_IRQHandler), (8 bytes).
    Removing lto-llvm-97e8d4.o(.ARM.exidx.text.USART2_IRQHandler), (8 bytes).
    Removing lto-llvm-97e8d4.o(.ARM.exidx.text.HAL_UART_MspInit), (8 bytes).
    Removing lto-llvm-97e8d4.o(.ARM.exidx.text.TF_AddTypeListener), (8 bytes).
    Removing lto-llvm-97e8d4.o(.ARM.exidx.text.cleanup_id_listener), (8 bytes).
    Removing lto-llvm-97e8d4.o(.ARM.exidx.text.TF_HandleReceivedMessage), (8 bytes).
    Removing lto-llvm-97e8d4.o(.ARM.exidx.text.TF_Respond), (8 bytes).
    Removing lto-llvm-97e8d4.o(.ARM.exidx.text.HAL_RCC_GetSysClockFreq), (8 bytes).
    Removing lto-llvm-97e8d4.o(.ARM.exidx.text.HAL_RCC_GetPCLK1Freq), (8 bytes).
    Removing lto-llvm-97e8d4.o(.ARM.exidx.text.HAL_InitTick), (8 bytes).
    Removing lto-llvm-97e8d4.o(.ARM.exidx.text.HAL_Delay), (8 bytes).
    Removing lto-llvm-97e8d4.o(.ARM.exidx.text.I2C_WaitOnFlagUntilTimeout), (8 bytes).
    Removing lto-llvm-97e8d4.o(.ARM.exidx.text.I2C_TransferConfig), (8 bytes).
    Removing lto-llvm-97e8d4.o(.ARM.exidx.text.I2C_WaitOnTXISFlagUntilTimeout), (8 bytes).
    Removing lto-llvm-97e8d4.o(.ARM.exidx.text.I2C_WaitOnSTOPFlagUntilTimeout), (8 bytes).
    Removing lto-llvm-97e8d4.o(.ARM.exidx.text.I2C_IsErrorOccurred), (8 bytes).
    Removing lto-llvm-97e8d4.o(.ARM.exidx.text.HAL_GPIO_Init), (8 bytes).
    Removing lto-llvm-97e8d4.o(.ARM.exidx.text.HAL_DMA_Abort), (8 bytes).
    Removing lto-llvm-97e8d4.o(.ARM.exidx.text.HAL_NVIC_SystemReset), (8 bytes).
    Removing lto-llvm-97e8d4.o(.ARM.exidx.text.__NVIC_SystemReset), (8 bytes).
    Removing lto-llvm-97e8d4.o(.ARM.exidx.text.UART_AdvFeatureConfig), (8 bytes).
    Removing lto-llvm-97e8d4.o(.ARM.exidx.text.UART_SetConfig), (8 bytes).
    Removing lto-llvm-97e8d4.o(.ARM.exidx.text.UART_CheckIdleState), (8 bytes).
    Removing lto-llvm-97e8d4.o(.ARM.exidx.text.UART_WaitOnFlagUntilTimeout), (8 bytes).
    Removing lto-llvm-97e8d4.o(.ARM.exidx.text.UART_EndRxTransfer), (8 bytes).
    Removing lto-llvm-97e8d4.o(.ARM.exidx.text.HAL_UART_Transmit), (8 bytes).
    Removing lto-llvm-97e8d4.o(.ARM.exidx.text.HAL_UART_Receive_IT), (8 bytes).
    Removing lto-llvm-97e8d4.o(.ARM.exidx.text.UART_RxISR_8BIT), (8 bytes).
    Removing lto-llvm-97e8d4.o(.ARM.exidx.text.UART_RxISR_16BIT), (8 bytes).
    Removing lto-llvm-97e8d4.o(.ARM.exidx.text.HAL_UART_IRQHandler), (8 bytes).
    Removing lto-llvm-97e8d4.o(.ARM.exidx.text.UART_DMAAbortOnError), (8 bytes).
    Removing lto-llvm-97e8d4.o(.ARM.exidx.text.SystemInit), (8 bytes).
    Removing lto-llvm-97e8d4.o(.ARM.use_no_argv), (4 bytes).
    Removing depilogue.o(i.__ARM_clz), (46 bytes).

65 unused section(s) (total 2100 bytes) removed from the image.

==============================================================================

Image Symbol Table

    Local Symbols

    Symbol Name                              Value     Ov Type        Size  Object(Section)

    ../clib/division.s                       0x00000000   Number         0  aeabi_sdiv.o ABSOLUTE
    ../clib/division.s                       0x00000000   Number         0  aeabi_sdiv_div0.o ABSOLUTE
    ../clib/microlib/division.c              0x00000000   Number         0  uidiv.o ABSOLUTE
    ../clib/microlib/division.c              0x00000000   Number         0  uldiv.o ABSOLUTE
    ../clib/microlib/division.c              0x00000000   Number         0  uidiv_div0.o ABSOLUTE
    ../clib/microlib/division.c              0x00000000   Number         0  idiv_div0.o ABSOLUTE
    ../clib/microlib/division.c              0x00000000   Number         0  idiv0.o ABSOLUTE
    ../clib/microlib/init/entry.s            0x00000000   Number         0  entry.o ABSOLUTE
    ../clib/microlib/init/entry.s            0x00000000   Number         0  entry2.o ABSOLUTE
    ../clib/microlib/init/entry.s            0x00000000   Number         0  entry5.o ABSOLUTE
    ../clib/microlib/init/entry.s            0x00000000   Number         0  entry7a.o ABSOLUTE
    ../clib/microlib/init/entry.s            0x00000000   Number         0  entry7b.o ABSOLUTE
    ../clib/microlib/init/entry.s            0x00000000   Number         0  entry8a.o ABSOLUTE
    ../clib/microlib/init/entry.s            0x00000000   Number         0  entry8b.o ABSOLUTE
    ../clib/microlib/init/entry.s            0x00000000   Number         0  entry9a.o ABSOLUTE
    ../clib/microlib/init/entry.s            0x00000000   Number         0  entry9b.o ABSOLUTE
    ../clib/microlib/init/entry.s            0x00000000   Number         0  entry10a.o ABSOLUTE
    ../clib/microlib/init/entry.s            0x00000000   Number         0  entry10b.o ABSOLUTE
    ../clib/microlib/init/entry.s            0x00000000   Number         0  entry11a.o ABSOLUTE
    ../clib/microlib/init/entry.s            0x00000000   Number         0  entry11b.o ABSOLUTE
    ../clib/microlib/longlong.c              0x00000000   Number         0  llshl.o ABSOLUTE
    ../clib/microlib/longlong.c              0x00000000   Number         0  llushr.o ABSOLUTE
    ../clib/microlib/longlong.c              0x00000000   Number         0  llsshr.o ABSOLUTE
    ../clib/microlib/malloc/malloc.c         0x00000000   Number         0  malloc.o ABSOLUTE
    ../clib/microlib/malloc/malloc.c         0x00000000   Number         0  mallocr.o ABSOLUTE
    ../clib/microlib/malloc/malloc.c         0x00000000   Number         0  malloca.o ABSOLUTE
    ../clib/microlib/malloc/malloc.c         0x00000000   Number         0  mallocra.o ABSOLUTE
    ../clib/microlib/malloc/mvars.c          0x00000000   Number         0  mvars.o ABSOLUTE
    ../clib/microlib/printf/printf.c         0x00000000   Number         0  printfb.o ABSOLUTE
    ../clib/microlib/printf/printf.c         0x00000000   Number         0  printf0.o ABSOLUTE
    ../clib/microlib/printf/printf.c         0x00000000   Number         0  printf1.o ABSOLUTE
    ../clib/microlib/printf/printf.c         0x00000000   Number         0  printf2.o ABSOLUTE
    ../clib/microlib/printf/printf.c         0x00000000   Number         0  printf3.o ABSOLUTE
    ../clib/microlib/printf/printf.c         0x00000000   Number         0  printf4.o ABSOLUTE
    ../clib/microlib/printf/printf.c         0x00000000   Number         0  printf5.o ABSOLUTE
    ../clib/microlib/printf/printf.c         0x00000000   Number         0  printf6.o ABSOLUTE
    ../clib/microlib/printf/printf.c         0x00000000   Number         0  printf7.o ABSOLUTE
    ../clib/microlib/printf/printf.c         0x00000000   Number         0  printf8.o ABSOLUTE
    ../clib/microlib/printf/printf.c         0x00000000   Number         0  printfa.o ABSOLUTE
    ../clib/microlib/printf/stubs.s          0x00000000   Number         0  printfstubs.o ABSOLUTE
    ../clib/microlib/stdio/fputc.c           0x00000000   Number         0  fputc.o ABSOLUTE
    ../clib/microlib/stdio/fputc.c           0x00000000   Number         0  fputc_h.o ABSOLUTE
    ../clib/microlib/stdio/putchar.c         0x00000000   Number         0  putchar.o ABSOLUTE
    ../clib/microlib/stdio/puts.c            0x00000000   Number         0  puts.o ABSOLUTE
    ../clib/microlib/stdio/puts.c            0x00000000   Number         0  puts_e.o ABSOLUTE
    ../clib/microlib/stdio/semi.s            0x00000000   Number         0  semi.o ABSOLUTE
    ../clib/microlib/stdio/streams.c         0x00000000   Number         0  stdout.o ABSOLUTE
    ../clib/microlib/string/memcpy.c         0x00000000   Number         0  memcpya.o ABSOLUTE
    ../clib/microlib/string/memcpy.c         0x00000000   Number         0  memcpyb.o ABSOLUTE
    ../clib/microlib/string/memset.c         0x00000000   Number         0  memseta.o ABSOLUTE
    ../clib/microlib/stubs.s                 0x00000000   Number         0  iusefp.o ABSOLUTE
    ../clib/microlib/stubs.s                 0x00000000   Number         0  iusesemip.o ABSOLUTE
    ../fplib/microlib/fpadd.c                0x00000000   Number         0  dadd.o ABSOLUTE
    ../fplib/microlib/fpdiv.c                0x00000000   Number         0  ddiv.o ABSOLUTE
    ../fplib/microlib/fpepilogue.c           0x00000000   Number         0  depilogue.o ABSOLUTE
    ../fplib/microlib/fpfix.c                0x00000000   Number         0  dfixul.o ABSOLUTE
    ../fplib/microlib/fpmul.c                0x00000000   Number         0  dmul.o ABSOLUTE
    cdrcmple.s                               0x00000000   Number         0  cdrcmple.o ABSOLUTE
    dc.s                                     0x00000000   Number         0  dc.o ABSOLUTE
    handlers.s                               0x00000000   Number         0  handlers.o ABSOLUTE
    init.s                                   0x00000000   Number         0  init.o ABSOLUTE
    ld-temp.o                                0x00000000   Number         0  lto-llvm-97e8d4.o ABSOLUTE
    startup_stm32f030x8.s                    0x00000000   Number         0  startup_stm32f030x8.o ABSOLUTE
    RESET                                    0x08000000   Section      180  startup_stm32f030x8.o(RESET)
    .ARM.Collect$$$$00000000                 0x080000b4   Section        0  entry.o(.ARM.Collect$$$$00000000)
    .ARM.Collect$$$$00000001                 0x080000b4   Section        4  entry2.o(.ARM.Collect$$$$00000001)
    .ARM.Collect$$$$00000004                 0x080000b8   Section        4  entry5.o(.ARM.Collect$$$$00000004)
    .ARM.Collect$$$$00000008                 0x080000bc   Section        0  entry7b.o(.ARM.Collect$$$$00000008)
    .ARM.Collect$$$$0000000A                 0x080000bc   Section        0  entry8b.o(.ARM.Collect$$$$0000000A)
    .ARM.Collect$$$$0000000B                 0x080000bc   Section        8  entry9a.o(.ARM.Collect$$$$0000000B)
    __lit__00000000                          0x080000c4   Data           4  entry2.o(.ARM.Collect$$$$00002712)
    .ARM.Collect$$$$0000000D                 0x080000c4   Section        0  entry10a.o(.ARM.Collect$$$$0000000D)
    .ARM.Collect$$$$0000000F                 0x080000c4   Section        0  entry11a.o(.ARM.Collect$$$$0000000F)
    .ARM.Collect$$$$00002712                 0x080000c4   Section        4  entry2.o(.ARM.Collect$$$$00002712)
    .text                                    0x080000c8   Section       28  startup_stm32f030x8.o(.text)
    .text                                    0x080000e4   Section       36  init.o(.text)
    .text                                    0x08000108   Section        0  uidiv_div0.o(.text)
    .text                                    0x08000146   Section        0  memseta.o(.text)
    DIMMER_GET_Listener                      0x0800016d   Thumb Code   156  lto-llvm-97e8d4.o(.text.DIMMER_GET_Listener)
    [Anonymous Symbol]                       0x0800016c   Section        0  lto-llvm-97e8d4.o(.text.DIMMER_GET_Listener)
    DIMMER_RESET_Listener                    0x08000209   Thumb Code   120  lto-llvm-97e8d4.o(.text.DIMMER_RESET_Listener)
    [Anonymous Symbol]                       0x08000208   Section        0  lto-llvm-97e8d4.o(.text.DIMMER_RESET_Listener)
    DIMMER_RESTART_Listener                  0x08000281   Thumb Code    92  lto-llvm-97e8d4.o(.text.DIMMER_RESTART_Listener)
    [Anonymous Symbol]                       0x08000280   Section        0  lto-llvm-97e8d4.o(.text.DIMMER_RESTART_Listener)
    __arm_cp.14_1                            0x080002dc   Number         4  lto-llvm-97e8d4.o(.text.DIMMER_RESTART_Listener)
    DIMMER_SETUP_Listener                    0x080002e1   Thumb Code   172  lto-llvm-97e8d4.o(.text.DIMMER_SETUP_Listener)
    [Anonymous Symbol]                       0x080002e0   Section        0  lto-llvm-97e8d4.o(.text.DIMMER_SETUP_Listener)
    DIMMER_SET_Listener                      0x0800038d   Thumb Code   148  lto-llvm-97e8d4.o(.text.DIMMER_SET_Listener)
    [Anonymous Symbol]                       0x0800038c   Section        0  lto-llvm-97e8d4.o(.text.DIMMER_SET_Listener)
    __arm_cp.10_1                            0x08000420   Number         4  lto-llvm-97e8d4.o(.text.DIMMER_SET_Listener)
    Error_Handler                            0x08000425   Thumb Code    10  lto-llvm-97e8d4.o(.text.Error_Handler)
    [Anonymous Symbol]                       0x08000424   Section        0  lto-llvm-97e8d4.o(.text.Error_Handler)
    HAL_DMA_Abort                            0x0800042f   Thumb Code    58  lto-llvm-97e8d4.o(.text.HAL_DMA_Abort)
    [Anonymous Symbol]                       0x0800042e   Section        0  lto-llvm-97e8d4.o(.text.HAL_DMA_Abort)
    HAL_Delay                                0x08000469   Thumb Code    16  lto-llvm-97e8d4.o(.text.HAL_Delay)
    [Anonymous Symbol]                       0x08000468   Section        0  lto-llvm-97e8d4.o(.text.HAL_Delay)
    __arm_cp.33_0                            0x08000478   Number         4  lto-llvm-97e8d4.o(.text.HAL_Delay)
    HAL_GPIO_Init                            0x0800047d   Thumb Code   388  lto-llvm-97e8d4.o(.text.HAL_GPIO_Init)
    [Anonymous Symbol]                       0x0800047c   Section        0  lto-llvm-97e8d4.o(.text.HAL_GPIO_Init)
    __arm_cp.39_0                            0x08000600   Number         4  lto-llvm-97e8d4.o(.text.HAL_GPIO_Init)
    __arm_cp.39_1                            0x08000604   Number         4  lto-llvm-97e8d4.o(.text.HAL_GPIO_Init)
    __arm_cp.39_2                            0x08000608   Number         4  lto-llvm-97e8d4.o(.text.HAL_GPIO_Init)
    __arm_cp.39_3                            0x0800060c   Number         4  lto-llvm-97e8d4.o(.text.HAL_GPIO_Init)
    __arm_cp.39_4                            0x08000610   Number         4  lto-llvm-97e8d4.o(.text.HAL_GPIO_Init)
    __arm_cp.39_5                            0x08000614   Number         4  lto-llvm-97e8d4.o(.text.HAL_GPIO_Init)
    HAL_InitTick                             0x08000619   Thumb Code    60  lto-llvm-97e8d4.o(.text.HAL_InitTick)
    [Anonymous Symbol]                       0x08000618   Section        0  lto-llvm-97e8d4.o(.text.HAL_InitTick)
    __arm_cp.32_1                            0x08000654   Number         4  lto-llvm-97e8d4.o(.text.HAL_InitTick)
    __arm_cp.32_2                            0x08000658   Number         4  lto-llvm-97e8d4.o(.text.HAL_InitTick)
    __arm_cp.32_3                            0x0800065c   Number         4  lto-llvm-97e8d4.o(.text.HAL_InitTick)
    HAL_NVIC_SystemReset                     0x08000661   Thumb Code     4  lto-llvm-97e8d4.o(.text.HAL_NVIC_SystemReset)
    [Anonymous Symbol]                       0x08000660   Section        0  lto-llvm-97e8d4.o(.text.HAL_NVIC_SystemReset)
    HAL_RCC_GetPCLK1Freq                     0x08000665   Thumb Code    20  lto-llvm-97e8d4.o(.text.HAL_RCC_GetPCLK1Freq)
    [Anonymous Symbol]                       0x08000664   Section        0  lto-llvm-97e8d4.o(.text.HAL_RCC_GetPCLK1Freq)
    __arm_cp.31_0                            0x08000678   Number         4  lto-llvm-97e8d4.o(.text.HAL_RCC_GetPCLK1Freq)
    __arm_cp.31_1                            0x0800067c   Number         4  lto-llvm-97e8d4.o(.text.HAL_RCC_GetPCLK1Freq)
    APBPrescTable                            0x08000680   Number         0  lto-llvm-97e8d4.o(.text.HAL_RCC_GetPCLK1Freq)
    HAL_RCC_GetSysClockFreq                  0x08000689   Thumb Code    56  lto-llvm-97e8d4.o(.text.HAL_RCC_GetSysClockFreq)
    [Anonymous Symbol]                       0x08000688   Section        0  lto-llvm-97e8d4.o(.text.HAL_RCC_GetSysClockFreq)
    __arm_cp.30_0                            0x080006c0   Number         4  lto-llvm-97e8d4.o(.text.HAL_RCC_GetSysClockFreq)
    __arm_cp.30_1                            0x080006c4   Number         4  lto-llvm-97e8d4.o(.text.HAL_RCC_GetSysClockFreq)
    HAL_RCC_GetSysClockFreq.aPLLMULFactorTable 0x080006c8   Number         0  lto-llvm-97e8d4.o(.text.HAL_RCC_GetSysClockFreq)
    HAL_RCC_GetSysClockFreq.aPredivFactorTable 0x080006d8   Number         0  lto-llvm-97e8d4.o(.text.HAL_RCC_GetSysClockFreq)
    __arm_cp.30_4                            0x080006e8   Number         4  lto-llvm-97e8d4.o(.text.HAL_RCC_GetSysClockFreq)
    HAL_UART_ErrorCallback                   0x080006ed   Thumb Code   228  lto-llvm-97e8d4.o(.text.HAL_UART_ErrorCallback)
    [Anonymous Symbol]                       0x080006ec   Section        0  lto-llvm-97e8d4.o(.text.HAL_UART_ErrorCallback)
    __arm_cp.17_0                            0x080007d0   Number         4  lto-llvm-97e8d4.o(.text.HAL_UART_ErrorCallback)
    HAL_UART_IRQHandler                      0x080007d5   Thumb Code   704  lto-llvm-97e8d4.o(.text.HAL_UART_IRQHandler)
    [Anonymous Symbol]                       0x080007d4   Section        0  lto-llvm-97e8d4.o(.text.HAL_UART_IRQHandler)
    __arm_cp.52_0                            0x08000a94   Number         4  lto-llvm-97e8d4.o(.text.HAL_UART_IRQHandler)
    __arm_cp.52_1                            0x08000a98   Number         4  lto-llvm-97e8d4.o(.text.HAL_UART_IRQHandler)
    __arm_cp.52_2                            0x08000a9c   Number         4  lto-llvm-97e8d4.o(.text.HAL_UART_IRQHandler)
    HAL_UART_MspInit                         0x08000aa1   Thumb Code   156  lto-llvm-97e8d4.o(.text.HAL_UART_MspInit)
    [Anonymous Symbol]                       0x08000aa0   Section        0  lto-llvm-97e8d4.o(.text.HAL_UART_MspInit)
    __arm_cp.25_0                            0x08000b3c   Number         4  lto-llvm-97e8d4.o(.text.HAL_UART_MspInit)
    __arm_cp.25_1                            0x08000b40   Number         4  lto-llvm-97e8d4.o(.text.HAL_UART_MspInit)
    __arm_cp.25_2                            0x08000b44   Number         4  lto-llvm-97e8d4.o(.text.HAL_UART_MspInit)
    __arm_cp.25_3                            0x08000b48   Number         4  lto-llvm-97e8d4.o(.text.HAL_UART_MspInit)
    __arm_cp.25_4                            0x08000b4c   Number         4  lto-llvm-97e8d4.o(.text.HAL_UART_MspInit)
    HAL_UART_Receive_IT                      0x08000b51   Thumb Code   236  lto-llvm-97e8d4.o(.text.HAL_UART_Receive_IT)
    [Anonymous Symbol]                       0x08000b50   Section        0  lto-llvm-97e8d4.o(.text.HAL_UART_Receive_IT)
    __arm_cp.49_1                            0x08000c3c   Number         4  lto-llvm-97e8d4.o(.text.HAL_UART_Receive_IT)
    __arm_cp.49_2                            0x08000c40   Number         4  lto-llvm-97e8d4.o(.text.HAL_UART_Receive_IT)
    HAL_UART_RxCpltCallback                  0x08000c45   Thumb Code   516  lto-llvm-97e8d4.o(.text.HAL_UART_RxCpltCallback)
    [Anonymous Symbol]                       0x08000c44   Section        0  lto-llvm-97e8d4.o(.text.HAL_UART_RxCpltCallback)
    __arm_cp.16_0                            0x08000e48   Number         4  lto-llvm-97e8d4.o(.text.HAL_UART_RxCpltCallback)
    __arm_cp.16_1                            0x08000e4c   Number         4  lto-llvm-97e8d4.o(.text.HAL_UART_RxCpltCallback)
    __arm_cp.16_3                            0x08000e50   Number         4  lto-llvm-97e8d4.o(.text.HAL_UART_RxCpltCallback)
    __arm_cp.16_4                            0x08000e54   Number         4  lto-llvm-97e8d4.o(.text.HAL_UART_RxCpltCallback)
    __arm_cp.16_5                            0x08000e58   Number         4  lto-llvm-97e8d4.o(.text.HAL_UART_RxCpltCallback)
    __arm_cp.16_6                            0x08000e5c   Number         4  lto-llvm-97e8d4.o(.text.HAL_UART_RxCpltCallback)
    __arm_cp.16_7                            0x08000e60   Number         4  lto-llvm-97e8d4.o(.text.HAL_UART_RxCpltCallback)
    __arm_cp.16_8                            0x08000e64   Number         4  lto-llvm-97e8d4.o(.text.HAL_UART_RxCpltCallback)
    __arm_cp.16_9                            0x08000e68   Number         4  lto-llvm-97e8d4.o(.text.HAL_UART_RxCpltCallback)
    __arm_cp.16_10                           0x08000e6c   Number         4  lto-llvm-97e8d4.o(.text.HAL_UART_RxCpltCallback)
    HAL_UART_Transmit                        0x08000e71   Thumb Code   156  lto-llvm-97e8d4.o(.text.HAL_UART_Transmit)
    [Anonymous Symbol]                       0x08000e70   Section        0  lto-llvm-97e8d4.o(.text.HAL_UART_Transmit)
    __arm_cp.48_1                            0x08000f0c   Number         4  lto-llvm-97e8d4.o(.text.HAL_UART_Transmit)
    [Anonymous Symbol]                       0x08000f10   Section        0  lto-llvm-97e8d4.o(.text.HardFault_Handler)
    I2C_IsErrorOccurred                      0x08000f15   Thumb Code   244  lto-llvm-97e8d4.o(.text.I2C_IsErrorOccurred)
    [Anonymous Symbol]                       0x08000f14   Section        0  lto-llvm-97e8d4.o(.text.I2C_IsErrorOccurred)
    __arm_cp.38_1                            0x08001008   Number         4  lto-llvm-97e8d4.o(.text.I2C_IsErrorOccurred)
    __arm_cp.38_2                            0x0800100c   Number         4  lto-llvm-97e8d4.o(.text.I2C_IsErrorOccurred)
    I2C_TransferConfig                       0x08001011   Thumb Code    36  lto-llvm-97e8d4.o(.text.I2C_TransferConfig)
    [Anonymous Symbol]                       0x08001010   Section        0  lto-llvm-97e8d4.o(.text.I2C_TransferConfig)
    __arm_cp.35_0                            0x08001034   Number         4  lto-llvm-97e8d4.o(.text.I2C_TransferConfig)
    __arm_cp.35_2                            0x08001038   Number         4  lto-llvm-97e8d4.o(.text.I2C_TransferConfig)
    I2C_WaitOnFlagUntilTimeout               0x0800103d   Thumb Code   112  lto-llvm-97e8d4.o(.text.I2C_WaitOnFlagUntilTimeout)
    [Anonymous Symbol]                       0x0800103c   Section        0  lto-llvm-97e8d4.o(.text.I2C_WaitOnFlagUntilTimeout)
    I2C_WaitOnSTOPFlagUntilTimeout           0x080010ad   Thumb Code    80  lto-llvm-97e8d4.o(.text.I2C_WaitOnSTOPFlagUntilTimeout)
    [Anonymous Symbol]                       0x080010ac   Section        0  lto-llvm-97e8d4.o(.text.I2C_WaitOnSTOPFlagUntilTimeout)
    I2C_WaitOnTXISFlagUntilTimeout           0x080010fd   Thumb Code    80  lto-llvm-97e8d4.o(.text.I2C_WaitOnTXISFlagUntilTimeout)
    [Anonymous Symbol]                       0x080010fc   Section        0  lto-llvm-97e8d4.o(.text.I2C_WaitOnTXISFlagUntilTimeout)
    __arm_cp.36_0                            0x0800114c   Number         4  lto-llvm-97e8d4.o(.text.I2C_WaitOnTXISFlagUntilTimeout)
    [Anonymous Symbol]                       0x08001150   Section        0  lto-llvm-97e8d4.o(.text.NMI_Handler)
    [Anonymous Symbol]                       0x08001152   Section        0  lto-llvm-97e8d4.o(.text.PendSV_Handler)
    [Anonymous Symbol]                       0x08001154   Section        0  lto-llvm-97e8d4.o(.text.SVC_Handler)
    [Anonymous Symbol]                       0x08001158   Section        0  lto-llvm-97e8d4.o(.text.SysTick_Handler)
    __arm_cp.22_0                            0x080011ac   Number         4  lto-llvm-97e8d4.o(.text.SysTick_Handler)
    [Anonymous Symbol]                       0x080011b0   Section        0  lto-llvm-97e8d4.o(.text.SystemInit)
    TF_AddTypeListener                       0x080011b5   Thumb Code    48  lto-llvm-97e8d4.o(.text.TF_AddTypeListener)
    [Anonymous Symbol]                       0x080011b4   Section        0  lto-llvm-97e8d4.o(.text.TF_AddTypeListener)
    TF_HandleReceivedMessage                 0x080011e5   Thumb Code   308  lto-llvm-97e8d4.o(.text.TF_HandleReceivedMessage)
    [Anonymous Symbol]                       0x080011e4   Section        0  lto-llvm-97e8d4.o(.text.TF_HandleReceivedMessage)
    __arm_cp.28_0                            0x08001318   Number         4  lto-llvm-97e8d4.o(.text.TF_HandleReceivedMessage)
    __arm_cp.28_1                            0x0800131c   Number         4  lto-llvm-97e8d4.o(.text.TF_HandleReceivedMessage)
    __arm_cp.28_2                            0x08001320   Number         4  lto-llvm-97e8d4.o(.text.TF_HandleReceivedMessage)
    __arm_cp.28_3                            0x08001324   Number         4  lto-llvm-97e8d4.o(.text.TF_HandleReceivedMessage)
    __arm_cp.28_4                            0x08001328   Number         4  lto-llvm-97e8d4.o(.text.TF_HandleReceivedMessage)
    TF_Respond                               0x0800132d   Thumb Code   332  lto-llvm-97e8d4.o(.text.TF_Respond)
    [Anonymous Symbol]                       0x0800132c   Section        0  lto-llvm-97e8d4.o(.text.TF_Respond)
    __arm_cp.29_0                            0x08001478   Number         4  lto-llvm-97e8d4.o(.text.TF_Respond)
    __arm_cp.29_1                            0x0800147c   Number         4  lto-llvm-97e8d4.o(.text.TF_Respond)
    __arm_cp.29_2                            0x08001480   Number         4  lto-llvm-97e8d4.o(.text.TF_Respond)
    __arm_cp.29_3                            0x08001484   Number         4  lto-llvm-97e8d4.o(.text.TF_Respond)
    TF_WriteImpl                             0x08001489   Thumb Code    64  lto-llvm-97e8d4.o(.text.TF_WriteImpl)
    [Anonymous Symbol]                       0x08001488   Section        0  lto-llvm-97e8d4.o(.text.TF_WriteImpl)
    __arm_cp.15_0                            0x080014c8   Number         4  lto-llvm-97e8d4.o(.text.TF_WriteImpl)
    __arm_cp.15_1                            0x080014cc   Number         4  lto-llvm-97e8d4.o(.text.TF_WriteImpl)
    __arm_cp.15_2                            0x080014d0   Number         4  lto-llvm-97e8d4.o(.text.TF_WriteImpl)
    __arm_cp.15_3                            0x080014d4   Number         4  lto-llvm-97e8d4.o(.text.TF_WriteImpl)
    UART_AdvFeatureConfig                    0x080014d9   Thumb Code   184  lto-llvm-97e8d4.o(.text.UART_AdvFeatureConfig)
    [Anonymous Symbol]                       0x080014d8   Section        0  lto-llvm-97e8d4.o(.text.UART_AdvFeatureConfig)
    UART_CheckIdleState                      0x08001591   Thumb Code   168  lto-llvm-97e8d4.o(.text.UART_CheckIdleState)
    [Anonymous Symbol]                       0x08001590   Section        0  lto-llvm-97e8d4.o(.text.UART_CheckIdleState)
    __arm_cp.45_0                            0x08001638   Number         4  lto-llvm-97e8d4.o(.text.UART_CheckIdleState)
    __arm_cp.45_1                            0x0800163c   Number         4  lto-llvm-97e8d4.o(.text.UART_CheckIdleState)
    UART_DMAAbortOnError                     0x08001641   Thumb Code    22  lto-llvm-97e8d4.o(.text.UART_DMAAbortOnError)
    [Anonymous Symbol]                       0x08001640   Section        0  lto-llvm-97e8d4.o(.text.UART_DMAAbortOnError)
    UART_EndRxTransfer                       0x08001657   Thumb Code    90  lto-llvm-97e8d4.o(.text.UART_EndRxTransfer)
    [Anonymous Symbol]                       0x08001656   Section        0  lto-llvm-97e8d4.o(.text.UART_EndRxTransfer)
    UART_RxISR_16BIT                         0x080016b1   Thumb Code   192  lto-llvm-97e8d4.o(.text.UART_RxISR_16BIT)
    [Anonymous Symbol]                       0x080016b0   Section        0  lto-llvm-97e8d4.o(.text.UART_RxISR_16BIT)
    UART_RxISR_8BIT                          0x08001771   Thumb Code   194  lto-llvm-97e8d4.o(.text.UART_RxISR_8BIT)
    [Anonymous Symbol]                       0x08001770   Section        0  lto-llvm-97e8d4.o(.text.UART_RxISR_8BIT)
    UART_SetConfig                           0x08001835   Thumb Code   252  lto-llvm-97e8d4.o(.text.UART_SetConfig)
    [Anonymous Symbol]                       0x08001834   Section        0  lto-llvm-97e8d4.o(.text.UART_SetConfig)
    __arm_cp.44_0                            0x08001930   Number         4  lto-llvm-97e8d4.o(.text.UART_SetConfig)
    __arm_cp.44_1                            0x08001934   Number         4  lto-llvm-97e8d4.o(.text.UART_SetConfig)
    __arm_cp.44_2                            0x08001938   Number         4  lto-llvm-97e8d4.o(.text.UART_SetConfig)
    __arm_cp.44_3                            0x0800193c   Number         4  lto-llvm-97e8d4.o(.text.UART_SetConfig)
    __arm_cp.44_5                            0x08001950   Number         4  lto-llvm-97e8d4.o(.text.UART_SetConfig)
    __arm_cp.44_6                            0x08001954   Number         4  lto-llvm-97e8d4.o(.text.UART_SetConfig)
    UART_WaitOnFlagUntilTimeout              0x08001959   Thumb Code   100  lto-llvm-97e8d4.o(.text.UART_WaitOnFlagUntilTimeout)
    [Anonymous Symbol]                       0x08001958   Section        0  lto-llvm-97e8d4.o(.text.UART_WaitOnFlagUntilTimeout)
    [Anonymous Symbol]                       0x080019bc   Section        0  lto-llvm-97e8d4.o(.text.USART1_IRQHandler)
    __arm_cp.23_0                            0x080019c8   Number         4  lto-llvm-97e8d4.o(.text.USART1_IRQHandler)
    [Anonymous Symbol]                       0x080019cc   Section        0  lto-llvm-97e8d4.o(.text.USART2_IRQHandler)
    __NVIC_SystemReset                       0x080019d9   Thumb Code    20  lto-llvm-97e8d4.o(.text.__NVIC_SystemReset)
    [Anonymous Symbol]                       0x080019d8   Section        0  lto-llvm-97e8d4.o(.text.__NVIC_SystemReset)
    __arm_cp.42_0                            0x080019ec   Number         4  lto-llvm-97e8d4.o(.text.__NVIC_SystemReset)
    __arm_cp.42_1                            0x080019f0   Number         4  lto-llvm-97e8d4.o(.text.__NVIC_SystemReset)
    cleanup_id_listener                      0x080019f5   Thumb Code    60  lto-llvm-97e8d4.o(.text.cleanup_id_listener)
    [Anonymous Symbol]                       0x080019f4   Section        0  lto-llvm-97e8d4.o(.text.cleanup_id_listener)
    __arm_cp.27_0                            0x08001a30   Number         4  lto-llvm-97e8d4.o(.text.cleanup_id_listener)
    __arm_cp.27_1                            0x08001a34   Number         4  lto-llvm-97e8d4.o(.text.cleanup_id_listener)
    get_address                              0x08001a39   Thumb Code    72  lto-llvm-97e8d4.o(.text.get_address)
    [Anonymous Symbol]                       0x08001a38   Section        0  lto-llvm-97e8d4.o(.text.get_address)
    __arm_cp.4_1                             0x08001a80   Number         4  lto-llvm-97e8d4.o(.text.get_address)
    get_state                                0x08001a85   Thumb Code   140  lto-llvm-97e8d4.o(.text.get_state)
    [Anonymous Symbol]                       0x08001a84   Section        0  lto-llvm-97e8d4.o(.text.get_state)
    __arm_cp.3_2                             0x08001b10   Number         4  lto-llvm-97e8d4.o(.text.get_state)
    load_ch                                  0x08001b15   Thumb Code   444  lto-llvm-97e8d4.o(.text.load_ch)
    [Anonymous Symbol]                       0x08001b14   Section        0  lto-llvm-97e8d4.o(.text.load_ch)
    __arm_cp.6_0                             0x08001cd0   Number         4  lto-llvm-97e8d4.o(.text.load_ch)
    __arm_cp.6_1                             0x08001cd4   Number         4  lto-llvm-97e8d4.o(.text.load_ch)
    __arm_cp.6_2                             0x08001cd8   Number         4  lto-llvm-97e8d4.o(.text.load_ch)
    __arm_cp.6_3                             0x08001cdc   Number         4  lto-llvm-97e8d4.o(.text.load_ch)
    __arm_cp.6_4                             0x08001ce0   Number         4  lto-llvm-97e8d4.o(.text.load_ch)
    __arm_cp.6_5                             0x08001ce4   Number         4  lto-llvm-97e8d4.o(.text.load_ch)
    __arm_cp.6_6                             0x08001ce8   Number         4  lto-llvm-97e8d4.o(.text.load_ch)
    __arm_cp.6_7                             0x08001cec   Number         4  lto-llvm-97e8d4.o(.text.load_ch)
    __arm_cp.6_8                             0x08001cf0   Number         4  lto-llvm-97e8d4.o(.text.load_ch)
    __arm_cp.6_9                             0x08001cf4   Number         4  lto-llvm-97e8d4.o(.text.load_ch)
    [Anonymous Symbol]                       0x08001cf8   Section        0  lto-llvm-97e8d4.o(.text.main)
    __arm_cp.8_41                            0x08002100   Number         4  lto-llvm-97e8d4.o(.text.main)
    __arm_cp.8_42                            0x08002104   Number         4  lto-llvm-97e8d4.o(.text.main)
    AHBPrescTable                            0x08002110   Number         0  lto-llvm-97e8d4.o(.text.main)
    __arm_cp.8_48                            0x08002128   Number         4  lto-llvm-97e8d4.o(.text.main)
    __arm_cp.8_49                            0x0800212c   Number         4  lto-llvm-97e8d4.o(.text.main)
    __arm_cp.8_51                            0x08002134   Number         4  lto-llvm-97e8d4.o(.text.main)
    __arm_cp.8_52                            0x08002138   Number         4  lto-llvm-97e8d4.o(.text.main)
    __arm_cp.8_54                            0x08002140   Number         4  lto-llvm-97e8d4.o(.text.main)
    __arm_cp.8_56                            0x08002148   Number         4  lto-llvm-97e8d4.o(.text.main)
    __arm_cp.8_57                            0x0800214c   Number         4  lto-llvm-97e8d4.o(.text.main)
    __arm_cp.8_58                            0x08002150   Number         4  lto-llvm-97e8d4.o(.text.main)
    __arm_cp.8_60                            0x08002534   Number         4  lto-llvm-97e8d4.o(.text.main)
    __arm_cp.8_61                            0x08002538   Number         4  lto-llvm-97e8d4.o(.text.main)
    __arm_cp.8_62                            0x0800253c   Number         4  lto-llvm-97e8d4.o(.text.main)
    __arm_cp.8_63                            0x08002540   Number         4  lto-llvm-97e8d4.o(.text.main)
    __arm_cp.8_64                            0x08002544   Number         4  lto-llvm-97e8d4.o(.text.main)
    __arm_cp.8_65                            0x08002548   Number         4  lto-llvm-97e8d4.o(.text.main)
    __arm_cp.8_66                            0x0800254c   Number         4  lto-llvm-97e8d4.o(.text.main)
    __arm_cp.8_67                            0x08002550   Number         4  lto-llvm-97e8d4.o(.text.main)
    __arm_cp.8_68                            0x08002554   Number         4  lto-llvm-97e8d4.o(.text.main)
    __arm_cp.8_69                            0x08002558   Number         4  lto-llvm-97e8d4.o(.text.main)
    __arm_cp.8_70                            0x0800255c   Number         4  lto-llvm-97e8d4.o(.text.main)
    __arm_cp.8_71                            0x08002560   Number         4  lto-llvm-97e8d4.o(.text.main)
    __arm_cp.8_72                            0x08002564   Number         4  lto-llvm-97e8d4.o(.text.main)
    __arm_cp.8_73                            0x08002568   Number         4  lto-llvm-97e8d4.o(.text.main)
    __arm_cp.8_74                            0x0800256c   Number         4  lto-llvm-97e8d4.o(.text.main)
    __arm_cp.8_81                            0x08002588   Number         4  lto-llvm-97e8d4.o(.text.main)
    __arm_cp.8_5                             0x080028dc   Number         4  lto-llvm-97e8d4.o(.text.main)
    __arm_cp.8_9                             0x080028e0   Number         4  lto-llvm-97e8d4.o(.text.main)
    __arm_cp.8_14                            0x080028e4   Number         4  lto-llvm-97e8d4.o(.text.main)
    __arm_cp.8_18                            0x080028e8   Number         4  lto-llvm-97e8d4.o(.text.main)
    __arm_cp.8_34                            0x080028ec   Number         4  lto-llvm-97e8d4.o(.text.main)
    __arm_cp.8_35                            0x080028f0   Number         4  lto-llvm-97e8d4.o(.text.main)
    __arm_cp.8_36                            0x080028f4   Number         4  lto-llvm-97e8d4.o(.text.main)
    __arm_cp.8_37                            0x080028f8   Number         4  lto-llvm-97e8d4.o(.text.main)
    __arm_cp.8_38                            0x080028fc   Number         4  lto-llvm-97e8d4.o(.text.main)
    __arm_cp.8_39                            0x08002900   Number         4  lto-llvm-97e8d4.o(.text.main)
    __arm_cp.8_40                            0x08002904   Number         4  lto-llvm-97e8d4.o(.text.main)
    refresh_led                              0x08002909   Thumb Code    56  lto-llvm-97e8d4.o(.text.refresh_led)
    [Anonymous Symbol]                       0x08002908   Section        0  lto-llvm-97e8d4.o(.text.refresh_led)
    __arm_cp.7_1                             0x08002940   Number         4  lto-llvm-97e8d4.o(.text.refresh_led)
    __arm_cp.7_3                             0x08002944   Number         4  lto-llvm-97e8d4.o(.text.refresh_led)
    reset_ch                                 0x08002949   Thumb Code    36  lto-llvm-97e8d4.o(.text.reset_ch)
    [Anonymous Symbol]                       0x08002948   Section        0  lto-llvm-97e8d4.o(.text.reset_ch)
    __arm_cp.0_0                             0x0800296c   Number         4  lto-llvm-97e8d4.o(.text.reset_ch)
    restart_all                              0x08002971   Thumb Code    40  lto-llvm-97e8d4.o(.text.restart_all)
    [Anonymous Symbol]                       0x08002970   Section        0  lto-llvm-97e8d4.o(.text.restart_all)
    __arm_cp.5_0                             0x08002998   Number         4  lto-llvm-97e8d4.o(.text.restart_all)
    send                                     0x0800299d   Thumb Code    84  lto-llvm-97e8d4.o(.text.send)
    [Anonymous Symbol]                       0x0800299c   Section        0  lto-llvm-97e8d4.o(.text.send)
    __arm_cp.1_0                             0x080029f0   Number         4  lto-llvm-97e8d4.o(.text.send)
    __arm_cp.1_1                             0x080029f4   Number         4  lto-llvm-97e8d4.o(.text.send)
    set_value                                0x080029f9   Thumb Code    36  lto-llvm-97e8d4.o(.text.set_value)
    [Anonymous Symbol]                       0x080029f8   Section        0  lto-llvm-97e8d4.o(.text.set_value)
    __arm_cp.2_0                             0x08002a1c   Number         4  lto-llvm-97e8d4.o(.text.set_value)
    i.__scatterload_copy                     0x08002a20   Section       14  handlers.o(i.__scatterload_copy)
    i.__scatterload_null                     0x08002a2e   Section        2  handlers.o(i.__scatterload_null)
    i.__scatterload_zeroinit                 0x08002a30   Section       14  handlers.o(i.__scatterload_zeroinit)
    crc16_table                              0x08002a3e   Data         512  lto-llvm-97e8d4.o(.rodata.crc16_table)
    [Anonymous Symbol]                       0x08002a3e   Section        0  lto-llvm-97e8d4.o(.rodata.crc16_table)
    [Anonymous Symbol]                       0x08002c40   Section        0  lto-llvm-97e8d4.o(.rodata.cst16)
    [Anonymous Symbol]                       0x08002c50   Section        0  lto-llvm-97e8d4.o(.rodata.cst8)
    selected_channel                         0x20000000   Data           1  lto-llvm-97e8d4.o(.data..L_MergedGlobals)
    [Anonymous Symbol]                       0x20000000   Section        0  lto-llvm-97e8d4.o(.data..L_MergedGlobals)
    menu_logic.error_led_state               0x20000001   Data           1  lto-llvm-97e8d4.o(.data..L_MergedGlobals)
    SystemCoreClock                          0x20000004   Data           4  lto-llvm-97e8d4.o(.data..L_MergedGlobals)
    dimrxcnt                                 0x20000008   Data           1  lto-llvm-97e8d4.o(.bss..L_MergedGlobals.95)
    [Anonymous Symbol]                       0x20000008   Section        0  lto-llvm-97e8d4.o(.bss..L_MergedGlobals.95)
    restart                                  0x20000009   Data           1  lto-llvm-97e8d4.o(.bss..L_MergedGlobals.95)
    sys_state                                0x2000000a   Data           1  lto-llvm-97e8d4.o(.bss..L_MergedGlobals.95)
    menu_activ                               0x2000000b   Data           1  lto-llvm-97e8d4.o(.bss..L_MergedGlobals.95)
    toggle_state                             0x2000000c   Data           1  lto-llvm-97e8d4.o(.bss..L_MergedGlobals.95)
    error_state                              0x2000000d   Data           1  lto-llvm-97e8d4.o(.bss..L_MergedGlobals.95)
    button_ok_prev                           0x2000000e   Data           1  lto-llvm-97e8d4.o(.bss..L_MergedGlobals.95)
    button_up_prev                           0x2000000f   Data           1  lto-llvm-97e8d4.o(.bss..L_MergedGlobals.95)
    button_down_prev                         0x20000010   Data           1  lto-llvm-97e8d4.o(.bss..L_MergedGlobals.95)
    my_address                               0x20000011   Data           1  lto-llvm-97e8d4.o(.bss..L_MergedGlobals.95)
    refresh_ch.chanel                        0x20000012   Data           1  lto-llvm-97e8d4.o(.bss..L_MergedGlobals.95)
    rec                                      0x20000013   Data           1  lto-llvm-97e8d4.o(.bss..L_MergedGlobals.95)
    dimrxbyte                                0x20000014   Data           1  lto-llvm-97e8d4.o(.bss..L_MergedGlobals.95)
    ee_sta                                   0x20000015   Data           1  lto-llvm-97e8d4.o(.bss..L_MergedGlobals.95)
    init_tf                                  0x20000016   Data           1  lto-llvm-97e8d4.o(.bss..L_MergedGlobals.95)
    menu_timer                               0x20000018   Data           4  lto-llvm-97e8d4.o(.bss..L_MergedGlobals.95)
    last_press_time                          0x2000001c   Data           4  lto-llvm-97e8d4.o(.bss..L_MergedGlobals.95)
    last_toggle_time                         0x20000020   Data           4  lto-llvm-97e8d4.o(.bss..L_MergedGlobals.95)
    last_check_time                          0x20000024   Data           4  lto-llvm-97e8d4.o(.bss..L_MergedGlobals.95)
    last_err_toggle_time                     0x20000028   Data           4  lto-llvm-97e8d4.o(.bss..L_MergedGlobals.95)
    last_increment_time                      0x2000002c   Data           4  lto-llvm-97e8d4.o(.bss..L_MergedGlobals.95)
    uwTick                                   0x20000030   Data           4  lto-llvm-97e8d4.o(.bss..L_MergedGlobals.95)
    dimrxbuf                                 0x20000034   Data          16  lto-llvm-97e8d4.o(.bss..L_MergedGlobals.95)
    hcrc                                     0x20000044   Data          28  lto-llvm-97e8d4.o(.bss..L_MergedGlobals.95)
    dimm_ch                                  0x20000060   Data          48  lto-llvm-97e8d4.o(.bss.dimm_ch)
    [Anonymous Symbol]                       0x20000060   Section        0  lto-llvm-97e8d4.o(.bss.dimm_ch)
    hi2c1                                    0x20000090   Data          84  lto-llvm-97e8d4.o(.bss.hi2c1)
    [Anonymous Symbol]                       0x20000090   Section        0  lto-llvm-97e8d4.o(.bss.hi2c1)
    huart1                                   0x200000e4   Data         136  lto-llvm-97e8d4.o(.bss.huart1)
    [Anonymous Symbol]                       0x200000e4   Section        0  lto-llvm-97e8d4.o(.bss.huart1)
    huart2                                   0x2000016c   Data         136  lto-llvm-97e8d4.o(.bss.huart2)
    [Anonymous Symbol]                       0x2000016c   Section        0  lto-llvm-97e8d4.o(.bss.huart2)
    tfapp                                    0x200001f4   Data        1776  lto-llvm-97e8d4.o(.bss.tfapp)
    [Anonymous Symbol]                       0x200001f4   Section        0  lto-llvm-97e8d4.o(.bss.tfapp)
    STACK                                    0x200008e8   Section     1024  startup_stm32f030x8.o(STACK)

    Global Symbols

    Symbol Name                              Value     Ov Type        Size  Object(Section)

    BuildAttributes$$THM_ISAv3M$S$PE$A:L22$X:L11$S22$IEEE1$IW$~IW$USESV6$~STKCKD$USESV7$~SHL$OSPACE$ROPI$IEEEF$EBA8$MICROLIB$REQ8$PRES8$EABIv2 0x00000000   Number         0  anon$$obj.o ABSOLUTE
    _printf_a                                0x00000000   Number         0  printfstubs.o ABSOLUTE
    _printf_c                                0x00000000   Number         0  printfstubs.o ABSOLUTE
    _printf_charcount                        0x00000000   Number         0  printfstubs.o ABSOLUTE
    _printf_d                                0x00000000   Number         0  printfstubs.o ABSOLUTE
    _printf_e                                0x00000000   Number         0  printfstubs.o ABSOLUTE
    _printf_f                                0x00000000   Number         0  printfstubs.o ABSOLUTE
    _printf_flags                            0x00000000   Number         0  printfstubs.o ABSOLUTE
    _printf_fp_dec                           0x00000000   Number         0  printfstubs.o ABSOLUTE
    _printf_fp_hex                           0x00000000   Number         0  printfstubs.o ABSOLUTE
    _printf_g                                0x00000000   Number         0  printfstubs.o ABSOLUTE
    _printf_i                                0x00000000   Number         0  printfstubs.o ABSOLUTE
    _printf_int_dec                          0x00000000   Number         0  printfstubs.o ABSOLUTE
    _printf_l                                0x00000000   Number         0  printfstubs.o ABSOLUTE
    _printf_lc                               0x00000000   Number         0  printfstubs.o ABSOLUTE
    _printf_ll                               0x00000000   Number         0  printfstubs.o ABSOLUTE
    _printf_lld                              0x00000000   Number         0  printfstubs.o ABSOLUTE
    _printf_lli                              0x00000000   Number         0  printfstubs.o ABSOLUTE
    _printf_llo                              0x00000000   Number         0  printfstubs.o ABSOLUTE
    _printf_llu                              0x00000000   Number         0  printfstubs.o ABSOLUTE
    _printf_llx                              0x00000000   Number         0  printfstubs.o ABSOLUTE
    _printf_longlong_dec                     0x00000000   Number         0  printfstubs.o ABSOLUTE
    _printf_longlong_hex                     0x00000000   Number         0  printfstubs.o ABSOLUTE
    _printf_longlong_oct                     0x00000000   Number         0  printfstubs.o ABSOLUTE
    _printf_ls                               0x00000000   Number         0  printfstubs.o ABSOLUTE
    _printf_mbtowc                           0x00000000   Number         0  printfstubs.o ABSOLUTE
    _printf_n                                0x00000000   Number         0  printfstubs.o ABSOLUTE
    _printf_o                                0x00000000   Number         0  printfstubs.o ABSOLUTE
    _printf_p                                0x00000000   Number         0  printfstubs.o ABSOLUTE
    _printf_percent                          0x00000000   Number         0  printfstubs.o ABSOLUTE
    _printf_pre_padding                      0x00000000   Number         0  printfstubs.o ABSOLUTE
    _printf_return_value                     0x00000000   Number         0  printfstubs.o ABSOLUTE
    _printf_s                                0x00000000   Number         0  printfstubs.o ABSOLUTE
    _printf_sizespec                         0x00000000   Number         0  printfstubs.o ABSOLUTE
    _printf_str                              0x00000000   Number         0  printfstubs.o ABSOLUTE
    _printf_truncate_signed                  0x00000000   Number         0  printfstubs.o ABSOLUTE
    _printf_truncate_unsigned                0x00000000   Number         0  printfstubs.o ABSOLUTE
    _printf_u                                0x00000000   Number         0  printfstubs.o ABSOLUTE
    _printf_wc                               0x00000000   Number         0  printfstubs.o ABSOLUTE
    _printf_wctomb                           0x00000000   Number         0  printfstubs.o ABSOLUTE
    _printf_widthprec                        0x00000000   Number         0  printfstubs.o ABSOLUTE
    _printf_x                                0x00000000   Number         0  printfstubs.o ABSOLUTE
    __cpp_initialize__aeabi_                  - Undefined Weak Reference
    __cxa_finalize                            - Undefined Weak Reference
    __decompress                              - Undefined Weak Reference
    _clock_init                               - Undefined Weak Reference
    _microlib_exit                            - Undefined Weak Reference
    __Vectors_Size                           0x000000b4   Number         0  startup_stm32f030x8.o ABSOLUTE
    __Vectors                                0x08000000   Data           4  startup_stm32f030x8.o(RESET)
    __Vectors_End                            0x080000b4   Data           0  startup_stm32f030x8.o(RESET)
    __main                                   0x080000b5   Thumb Code     0  entry.o(.ARM.Collect$$$$00000000)
    _main_stk                                0x080000b5   Thumb Code     0  entry2.o(.ARM.Collect$$$$00000001)
    _main_scatterload                        0x080000b9   Thumb Code     0  entry5.o(.ARM.Collect$$$$00000004)
    __main_after_scatterload                 0x080000bd   Thumb Code     0  entry5.o(.ARM.Collect$$$$00000004)
    _main_clock                              0x080000bd   Thumb Code     0  entry7b.o(.ARM.Collect$$$$00000008)
    _main_cpp_init                           0x080000bd   Thumb Code     0  entry8b.o(.ARM.Collect$$$$0000000A)
    _main_init                               0x080000bd   Thumb Code     0  entry9a.o(.ARM.Collect$$$$0000000B)
    __rt_final_cpp                           0x080000c5   Thumb Code     0  entry10a.o(.ARM.Collect$$$$0000000D)
    __rt_final_exit                          0x080000c5   Thumb Code     0  entry11a.o(.ARM.Collect$$$$0000000F)
    Reset_Handler                            0x080000c9   Thumb Code     8  startup_stm32f030x8.o(.text)
    ADC1_IRQHandler                          0x080000db   Thumb Code     0  startup_stm32f030x8.o(.text)
    DMA1_Channel1_IRQHandler                 0x080000db   Thumb Code     0  startup_stm32f030x8.o(.text)
    DMA1_Channel2_3_IRQHandler               0x080000db   Thumb Code     0  startup_stm32f030x8.o(.text)
    DMA1_Channel4_5_IRQHandler               0x080000db   Thumb Code     0  startup_stm32f030x8.o(.text)
    EXTI0_1_IRQHandler                       0x080000db   Thumb Code     0  startup_stm32f030x8.o(.text)
    EXTI2_3_IRQHandler                       0x080000db   Thumb Code     0  startup_stm32f030x8.o(.text)
    EXTI4_15_IRQHandler                      0x080000db   Thumb Code     0  startup_stm32f030x8.o(.text)
    FLASH_IRQHandler                         0x080000db   Thumb Code     0  startup_stm32f030x8.o(.text)
    I2C1_IRQHandler                          0x080000db   Thumb Code     0  startup_stm32f030x8.o(.text)
    I2C2_IRQHandler                          0x080000db   Thumb Code     0  startup_stm32f030x8.o(.text)
    RCC_IRQHandler                           0x080000db   Thumb Code     0  startup_stm32f030x8.o(.text)
    RTC_IRQHandler                           0x080000db   Thumb Code     0  startup_stm32f030x8.o(.text)
    SPI1_IRQHandler                          0x080000db   Thumb Code     0  startup_stm32f030x8.o(.text)
    SPI2_IRQHandler                          0x080000db   Thumb Code     0  startup_stm32f030x8.o(.text)
    TIM14_IRQHandler                         0x080000db   Thumb Code     0  startup_stm32f030x8.o(.text)
    TIM15_IRQHandler                         0x080000db   Thumb Code     0  startup_stm32f030x8.o(.text)
    TIM16_IRQHandler                         0x080000db   Thumb Code     0  startup_stm32f030x8.o(.text)
    TIM17_IRQHandler                         0x080000db   Thumb Code     0  startup_stm32f030x8.o(.text)
    TIM1_BRK_UP_TRG_COM_IRQHandler           0x080000db   Thumb Code     0  startup_stm32f030x8.o(.text)
    TIM1_CC_IRQHandler                       0x080000db   Thumb Code     0  startup_stm32f030x8.o(.text)
    TIM3_IRQHandler                          0x080000db   Thumb Code     0  startup_stm32f030x8.o(.text)
    TIM6_IRQHandler                          0x080000db   Thumb Code     0  startup_stm32f030x8.o(.text)
    WWDG_IRQHandler                          0x080000db   Thumb Code     0  startup_stm32f030x8.o(.text)
    __scatterload                            0x080000e5   Thumb Code    28  init.o(.text)
    __scatterload_rt2                        0x080000e5   Thumb Code     0  init.o(.text)
    __aeabi_uidiv                            0x08000109   Thumb Code     0  uidiv_div0.o(.text)
    __aeabi_uidivmod                         0x08000109   Thumb Code    62  uidiv_div0.o(.text)
    __aeabi_memset                           0x08000147   Thumb Code    14  memseta.o(.text)
    __aeabi_memset4                          0x08000147   Thumb Code     0  memseta.o(.text)
    __aeabi_memset8                          0x08000147   Thumb Code     0  memseta.o(.text)
    __aeabi_memclr                           0x08000155   Thumb Code     4  memseta.o(.text)
    __aeabi_memclr4                          0x08000155   Thumb Code     0  memseta.o(.text)
    __aeabi_memclr8                          0x08000155   Thumb Code     0  memseta.o(.text)
    _memset$wrapper                          0x08000159   Thumb Code    18  memseta.o(.text)
    HardFault_Handler                        0x08000f11   Thumb Code     2  lto-llvm-97e8d4.o(.text.HardFault_Handler)
    NMI_Handler                              0x08001151   Thumb Code     2  lto-llvm-97e8d4.o(.text.NMI_Handler)
    PendSV_Handler                           0x08001153   Thumb Code     2  lto-llvm-97e8d4.o(.text.PendSV_Handler)
    SVC_Handler                              0x08001155   Thumb Code     2  lto-llvm-97e8d4.o(.text.SVC_Handler)
    SysTick_Handler                          0x08001159   Thumb Code    84  lto-llvm-97e8d4.o(.text.SysTick_Handler)
    SystemInit                               0x080011b1   Thumb Code     2  lto-llvm-97e8d4.o(.text.SystemInit)
    USART1_IRQHandler                        0x080019bd   Thumb Code    12  lto-llvm-97e8d4.o(.text.USART1_IRQHandler)
    USART2_IRQHandler                        0x080019cd   Thumb Code    12  lto-llvm-97e8d4.o(.text.USART2_IRQHandler)
    main                                     0x08001cf9   Thumb Code  3044  lto-llvm-97e8d4.o(.text.main)
    __scatterload_copy                       0x08002a21   Thumb Code    14  handlers.o(i.__scatterload_copy)
    __scatterload_null                       0x08002a2f   Thumb Code     2  handlers.o(i.__scatterload_null)
    __scatterload_zeroinit                   0x08002a31   Thumb Code    14  handlers.o(i.__scatterload_zeroinit)
    Region$$Table$$Base                      0x08002c58   Number         0  anon$$obj.o(Region$$Table)
    Region$$Table$$Limit                     0x08002c78   Number         0  anon$$obj.o(Region$$Table)
    __initial_sp                             0x20000ce8   Data           0  startup_stm32f030x8.o(STACK)



==============================================================================

Memory Map of the image

  Image Entry point : 0x080000b5

  Load Region LR_IROM1 (Base: 0x08000000, Size: 0x00002c80, Max: 0x00010000, ABSOLUTE)

    Execution Region ER_IROM1 (Exec base: 0x08000000, Load base: 0x08000000, Size: 0x00002c78, Max: 0x00010000, ABSOLUTE)

    Exec Addr    Load Addr    Size         Type   Attr      Idx    E Section Name        Object

    0x08000000   0x08000000   0x000000b4   Data   RO            3    RESET               startup_stm32f030x8.o
    0x080000b4   0x080000b4   0x00000000   Code   RO           33  * .ARM.Collect$$$$00000000  mc_p.l(entry.o)
    0x080000b4   0x080000b4   0x00000004   Code   RO          331    .ARM.Collect$$$$00000001  mc_p.l(entry2.o)
    0x080000b8   0x080000b8   0x00000004   Code   RO          334    .ARM.Collect$$$$00000004  mc_p.l(entry5.o)
    0x080000bc   0x080000bc   0x00000000   Code   RO          336    .ARM.Collect$$$$00000008  mc_p.l(entry7b.o)
    0x080000bc   0x080000bc   0x00000000   Code   RO          338    .ARM.Collect$$$$0000000A  mc_p.l(entry8b.o)
    0x080000bc   0x080000bc   0x00000008   Code   RO          339    .ARM.Collect$$$$0000000B  mc_p.l(entry9a.o)
    0x080000c4   0x080000c4   0x00000000   Code   RO          341    .ARM.Collect$$$$0000000D  mc_p.l(entry10a.o)
    0x080000c4   0x080000c4   0x00000000   Code   RO          343    .ARM.Collect$$$$0000000F  mc_p.l(entry11a.o)
    0x080000c4   0x080000c4   0x00000004   Code   RO          332    .ARM.Collect$$$$00002712  mc_p.l(entry2.o)
    0x080000c8   0x080000c8   0x0000001c   Code   RO            4    .text               startup_stm32f030x8.o
    0x080000e4   0x080000e4   0x00000024   Code   RO          373    .text               mc_p.l(init.o)
    0x08000108   0x08000108   0x0000003e   Code   RO          378    .text               mc_p.l(uidiv_div0.o)
    0x08000146   0x08000146   0x00000024   Code   RO          524    .text               mc_p.l(memseta.o)
    0x0800016a   0x0800016a   0x00000002   PAD
    0x0800016c   0x0800016c   0x0000009c   Code   RO          418    .text.DIMMER_GET_Listener  lto-llvm-97e8d4.o
    0x08000208   0x08000208   0x00000078   Code   RO          422    .text.DIMMER_RESET_Listener  lto-llvm-97e8d4.o
    0x08000280   0x08000280   0x00000060   Code   RO          424    .text.DIMMER_RESTART_Listener  lto-llvm-97e8d4.o
    0x080002e0   0x080002e0   0x000000ac   Code   RO          420    .text.DIMMER_SETUP_Listener  lto-llvm-97e8d4.o
    0x0800038c   0x0800038c   0x00000098   Code   RO          416    .text.DIMMER_SET_Listener  lto-llvm-97e8d4.o
    0x08000424   0x08000424   0x0000000a   Code   RO          414    .text.Error_Handler  lto-llvm-97e8d4.o
    0x0800042e   0x0800042e   0x0000003a   Code   RO          476    .text.HAL_DMA_Abort  lto-llvm-97e8d4.o
    0x08000468   0x08000468   0x00000014   Code   RO          462    .text.HAL_Delay     lto-llvm-97e8d4.o
    0x0800047c   0x0800047c   0x0000019c   Code   RO          474    .text.HAL_GPIO_Init  lto-llvm-97e8d4.o
    0x08000618   0x08000618   0x00000048   Code   RO          460    .text.HAL_InitTick  lto-llvm-97e8d4.o
    0x08000660   0x08000660   0x00000004   Code   RO          478    .text.HAL_NVIC_SystemReset  lto-llvm-97e8d4.o
    0x08000664   0x08000664   0x00000024   Code   RO          458    .text.HAL_RCC_GetPCLK1Freq  lto-llvm-97e8d4.o
    0x08000688   0x08000688   0x00000064   Code   RO          456    .text.HAL_RCC_GetSysClockFreq  lto-llvm-97e8d4.o
    0x080006ec   0x080006ec   0x000000e8   Code   RO          430    .text.HAL_UART_ErrorCallback  lto-llvm-97e8d4.o
    0x080007d4   0x080007d4   0x000002cc   Code   RO          500    .text.HAL_UART_IRQHandler  lto-llvm-97e8d4.o
    0x08000aa0   0x08000aa0   0x000000b0   Code   RO          446    .text.HAL_UART_MspInit  lto-llvm-97e8d4.o
    0x08000b50   0x08000b50   0x000000f4   Code   RO          494    .text.HAL_UART_Receive_IT  lto-llvm-97e8d4.o
    0x08000c44   0x08000c44   0x0000022c   Code   RO          428    .text.HAL_UART_RxCpltCallback  lto-llvm-97e8d4.o
    0x08000e70   0x08000e70   0x000000a0   Code   RO          492    .text.HAL_UART_Transmit  lto-llvm-97e8d4.o
    0x08000f10   0x08000f10   0x00000002   Code   RO          434    .text.HardFault_Handler  lto-llvm-97e8d4.o
    0x08000f12   0x08000f12   0x00000002   PAD
    0x08000f14   0x08000f14   0x000000fc   Code   RO          472    .text.I2C_IsErrorOccurred  lto-llvm-97e8d4.o
    0x08001010   0x08001010   0x0000002c   Code   RO          466    .text.I2C_TransferConfig  lto-llvm-97e8d4.o
    0x0800103c   0x0800103c   0x00000070   Code   RO          464    .text.I2C_WaitOnFlagUntilTimeout  lto-llvm-97e8d4.o
    0x080010ac   0x080010ac   0x00000050   Code   RO          470    .text.I2C_WaitOnSTOPFlagUntilTimeout  lto-llvm-97e8d4.o
    0x080010fc   0x080010fc   0x00000054   Code   RO          468    .text.I2C_WaitOnTXISFlagUntilTimeout  lto-llvm-97e8d4.o
    0x08001150   0x08001150   0x00000002   Code   RO          432    .text.NMI_Handler   lto-llvm-97e8d4.o
    0x08001152   0x08001152   0x00000002   Code   RO          438    .text.PendSV_Handler  lto-llvm-97e8d4.o
    0x08001154   0x08001154   0x00000002   Code   RO          436    .text.SVC_Handler   lto-llvm-97e8d4.o
    0x08001156   0x08001156   0x00000002   PAD
    0x08001158   0x08001158   0x00000058   Code   RO          440    .text.SysTick_Handler  lto-llvm-97e8d4.o
    0x080011b0   0x080011b0   0x00000002   Code   RO          504    .text.SystemInit    lto-llvm-97e8d4.o
    0x080011b2   0x080011b2   0x00000002   PAD
    0x080011b4   0x080011b4   0x00000030   Code   RO          448    .text.TF_AddTypeListener  lto-llvm-97e8d4.o
    0x080011e4   0x080011e4   0x00000148   Code   RO          452    .text.TF_HandleReceivedMessage  lto-llvm-97e8d4.o
    0x0800132c   0x0800132c   0x0000015c   Code   RO          454    .text.TF_Respond    lto-llvm-97e8d4.o
    0x08001488   0x08001488   0x00000050   Code   RO          426    .text.TF_WriteImpl  lto-llvm-97e8d4.o
    0x080014d8   0x080014d8   0x000000b8   Code   RO          482    .text.UART_AdvFeatureConfig  lto-llvm-97e8d4.o
    0x08001590   0x08001590   0x000000b0   Code   RO          486    .text.UART_CheckIdleState  lto-llvm-97e8d4.o
    0x08001640   0x08001640   0x00000016   Code   RO          502    .text.UART_DMAAbortOnError  lto-llvm-97e8d4.o
    0x08001656   0x08001656   0x0000005a   Code   RO          490    .text.UART_EndRxTransfer  lto-llvm-97e8d4.o
    0x080016b0   0x080016b0   0x000000c0   Code   RO          498    .text.UART_RxISR_16BIT  lto-llvm-97e8d4.o
    0x08001770   0x08001770   0x000000c2   Code   RO          496    .text.UART_RxISR_8BIT  lto-llvm-97e8d4.o
    0x08001832   0x08001832   0x00000002   PAD
    0x08001834   0x08001834   0x00000124   Code   RO          484    .text.UART_SetConfig  lto-llvm-97e8d4.o
    0x08001958   0x08001958   0x00000064   Code   RO          488    .text.UART_WaitOnFlagUntilTimeout  lto-llvm-97e8d4.o
    0x080019bc   0x080019bc   0x00000010   Code   RO          442    .text.USART1_IRQHandler  lto-llvm-97e8d4.o
    0x080019cc   0x080019cc   0x0000000c   Code   RO          444    .text.USART2_IRQHandler  lto-llvm-97e8d4.o
    0x080019d8   0x080019d8   0x0000001c   Code   RO          480    .text.__NVIC_SystemReset  lto-llvm-97e8d4.o
    0x080019f4   0x080019f4   0x00000044   Code   RO          450    .text.cleanup_id_listener  lto-llvm-97e8d4.o
    0x08001a38   0x08001a38   0x0000004c   Code   RO          404    .text.get_address   lto-llvm-97e8d4.o
    0x08001a84   0x08001a84   0x00000090   Code   RO          402    .text.get_state     lto-llvm-97e8d4.o
    0x08001b14   0x08001b14   0x000001e4   Code   RO          408    .text.load_ch       lto-llvm-97e8d4.o
    0x08001cf8   0x08001cf8   0x00000c10   Code   RO          412    .text.main          lto-llvm-97e8d4.o
    0x08002908   0x08002908   0x00000040   Code   RO          410    .text.refresh_led   lto-llvm-97e8d4.o
    0x08002948   0x08002948   0x00000028   Code   RO          396    .text.reset_ch      lto-llvm-97e8d4.o
    0x08002970   0x08002970   0x0000002c   Code   RO          406    .text.restart_all   lto-llvm-97e8d4.o
    0x0800299c   0x0800299c   0x0000005c   Code   RO          398    .text.send          lto-llvm-97e8d4.o
    0x080029f8   0x080029f8   0x00000028   Code   RO          400    .text.set_value     lto-llvm-97e8d4.o
    0x08002a20   0x08002a20   0x0000000e   Code   RO          528    i.__scatterload_copy  mc_p.l(handlers.o)
    0x08002a2e   0x08002a2e   0x00000002   Code   RO          529    i.__scatterload_null  mc_p.l(handlers.o)
    0x08002a30   0x08002a30   0x0000000e   Code   RO          530    i.__scatterload_zeroinit  mc_p.l(handlers.o)
    0x08002a3e   0x08002a3e   0x00000200   Data   RO          514    .rodata.crc16_table  lto-llvm-97e8d4.o
    0x08002c3e   0x08002c3e   0x00000002   PAD
    0x08002c40   0x08002c40   0x00000010   Data   RO          507    .rodata.cst16       lto-llvm-97e8d4.o
    0x08002c50   0x08002c50   0x00000008   Data   RO          508    .rodata.cst8        lto-llvm-97e8d4.o
    0x08002c58   0x08002c58   0x00000020   Data   RO          527    Region$$Table       anon$$obj.o


    Execution Region RW_IRAM1 (Exec base: 0x20000000, Load base: 0x08002c78, Size: 0x00000ce8, Max: 0x00002000, ABSOLUTE)

    Exec Addr    Load Addr    Size         Type   Attr      Idx    E Section Name        Object

    0x20000000   0x08002c78   0x00000008   Data   RW          515    .data..L_MergedGlobals  lto-llvm-97e8d4.o
    0x20000008        -       0x00000058   Zero   RW          516    .bss..L_MergedGlobals.95  lto-llvm-97e8d4.o
    0x20000060        -       0x00000030   Zero   RW          506    .bss.dimm_ch        lto-llvm-97e8d4.o
    0x20000090        -       0x00000054   Zero   RW          509    .bss.hi2c1          lto-llvm-97e8d4.o
    0x200000e4        -       0x00000088   Zero   RW          512    .bss.huart1         lto-llvm-97e8d4.o
    0x2000016c        -       0x00000088   Zero   RW          513    .bss.huart2         lto-llvm-97e8d4.o
    0x200001f4        -       0x000006f0   Zero   RW          511    .bss.tfapp          lto-llvm-97e8d4.o
    0x200008e4   0x08002c80   0x00000004   PAD
    0x200008e8        -       0x00000400   Zero   RW            1    STACK               startup_stm32f030x8.o


==============================================================================

Image component sizes


      Code (inc. data)   RO Data    RW Data    ZI Data      Debug   Object Name

     10412        676        536          8       2268      77488   lto-llvm-97e8d4.o
        28          8        180          0       1024        628   startup_stm32f030x8.o

    ----------------------------------------------------------------------
     10448        684        750          8       3296      78116   Object Totals
         0          0         32          0          0          0   (incl. Generated)
         8          0          2          0          4          0   (incl. Padding)

    ----------------------------------------------------------------------

      Code (inc. data)   RO Data    RW Data    ZI Data      Debug   Library Member Name

         0          0          0          0          0          0   entry.o
         0          0          0          0          0          0   entry10a.o
         0          0          0          0          0          0   entry11a.o
         8          4          0          0          0          0   entry2.o
         4          0          0          0          0          0   entry5.o
         0          0          0          0          0          0   entry7b.o
         0          0          0          0          0          0   entry8b.o
         8          4          0          0          0          0   entry9a.o
        30          0          0          0          0          0   handlers.o
        36          8          0          0          0         68   init.o
        36          0          0          0          0        100   memseta.o
        62          0          0          0          0         72   uidiv_div0.o

    ----------------------------------------------------------------------
       186         16          0          0          0        240   Library Totals
         2          0          0          0          0          0   (incl. Padding)

    ----------------------------------------------------------------------

      Code (inc. data)   RO Data    RW Data    ZI Data      Debug   Library Name

       184         16          0          0          0        240   mc_p.l

    ----------------------------------------------------------------------
       186         16          0          0          0        240   Library Totals

    ----------------------------------------------------------------------

==============================================================================


      Code (inc. data)   RO Data    RW Data    ZI Data      Debug   

     10634        700        750          8       3296      78508   Grand Totals
     10634        700        750          8       3296      78508   ELF Image Totals
     10634        700        750          8          0          0   ROM Totals

==============================================================================

    Total RO  Size (Code + RO Data)                11384 (  11.12kB)
    Total RW  Size (RW Data + ZI Data)              3304 (   3.23kB)
    Total ROM Size (Code + RO Data + RW Data)      11392 (  11.12kB)

==============================================================================

