Component: Arm Compiler for Embedded 6.19 Tool: armlink [5e73cb00]

==============================================================================

Section Cross References

    startup_stm32f030x6.o(RESET) refers to startup_stm32f030x6.o(STACK) for __initial_sp
    startup_stm32f030x6.o(RESET) refers to startup_stm32f030x6.o(.text) for Reset_Handler
    startup_stm32f030x6.o(RESET) refers to lto-llvm-8f3d2d.o(.text.NMI_Handler) for NMI_Handler
    startup_stm32f030x6.o(RESET) refers to lto-llvm-8f3d2d.o(.text.HardFault_Handler) for HardFault_Handler
    startup_stm32f030x6.o(RESET) refers to lto-llvm-8f3d2d.o(.text.SVC_Handler) for SVC_Handler
    startup_stm32f030x6.o(RESET) refers to lto-llvm-8f3d2d.o(.text.PendSV_Handler) for PendSV_Handler
    startup_stm32f030x6.o(RESET) refers to lto-llvm-8f3d2d.o(.text.SysTick_Handler) for SysTick_Handler
    startup_stm32f030x6.o(RESET) refers to lto-llvm-8f3d2d.o(.text.EXTI4_15_IRQHandler) for EXTI4_15_IRQHandler
    startup_stm32f030x6.o(RESET) refers to lto-llvm-8f3d2d.o(.text.TIM14_IRQHandler) for TIM14_IRQHandler
    startup_stm32f030x6.o(RESET) refers to lto-llvm-8f3d2d.o(.text.USART1_IRQHandler) for USART1_IRQHandler
    startup_stm32f030x6.o(.text) refers to lto-llvm-8f3d2d.o(.text.SystemInit) for SystemInit
    startup_stm32f030x6.o(.text) refers to entry.o(.ARM.Collect$$$$00000000) for __main
    entry.o(.ARM.Collect$$$$00000000) refers (Special) to entry10a.o(.ARM.Collect$$$$0000000D) for __rt_final_cpp
    entry.o(.ARM.Collect$$$$00000000) refers (Special) to entry11a.o(.ARM.Collect$$$$0000000F) for __rt_final_exit
    entry.o(.ARM.Collect$$$$00000000) refers (Special) to entry7b.o(.ARM.Collect$$$$00000008) for _main_clock
    entry.o(.ARM.Collect$$$$00000000) refers (Special) to entry8b.o(.ARM.Collect$$$$0000000A) for _main_cpp_init
    entry.o(.ARM.Collect$$$$00000000) refers (Special) to entry9a.o(.ARM.Collect$$$$0000000B) for _main_init
    entry.o(.ARM.Collect$$$$00000000) refers (Special) to entry5.o(.ARM.Collect$$$$00000004) for _main_scatterload
    entry.o(.ARM.Collect$$$$00000000) refers (Special) to entry2.o(.ARM.Collect$$$$00000001) for _main_stk
    entry2.o(.ARM.Collect$$$$00000001) refers to entry2.o(.ARM.Collect$$$$00002712) for __lit__00000000
    entry2.o(.ARM.Collect$$$$00002712) refers to startup_stm32f030x6.o(STACK) for __initial_sp
    entry2.o(__vectab_stack_and_reset_area) refers to startup_stm32f030x6.o(STACK) for __initial_sp
    entry2.o(__vectab_stack_and_reset_area) refers to entry.o(.ARM.Collect$$$$00000000) for __main
    entry5.o(.ARM.Collect$$$$00000004) refers to init.o(.text) for __scatterload
    entry9a.o(.ARM.Collect$$$$0000000B) refers to lto-llvm-8f3d2d.o(.text.main) for main
    entry9b.o(.ARM.Collect$$$$0000000C) refers to lto-llvm-8f3d2d.o(.text.main) for main
    init.o(.text) refers to entry5.o(.ARM.Collect$$$$00000004) for __main_after_scatterload
    lto-llvm-8f3d2d.o(.text.main) refers to uidiv_div0.o(.text) for __aeabi_uidiv
    lto-llvm-8f3d2d.o(.text.main) refers to lto-llvm-8f3d2d.o(.text.HAL_GPIO_DeInit) for HAL_GPIO_DeInit
    lto-llvm-8f3d2d.o(.text.main) refers to lto-llvm-8f3d2d.o(.text.HAL_UART_MspDeInit) for HAL_UART_MspDeInit
    lto-llvm-8f3d2d.o(.text.main) refers to lto-llvm-8f3d2d.o(.text.HAL_NVIC_SystemReset) for HAL_NVIC_SystemReset
    lto-llvm-8f3d2d.o(.text.main) refers to lto-llvm-8f3d2d.o(.data.SystemCoreClock) for [Anonymous Symbol]
    lto-llvm-8f3d2d.o(.text.main) refers to lto-llvm-8f3d2d.o(.bss.uwTick) for [Anonymous Symbol]
    lto-llvm-8f3d2d.o(.text.main) refers to lto-llvm-8f3d2d.o(.text.HAL_GPIO_Init) for HAL_GPIO_Init
    lto-llvm-8f3d2d.o(.text.main) refers to lto-llvm-8f3d2d.o(.bss.hadc) for [Anonymous Symbol]
    lto-llvm-8f3d2d.o(.text.main) refers to lto-llvm-8f3d2d.o(.bss.htim14) for [Anonymous Symbol]
    lto-llvm-8f3d2d.o(.text.main) refers to lto-llvm-8f3d2d.o(.rodata.cst16) for [Anonymous Symbol]
    lto-llvm-8f3d2d.o(.text.main) refers to lto-llvm-8f3d2d.o(.bss.huart1) for [Anonymous Symbol]
    lto-llvm-8f3d2d.o(.text.main) refers to lto-llvm-8f3d2d.o(.rodata.cst8) for [Anonymous Symbol]
    lto-llvm-8f3d2d.o(.text.main) refers to lto-llvm-8f3d2d.o(.text.UART_WaitOnFlagUntilTimeout) for UART_WaitOnFlagUntilTimeout
    lto-llvm-8f3d2d.o(.text.main) refers to lto-llvm-8f3d2d.o(.text.HAL_UART_Receive_IT) for HAL_UART_Receive_IT
    lto-llvm-8f3d2d.o(.text.main) refers to lto-llvm-8f3d2d.o(.text.HAL_ADC_ConfigChannel) for HAL_ADC_ConfigChannel
    lto-llvm-8f3d2d.o(.text.main) refers to lto-llvm-8f3d2d.o(.text.HAL_ADC_Start) for HAL_ADC_Start
    lto-llvm-8f3d2d.o(.text.main) refers to lto-llvm-8f3d2d.o(.text.HAL_ADC_PollForConversion) for HAL_ADC_PollForConversion
    lto-llvm-8f3d2d.o(.text.main) refers to lto-llvm-8f3d2d.o(.text.HAL_ADC_Stop) for HAL_ADC_Stop
    lto-llvm-8f3d2d.o(.text.main) refers to dfltui.o(.text) for __aeabi_ui2d
    lto-llvm-8f3d2d.o(.text.main) refers to dmul.o(.text) for __aeabi_dmul
    lto-llvm-8f3d2d.o(.text.main) refers to d2f.o(.text) for __aeabi_d2f
    lto-llvm-8f3d2d.o(.text.main) refers to f2d.o(.text) for __aeabi_f2d
    lto-llvm-8f3d2d.o(.text.main) refers to dadd.o(.text) for __aeabi_dsub
    lto-llvm-8f3d2d.o(.text.main) refers to lto-llvm-8f3d2d.o(.bss.dimmer_state) for [Anonymous Symbol]
    lto-llvm-8f3d2d.o(.text.main) refers to lto-llvm-8f3d2d.o(.bss.dimmer_address) for [Anonymous Symbol]
    lto-llvm-8f3d2d.o(.text.main) refers to ddiv.o(.text) for __aeabi_ddiv
    lto-llvm-8f3d2d.o(.text.main) refers to log.o(i.log) for log
    lto-llvm-8f3d2d.o(.text.main) refers to ffixi.o(.text) for __aeabi_f2iz
    lto-llvm-8f3d2d.o(.text.main) refers to lto-llvm-8f3d2d.o(.bss.last_ramp_tick) for [Anonymous Symbol]
    lto-llvm-8f3d2d.o(.text.main) refers to lto-llvm-8f3d2d.o(.bss.dimmer_ramp) for [Anonymous Symbol]
    lto-llvm-8f3d2d.o(.text.main) refers to lto-llvm-8f3d2d.o(.bss.dimmer_value) for [Anonymous Symbol]
    lto-llvm-8f3d2d.o(.text.main) refers to lto-llvm-8f3d2d.o(.bss.dimmer_new_value) for [Anonymous Symbol]
    lto-llvm-8f3d2d.o(.text.main) refers to lto-llvm-8f3d2d.o(.bss.last_ntc_tick) for [Anonymous Symbol]
    lto-llvm-8f3d2d.o(.text.main) refers to lto-llvm-8f3d2d.o(.bss.ntc_temperature) for [Anonymous Symbol]
    lto-llvm-8f3d2d.o(.text.main) refers to lto-llvm-8f3d2d.o(.data.dimmer_temp_limit) for [Anonymous Symbol]
    lto-llvm-8f3d2d.o(.ARM.exidx.text.main) refers to lto-llvm-8f3d2d.o(.text.main) for [Anonymous Symbol]
    lto-llvm-8f3d2d.o(.text.HAL_UART_RxCpltCallback) refers to ffixi.o(.text) for __aeabi_f2iz
    lto-llvm-8f3d2d.o(.text.HAL_UART_RxCpltCallback) refers to lto-llvm-8f3d2d.o(.text.HAL_UART_Transmit) for HAL_UART_Transmit
    lto-llvm-8f3d2d.o(.text.HAL_UART_RxCpltCallback) refers to lto-llvm-8f3d2d.o(.text.HAL_GPIO_DeInit) for HAL_GPIO_DeInit
    lto-llvm-8f3d2d.o(.text.HAL_UART_RxCpltCallback) refers to lto-llvm-8f3d2d.o(.text.HAL_UART_MspDeInit) for HAL_UART_MspDeInit
    lto-llvm-8f3d2d.o(.text.HAL_UART_RxCpltCallback) refers to lto-llvm-8f3d2d.o(.text.HAL_NVIC_SystemReset) for HAL_NVIC_SystemReset
    lto-llvm-8f3d2d.o(.text.HAL_UART_RxCpltCallback) refers to lto-llvm-8f3d2d.o(.text.HAL_UART_Receive_IT) for HAL_UART_Receive_IT
    lto-llvm-8f3d2d.o(.text.HAL_UART_RxCpltCallback) refers to lto-llvm-8f3d2d.o(.bss.rxcnt) for [Anonymous Symbol]
    lto-llvm-8f3d2d.o(.text.HAL_UART_RxCpltCallback) refers to lto-llvm-8f3d2d.o(.bss.rx_byte) for [Anonymous Symbol]
    lto-llvm-8f3d2d.o(.text.HAL_UART_RxCpltCallback) refers to lto-llvm-8f3d2d.o(.bss.uart_rx_buffer) for [Anonymous Symbol]
    lto-llvm-8f3d2d.o(.text.HAL_UART_RxCpltCallback) refers to lto-llvm-8f3d2d.o(.bss.dimmer_address) for [Anonymous Symbol]
    lto-llvm-8f3d2d.o(.text.HAL_UART_RxCpltCallback) refers to lto-llvm-8f3d2d.o(.bss.dimmer_value) for [Anonymous Symbol]
    lto-llvm-8f3d2d.o(.text.HAL_UART_RxCpltCallback) refers to lto-llvm-8f3d2d.o(.bss.ntc_temperature) for [Anonymous Symbol]
    lto-llvm-8f3d2d.o(.text.HAL_UART_RxCpltCallback) refers to lto-llvm-8f3d2d.o(.bss.dimmer_ramp) for [Anonymous Symbol]
    lto-llvm-8f3d2d.o(.text.HAL_UART_RxCpltCallback) refers to lto-llvm-8f3d2d.o(.data.dimmer_temp_limit) for [Anonymous Symbol]
    lto-llvm-8f3d2d.o(.text.HAL_UART_RxCpltCallback) refers to lto-llvm-8f3d2d.o(.bss.dimmer_state) for [Anonymous Symbol]
    lto-llvm-8f3d2d.o(.text.HAL_UART_RxCpltCallback) refers to lto-llvm-8f3d2d.o(.bss.hadc) for [Anonymous Symbol]
    lto-llvm-8f3d2d.o(.text.HAL_UART_RxCpltCallback) refers to lto-llvm-8f3d2d.o(.bss.htim14) for [Anonymous Symbol]
    lto-llvm-8f3d2d.o(.text.HAL_UART_RxCpltCallback) refers to lto-llvm-8f3d2d.o(.bss.dimmer_new_value) for [Anonymous Symbol]
    lto-llvm-8f3d2d.o(.ARM.exidx.text.HAL_UART_RxCpltCallback) refers to lto-llvm-8f3d2d.o(.text.HAL_UART_RxCpltCallback) for [Anonymous Symbol]
    lto-llvm-8f3d2d.o(.text.HAL_UART_ErrorCallback) refers to lto-llvm-8f3d2d.o(.text.HAL_UART_Receive_IT) for HAL_UART_Receive_IT
    lto-llvm-8f3d2d.o(.text.HAL_UART_ErrorCallback) refers to lto-llvm-8f3d2d.o(.bss.huart1) for [Anonymous Symbol]
    lto-llvm-8f3d2d.o(.text.HAL_UART_ErrorCallback) refers to lto-llvm-8f3d2d.o(.bss.uart_rx_buffer) for [Anonymous Symbol]
    lto-llvm-8f3d2d.o(.ARM.exidx.text.HAL_UART_ErrorCallback) refers to lto-llvm-8f3d2d.o(.text.HAL_UART_ErrorCallback) for [Anonymous Symbol]
    lto-llvm-8f3d2d.o(.ARM.exidx.text.NMI_Handler) refers to lto-llvm-8f3d2d.o(.text.NMI_Handler) for [Anonymous Symbol]
    lto-llvm-8f3d2d.o(.ARM.exidx.text.HardFault_Handler) refers to lto-llvm-8f3d2d.o(.text.HardFault_Handler) for [Anonymous Symbol]
    lto-llvm-8f3d2d.o(.ARM.exidx.text.SVC_Handler) refers to lto-llvm-8f3d2d.o(.text.SVC_Handler) for [Anonymous Symbol]
    lto-llvm-8f3d2d.o(.ARM.exidx.text.PendSV_Handler) refers to lto-llvm-8f3d2d.o(.text.PendSV_Handler) for [Anonymous Symbol]
    lto-llvm-8f3d2d.o(.text.SysTick_Handler) refers to lto-llvm-8f3d2d.o(.bss.uwTick) for [Anonymous Symbol]
    lto-llvm-8f3d2d.o(.ARM.exidx.text.SysTick_Handler) refers to lto-llvm-8f3d2d.o(.text.SysTick_Handler) for [Anonymous Symbol]
    lto-llvm-8f3d2d.o(.text.EXTI4_15_IRQHandler) refers to lto-llvm-8f3d2d.o(.bss.dimmer_value) for [Anonymous Symbol]
    lto-llvm-8f3d2d.o(.text.EXTI4_15_IRQHandler) refers to lto-llvm-8f3d2d.o(.bss.mosfet_on) for [Anonymous Symbol]
    lto-llvm-8f3d2d.o(.text.EXTI4_15_IRQHandler) refers to lto-llvm-8f3d2d.o(.bss.htim14) for [Anonymous Symbol]
    lto-llvm-8f3d2d.o(.ARM.exidx.text.EXTI4_15_IRQHandler) refers to lto-llvm-8f3d2d.o(.text.EXTI4_15_IRQHandler) for [Anonymous Symbol]
    lto-llvm-8f3d2d.o(.text.TIM14_IRQHandler) refers to lto-llvm-8f3d2d.o(.bss.htim14) for [Anonymous Symbol]
    lto-llvm-8f3d2d.o(.text.TIM14_IRQHandler) refers to lto-llvm-8f3d2d.o(.bss.mosfet_on) for [Anonymous Symbol]
    lto-llvm-8f3d2d.o(.ARM.exidx.text.TIM14_IRQHandler) refers to lto-llvm-8f3d2d.o(.text.TIM14_IRQHandler) for [Anonymous Symbol]
    lto-llvm-8f3d2d.o(.text.USART1_IRQHandler) refers to lto-llvm-8f3d2d.o(.text.HAL_UART_ErrorCallback) for HAL_UART_ErrorCallback
    lto-llvm-8f3d2d.o(.text.USART1_IRQHandler) refers to lto-llvm-8f3d2d.o(.bss.huart1) for [Anonymous Symbol]
    lto-llvm-8f3d2d.o(.text.USART1_IRQHandler) refers to lto-llvm-8f3d2d.o(.text.UART_DMAAbortOnError) for UART_DMAAbortOnError
    lto-llvm-8f3d2d.o(.ARM.exidx.text.USART1_IRQHandler) refers to lto-llvm-8f3d2d.o(.text.USART1_IRQHandler) for [Anonymous Symbol]
    lto-llvm-8f3d2d.o(.text.HAL_UART_MspDeInit) refers to lto-llvm-8f3d2d.o(.text.HAL_GPIO_DeInit) for HAL_GPIO_DeInit
    lto-llvm-8f3d2d.o(.text.HAL_UART_MspDeInit) refers to lto-llvm-8f3d2d.o(.bss.huart1) for [Anonymous Symbol]
    lto-llvm-8f3d2d.o(.ARM.exidx.text.HAL_UART_MspDeInit) refers to lto-llvm-8f3d2d.o(.text.HAL_UART_MspDeInit) for [Anonymous Symbol]
    lto-llvm-8f3d2d.o(.text.HAL_ADC_Start) refers to uidiv_div0.o(.text) for __aeabi_uidiv
    lto-llvm-8f3d2d.o(.text.HAL_ADC_Start) refers to lto-llvm-8f3d2d.o(.bss.hadc) for [Anonymous Symbol]
    lto-llvm-8f3d2d.o(.text.HAL_ADC_Start) refers to lto-llvm-8f3d2d.o(.data.SystemCoreClock) for [Anonymous Symbol]
    lto-llvm-8f3d2d.o(.text.HAL_ADC_Start) refers to lto-llvm-8f3d2d.o(.bss.uwTick) for [Anonymous Symbol]
    lto-llvm-8f3d2d.o(.ARM.exidx.text.HAL_ADC_Start) refers to lto-llvm-8f3d2d.o(.text.HAL_ADC_Start) for [Anonymous Symbol]
    lto-llvm-8f3d2d.o(.text.HAL_ADC_Stop) refers to lto-llvm-8f3d2d.o(.bss.hadc) for [Anonymous Symbol]
    lto-llvm-8f3d2d.o(.text.HAL_ADC_Stop) refers to lto-llvm-8f3d2d.o(.bss.uwTick) for [Anonymous Symbol]
    lto-llvm-8f3d2d.o(.ARM.exidx.text.HAL_ADC_Stop) refers to lto-llvm-8f3d2d.o(.text.HAL_ADC_Stop) for [Anonymous Symbol]
    lto-llvm-8f3d2d.o(.text.HAL_ADC_PollForConversion) refers to lto-llvm-8f3d2d.o(.bss.hadc) for [Anonymous Symbol]
    lto-llvm-8f3d2d.o(.text.HAL_ADC_PollForConversion) refers to lto-llvm-8f3d2d.o(.bss.uwTick) for [Anonymous Symbol]
    lto-llvm-8f3d2d.o(.ARM.exidx.text.HAL_ADC_PollForConversion) refers to lto-llvm-8f3d2d.o(.text.HAL_ADC_PollForConversion) for [Anonymous Symbol]
    lto-llvm-8f3d2d.o(.text.HAL_ADC_ConfigChannel) refers to uidiv_div0.o(.text) for __aeabi_uidiv
    lto-llvm-8f3d2d.o(.text.HAL_ADC_ConfigChannel) refers to lto-llvm-8f3d2d.o(.bss.hadc) for [Anonymous Symbol]
    lto-llvm-8f3d2d.o(.text.HAL_ADC_ConfigChannel) refers to lto-llvm-8f3d2d.o(.data.SystemCoreClock) for [Anonymous Symbol]
    lto-llvm-8f3d2d.o(.ARM.exidx.text.HAL_ADC_ConfigChannel) refers to lto-llvm-8f3d2d.o(.text.HAL_ADC_ConfigChannel) for [Anonymous Symbol]
    lto-llvm-8f3d2d.o(.ARM.exidx.text.HAL_GPIO_Init) refers to lto-llvm-8f3d2d.o(.text.HAL_GPIO_Init) for [Anonymous Symbol]
    lto-llvm-8f3d2d.o(.ARM.exidx.text.HAL_GPIO_DeInit) refers to lto-llvm-8f3d2d.o(.text.HAL_GPIO_DeInit) for [Anonymous Symbol]
    lto-llvm-8f3d2d.o(.ARM.exidx.text.HAL_NVIC_SystemReset) refers to lto-llvm-8f3d2d.o(.text.HAL_NVIC_SystemReset) for [Anonymous Symbol]
    lto-llvm-8f3d2d.o(.text.UART_WaitOnFlagUntilTimeout) refers to lto-llvm-8f3d2d.o(.bss.uwTick) for [Anonymous Symbol]
    lto-llvm-8f3d2d.o(.ARM.exidx.text.UART_WaitOnFlagUntilTimeout) refers to lto-llvm-8f3d2d.o(.text.UART_WaitOnFlagUntilTimeout) for [Anonymous Symbol]
    lto-llvm-8f3d2d.o(.text.HAL_UART_Transmit) refers to lto-llvm-8f3d2d.o(.bss.huart1) for [Anonymous Symbol]
    lto-llvm-8f3d2d.o(.text.HAL_UART_Transmit) refers to lto-llvm-8f3d2d.o(.bss.uwTick) for [Anonymous Symbol]
    lto-llvm-8f3d2d.o(.ARM.exidx.text.HAL_UART_Transmit) refers to lto-llvm-8f3d2d.o(.text.HAL_UART_Transmit) for [Anonymous Symbol]
    lto-llvm-8f3d2d.o(.text.HAL_UART_Receive_IT) refers to lto-llvm-8f3d2d.o(.bss.huart1) for [Anonymous Symbol]
    lto-llvm-8f3d2d.o(.text.HAL_UART_Receive_IT) refers to lto-llvm-8f3d2d.o(.bss.rx_byte) for [Anonymous Symbol]
    lto-llvm-8f3d2d.o(.text.HAL_UART_Receive_IT) refers to lto-llvm-8f3d2d.o(.text.UART_RxISR_8BIT) for UART_RxISR_8BIT
    lto-llvm-8f3d2d.o(.text.HAL_UART_Receive_IT) refers to lto-llvm-8f3d2d.o(.text.UART_RxISR_16BIT) for UART_RxISR_16BIT
    lto-llvm-8f3d2d.o(.ARM.exidx.text.HAL_UART_Receive_IT) refers to lto-llvm-8f3d2d.o(.text.HAL_UART_Receive_IT) for [Anonymous Symbol]
    lto-llvm-8f3d2d.o(.text.UART_RxISR_8BIT) refers to lto-llvm-8f3d2d.o(.text.HAL_UART_RxCpltCallback) for HAL_UART_RxCpltCallback
    lto-llvm-8f3d2d.o(.ARM.exidx.text.UART_RxISR_8BIT) refers to lto-llvm-8f3d2d.o(.text.UART_RxISR_8BIT) for [Anonymous Symbol]
    lto-llvm-8f3d2d.o(.text.UART_RxISR_16BIT) refers to lto-llvm-8f3d2d.o(.text.HAL_UART_RxCpltCallback) for HAL_UART_RxCpltCallback
    lto-llvm-8f3d2d.o(.ARM.exidx.text.UART_RxISR_16BIT) refers to lto-llvm-8f3d2d.o(.text.UART_RxISR_16BIT) for [Anonymous Symbol]
    lto-llvm-8f3d2d.o(.text.UART_DMAAbortOnError) refers to lto-llvm-8f3d2d.o(.text.HAL_UART_ErrorCallback) for HAL_UART_ErrorCallback
    lto-llvm-8f3d2d.o(.ARM.exidx.text.UART_DMAAbortOnError) refers to lto-llvm-8f3d2d.o(.text.UART_DMAAbortOnError) for [Anonymous Symbol]
    lto-llvm-8f3d2d.o(.ARM.exidx.text.SystemInit) refers to lto-llvm-8f3d2d.o(.text.SystemInit) for [Anonymous Symbol]
    log.o(i.__softfp_log) refers (Special) to iusefp.o(.text) for __I$use$fp
    log.o(i.__softfp_log) refers to log.o(i.log) for log
    log.o(i.log) refers (Special) to iusefp.o(.text) for __I$use$fp
    log.o(i.log) refers to dunder.o(i.__mathlib_dbl_infnan) for __mathlib_dbl_infnan
    log.o(i.log) refers to errno.o(i.__set_errno) for __set_errno
    log.o(i.log) refers to dunder.o(i.__mathlib_dbl_invalid) for __mathlib_dbl_invalid
    log.o(i.log) refers to dunder.o(i.__mathlib_dbl_divzero) for __mathlib_dbl_divzero
    log.o(i.log) refers to dscalb.o(.text) for __ARM_scalbn
    log.o(i.log) refers to dadd.o(.text) for __aeabi_dsub
    log.o(i.log) refers to cdcmple.o(.text) for __aeabi_cdcmpeq
    log.o(i.log) refers to dflti.o(.text) for __aeabi_i2d
    log.o(i.log) refers to dmul.o(.text) for __aeabi_dmul
    log.o(i.log) refers to ddiv.o(.text) for __aeabi_ddiv
    log.o(i.log) refers to poly.o(i.__kernel_poly) for __kernel_poly
    log.o(i.log) refers to qnan.o(.constdata) for __mathlib_zero
    log.o(i.log) refers to log.o(.constdata) for .constdata
    log.o(.constdata) refers (Special) to iusefp.o(.text) for __I$use$fp
    dadd.o(.text) refers (Special) to iusefp.o(.text) for __I$use$fp
    dadd.o(.text) refers to llshl.o(.text) for __aeabi_llsl
    dadd.o(.text) refers to llsshr.o(.text) for __aeabi_lasr
    dadd.o(.text) refers to depilogue.o(.text) for _double_epilogue
    dmul.o(.text) refers (Special) to iusefp.o(.text) for __I$use$fp
    dmul.o(.text) refers to depilogue.o(.text) for _double_epilogue
    ddiv.o(.text) refers (Special) to iusefp.o(.text) for __I$use$fp
    ddiv.o(.text) refers to depilogue.o(.text) for _double_round
    dfltui.o(.text) refers (Special) to iusefp.o(.text) for __I$use$fp
    dfltui.o(.text) refers to depilogue.o(.text) for _double_epilogue
    ffixi.o(.text) refers (Special) to iusefp.o(.text) for __I$use$fp
    f2d.o(.text) refers (Special) to iusefp.o(.text) for __I$use$fp
    d2f.o(.text) refers (Special) to iusefp.o(.text) for __I$use$fp
    d2f.o(.text) refers to fepilogue.o(.text) for _float_round
    dunder.o(i.__mathlib_dbl_divzero) refers to ddiv.o(.text) for __aeabi_ddiv
    dunder.o(i.__mathlib_dbl_infnan) refers to dscalb.o(.text) for __ARM_scalbn
    dunder.o(i.__mathlib_dbl_infnan2) refers to dadd.o(.text) for __aeabi_dadd
    dunder.o(i.__mathlib_dbl_invalid) refers to ddiv.o(.text) for __aeabi_ddiv
    dunder.o(i.__mathlib_dbl_overflow) refers to dscalb.o(.text) for __ARM_scalbn
    dunder.o(i.__mathlib_dbl_posinfnan) refers to dmul.o(.text) for __aeabi_dmul
    dunder.o(i.__mathlib_dbl_underflow) refers to dscalb.o(.text) for __ARM_scalbn
    poly.o(i.__kernel_poly) refers (Special) to iusefp.o(.text) for __I$use$fp
    poly.o(i.__kernel_poly) refers to dmul.o(.text) for __aeabi_dmul
    poly.o(i.__kernel_poly) refers to dadd.o(.text) for __aeabi_dadd
    qnan.o(.constdata) refers (Special) to iusefp.o(.text) for __I$use$fp
    idiv_div0.o(.text) refers to uidiv_div0.o(.text) for __aeabi_uidivmod
    errno.o(i.__aeabi_errno_addr) refers to errno.o(.data) for .data
    errno.o(i.__read_errno) refers to errno.o(.data) for .data
    errno.o(i.__set_errno) refers to errno.o(.data) for .data
    fepilogue.o(.text) refers (Special) to iusefp.o(.text) for __I$use$fp
    depilogue.o(.text) refers (Special) to iusefp.o(.text) for __I$use$fp
    depilogue.o(.text) refers to depilogue.o(i.__ARM_clz) for __ARM_clz
    depilogue.o(.text) refers to llshl.o(.text) for __aeabi_llsl
    depilogue.o(.text) refers to llushr.o(.text) for __aeabi_llsr
    dscalb.o(.text) refers (Special) to iusefp.o(.text) for __I$use$fp
    dflti.o(.text) refers (Special) to iusefp.o(.text) for __I$use$fp
    dflti.o(.text) refers to depilogue.o(.text) for _double_epilogue
    cdcmple.o(.text) refers (Special) to iusefp.o(.text) for __I$use$fp
    depilogue.o(i.__ARM_clz) refers (Special) to iusefp.o(.text) for __I$use$fp


==============================================================================

Removing Unused input sections from the image.

    Removing startup_stm32f030x6.o(HEAP), (512 bytes).
    Removing lto-llvm-8f3d2d.o(.text), (0 bytes).
    Removing lto-llvm-8f3d2d.o(.ARM.exidx.text.main), (8 bytes).
    Removing lto-llvm-8f3d2d.o(.ARM.exidx.text.HAL_UART_RxCpltCallback), (8 bytes).
    Removing lto-llvm-8f3d2d.o(.ARM.exidx.text.HAL_UART_ErrorCallback), (8 bytes).
    Removing lto-llvm-8f3d2d.o(.ARM.exidx.text.NMI_Handler), (8 bytes).
    Removing lto-llvm-8f3d2d.o(.ARM.exidx.text.HardFault_Handler), (8 bytes).
    Removing lto-llvm-8f3d2d.o(.ARM.exidx.text.SVC_Handler), (8 bytes).
    Removing lto-llvm-8f3d2d.o(.ARM.exidx.text.PendSV_Handler), (8 bytes).
    Removing lto-llvm-8f3d2d.o(.ARM.exidx.text.SysTick_Handler), (8 bytes).
    Removing lto-llvm-8f3d2d.o(.ARM.exidx.text.EXTI4_15_IRQHandler), (8 bytes).
    Removing lto-llvm-8f3d2d.o(.ARM.exidx.text.TIM14_IRQHandler), (8 bytes).
    Removing lto-llvm-8f3d2d.o(.ARM.exidx.text.USART1_IRQHandler), (8 bytes).
    Removing lto-llvm-8f3d2d.o(.ARM.exidx.text.HAL_UART_MspDeInit), (8 bytes).
    Removing lto-llvm-8f3d2d.o(.ARM.exidx.text.HAL_ADC_Start), (8 bytes).
    Removing lto-llvm-8f3d2d.o(.ARM.exidx.text.HAL_ADC_Stop), (8 bytes).
    Removing lto-llvm-8f3d2d.o(.ARM.exidx.text.HAL_ADC_PollForConversion), (8 bytes).
    Removing lto-llvm-8f3d2d.o(.ARM.exidx.text.HAL_ADC_ConfigChannel), (8 bytes).
    Removing lto-llvm-8f3d2d.o(.ARM.exidx.text.HAL_GPIO_Init), (8 bytes).
    Removing lto-llvm-8f3d2d.o(.ARM.exidx.text.HAL_GPIO_DeInit), (8 bytes).
    Removing lto-llvm-8f3d2d.o(.ARM.exidx.text.HAL_NVIC_SystemReset), (8 bytes).
    Removing lto-llvm-8f3d2d.o(.ARM.exidx.text.UART_WaitOnFlagUntilTimeout), (8 bytes).
    Removing lto-llvm-8f3d2d.o(.ARM.exidx.text.HAL_UART_Transmit), (8 bytes).
    Removing lto-llvm-8f3d2d.o(.ARM.exidx.text.HAL_UART_Receive_IT), (8 bytes).
    Removing lto-llvm-8f3d2d.o(.ARM.exidx.text.UART_RxISR_8BIT), (8 bytes).
    Removing lto-llvm-8f3d2d.o(.ARM.exidx.text.UART_RxISR_16BIT), (8 bytes).
    Removing lto-llvm-8f3d2d.o(.ARM.exidx.text.UART_DMAAbortOnError), (8 bytes).
    Removing lto-llvm-8f3d2d.o(.ARM.exidx.text.SystemInit), (8 bytes).
    Removing lto-llvm-8f3d2d.o(.ARM.use_no_argv), (4 bytes).

29 unused section(s) (total 724 bytes) removed from the image.

==============================================================================

Image Symbol Table

    Local Symbols

    Symbol Name                              Value     Ov Type        Size  Object(Section)

    ../clib/division.s                       0x00000000   Number         0  aeabi_sdiv.o ABSOLUTE
    ../clib/division.s                       0x00000000   Number         0  aeabi_sdiv_div0.o ABSOLUTE
    ../clib/microlib/division.c              0x00000000   Number         0  uidiv.o ABSOLUTE
    ../clib/microlib/division.c              0x00000000   Number         0  uidiv_div0.o ABSOLUTE
    ../clib/microlib/division.c              0x00000000   Number         0  idiv_div0.o ABSOLUTE
    ../clib/microlib/division.c              0x00000000   Number         0  idiv0.o ABSOLUTE
    ../clib/microlib/errno.c                 0x00000000   Number         0  errno.o ABSOLUTE
    ../clib/microlib/init/entry.s            0x00000000   Number         0  entry.o ABSOLUTE
    ../clib/microlib/init/entry.s            0x00000000   Number         0  entry2.o ABSOLUTE
    ../clib/microlib/init/entry.s            0x00000000   Number         0  entry5.o ABSOLUTE
    ../clib/microlib/init/entry.s            0x00000000   Number         0  entry7a.o ABSOLUTE
    ../clib/microlib/init/entry.s            0x00000000   Number         0  entry7b.o ABSOLUTE
    ../clib/microlib/init/entry.s            0x00000000   Number         0  entry8a.o ABSOLUTE
    ../clib/microlib/init/entry.s            0x00000000   Number         0  entry8b.o ABSOLUTE
    ../clib/microlib/init/entry.s            0x00000000   Number         0  entry9a.o ABSOLUTE
    ../clib/microlib/init/entry.s            0x00000000   Number         0  entry9b.o ABSOLUTE
    ../clib/microlib/init/entry.s            0x00000000   Number         0  entry10a.o ABSOLUTE
    ../clib/microlib/init/entry.s            0x00000000   Number         0  entry10b.o ABSOLUTE
    ../clib/microlib/init/entry.s            0x00000000   Number         0  entry11a.o ABSOLUTE
    ../clib/microlib/init/entry.s            0x00000000   Number         0  entry11b.o ABSOLUTE
    ../clib/microlib/longlong.c              0x00000000   Number         0  llshl.o ABSOLUTE
    ../clib/microlib/longlong.c              0x00000000   Number         0  llsshr.o ABSOLUTE
    ../clib/microlib/longlong.c              0x00000000   Number         0  llushr.o ABSOLUTE
    ../clib/microlib/stubs.s                 0x00000000   Number         0  iusefp.o ABSOLUTE
    ../fplib/microlib/d2f.c                  0x00000000   Number         0  d2f.o ABSOLUTE
    ../fplib/microlib/f2d.c                  0x00000000   Number         0  f2d.o ABSOLUTE
    ../fplib/microlib/fpadd.c                0x00000000   Number         0  dadd.o ABSOLUTE
    ../fplib/microlib/fpdiv.c                0x00000000   Number         0  ddiv.o ABSOLUTE
    ../fplib/microlib/fpepilogue.c           0x00000000   Number         0  fepilogue.o ABSOLUTE
    ../fplib/microlib/fpepilogue.c           0x00000000   Number         0  depilogue.o ABSOLUTE
    ../fplib/microlib/fpfix.c                0x00000000   Number         0  ffixi.o ABSOLUTE
    ../fplib/microlib/fpflt.c                0x00000000   Number         0  dfltui.o ABSOLUTE
    ../fplib/microlib/fpflt.c                0x00000000   Number         0  dflti.o ABSOLUTE
    ../fplib/microlib/fpmul.c                0x00000000   Number         0  dmul.o ABSOLUTE
    ../fplib/microlib/fpscalb.c              0x00000000   Number         0  dscalb.o ABSOLUTE
    ../mathlib/dunder.c                      0x00000000   Number         0  dunder.o ABSOLUTE
    ../mathlib/log.c                         0x00000000   Number         0  log.o ABSOLUTE
    ../mathlib/poly.c                        0x00000000   Number         0  poly.o ABSOLUTE
    ../mathlib/qnan.c                        0x00000000   Number         0  qnan.o ABSOLUTE
    cdcmple.s                                0x00000000   Number         0  cdcmple.o ABSOLUTE
    dc.s                                     0x00000000   Number         0  dc.o ABSOLUTE
    handlers.s                               0x00000000   Number         0  handlers.o ABSOLUTE
    init.s                                   0x00000000   Number         0  init.o ABSOLUTE
    ld-temp.o                                0x00000000   Number         0  lto-llvm-8f3d2d.o ABSOLUTE
    startup_stm32f030x6.s                    0x00000000   Number         0  startup_stm32f030x6.o ABSOLUTE
    RESET                                    0x08000000   Section      176  startup_stm32f030x6.o(RESET)
    .ARM.Collect$$$$00000000                 0x080000b0   Section        0  entry.o(.ARM.Collect$$$$00000000)
    .ARM.Collect$$$$00000001                 0x080000b0   Section        4  entry2.o(.ARM.Collect$$$$00000001)
    .ARM.Collect$$$$00000004                 0x080000b4   Section        4  entry5.o(.ARM.Collect$$$$00000004)
    .ARM.Collect$$$$00000008                 0x080000b8   Section        0  entry7b.o(.ARM.Collect$$$$00000008)
    .ARM.Collect$$$$0000000A                 0x080000b8   Section        0  entry8b.o(.ARM.Collect$$$$0000000A)
    .ARM.Collect$$$$0000000B                 0x080000b8   Section        8  entry9a.o(.ARM.Collect$$$$0000000B)
    __lit__00000000                          0x080000c0   Data           4  entry2.o(.ARM.Collect$$$$00002712)
    .ARM.Collect$$$$0000000D                 0x080000c0   Section        0  entry10a.o(.ARM.Collect$$$$0000000D)
    .ARM.Collect$$$$0000000F                 0x080000c0   Section        0  entry11a.o(.ARM.Collect$$$$0000000F)
    .ARM.Collect$$$$00002712                 0x080000c0   Section        4  entry2.o(.ARM.Collect$$$$00002712)
    .text                                    0x080000c4   Section       28  startup_stm32f030x6.o(.text)
    .text                                    0x080000e0   Section       36  init.o(.text)
    .text                                    0x08000104   Section        0  dadd.o(.text)
    .text                                    0x08000268   Section        0  dmul.o(.text)
    .text                                    0x08000338   Section        0  ddiv.o(.text)
    .text                                    0x08000428   Section        0  dfltui.o(.text)
    .text                                    0x08000444   Section        0  ffixi.o(.text)
    .text                                    0x08000476   Section        0  f2d.o(.text)
    .text                                    0x0800049e   Section        0  d2f.o(.text)
    .text                                    0x080004d6   Section        0  uidiv_div0.o(.text)
    .text                                    0x08000514   Section        0  llshl.o(.text)
    .text                                    0x08000534   Section        0  llsshr.o(.text)
    .text                                    0x0800055a   Section        0  iusefp.o(.text)
    .text                                    0x0800055a   Section        0  fepilogue.o(.text)
    .text                                    0x080005dc   Section        0  depilogue.o(.text)
    .text                                    0x0800069a   Section        0  dscalb.o(.text)
    .text                                    0x080006c8   Section        0  dflti.o(.text)
    .text                                    0x080006f0   Section       40  cdcmple.o(.text)
    .text                                    0x08000718   Section        0  llushr.o(.text)
    [Anonymous Symbol]                       0x0800073c   Section        0  lto-llvm-8f3d2d.o(.text.EXTI4_15_IRQHandler)
    __arm_cp.8_0                             0x080007a4   Number         4  lto-llvm-8f3d2d.o(.text.EXTI4_15_IRQHandler)
    __arm_cp.8_1                             0x080007a8   Number         4  lto-llvm-8f3d2d.o(.text.EXTI4_15_IRQHandler)
    __arm_cp.8_2                             0x080007ac   Number         4  lto-llvm-8f3d2d.o(.text.EXTI4_15_IRQHandler)
    __arm_cp.8_3                             0x080007b0   Number         4  lto-llvm-8f3d2d.o(.text.EXTI4_15_IRQHandler)
    __arm_cp.8_4                             0x080007b4   Number         4  lto-llvm-8f3d2d.o(.text.EXTI4_15_IRQHandler)
    __arm_cp.8_5                             0x080007b8   Number         4  lto-llvm-8f3d2d.o(.text.EXTI4_15_IRQHandler)
    __arm_cp.8_6                             0x080007bc   Number         4  lto-llvm-8f3d2d.o(.text.EXTI4_15_IRQHandler)
    HAL_ADC_ConfigChannel                    0x080007c1   Thumb Code   284  lto-llvm-8f3d2d.o(.text.HAL_ADC_ConfigChannel)
    [Anonymous Symbol]                       0x080007c0   Section        0  lto-llvm-8f3d2d.o(.text.HAL_ADC_ConfigChannel)
    __arm_cp.15_1                            0x080008dc   Number         4  lto-llvm-8f3d2d.o(.text.HAL_ADC_ConfigChannel)
    __arm_cp.15_2                            0x080008e0   Number         4  lto-llvm-8f3d2d.o(.text.HAL_ADC_ConfigChannel)
    __arm_cp.15_5                            0x080008e4   Number         4  lto-llvm-8f3d2d.o(.text.HAL_ADC_ConfigChannel)
    __arm_cp.15_6                            0x080008e8   Number         4  lto-llvm-8f3d2d.o(.text.HAL_ADC_ConfigChannel)
    HAL_ADC_PollForConversion                0x080008ed   Thumb Code   160  lto-llvm-8f3d2d.o(.text.HAL_ADC_PollForConversion)
    [Anonymous Symbol]                       0x080008ec   Section        0  lto-llvm-8f3d2d.o(.text.HAL_ADC_PollForConversion)
    HAL_ADC_Start                            0x0800098d   Thumb Code   212  lto-llvm-8f3d2d.o(.text.HAL_ADC_Start)
    [Anonymous Symbol]                       0x0800098c   Section        0  lto-llvm-8f3d2d.o(.text.HAL_ADC_Start)
    __arm_cp.12_1                            0x08000a60   Number         4  lto-llvm-8f3d2d.o(.text.HAL_ADC_Start)
    __arm_cp.12_2                            0x08000a64   Number         4  lto-llvm-8f3d2d.o(.text.HAL_ADC_Start)
    __arm_cp.12_3                            0x08000a68   Number         4  lto-llvm-8f3d2d.o(.text.HAL_ADC_Start)
    __arm_cp.12_5                            0x08000a6c   Number         4  lto-llvm-8f3d2d.o(.text.HAL_ADC_Start)
    HAL_ADC_Stop                             0x08000a71   Thumb Code   176  lto-llvm-8f3d2d.o(.text.HAL_ADC_Stop)
    [Anonymous Symbol]                       0x08000a70   Section        0  lto-llvm-8f3d2d.o(.text.HAL_ADC_Stop)
    __arm_cp.13_0                            0x08000b20   Number         4  lto-llvm-8f3d2d.o(.text.HAL_ADC_Stop)
    __arm_cp.13_1                            0x08000b24   Number         4  lto-llvm-8f3d2d.o(.text.HAL_ADC_Stop)
    HAL_GPIO_DeInit                          0x08000b29   Thumb Code   176  lto-llvm-8f3d2d.o(.text.HAL_GPIO_DeInit)
    [Anonymous Symbol]                       0x08000b28   Section        0  lto-llvm-8f3d2d.o(.text.HAL_GPIO_DeInit)
    HAL_GPIO_Init                            0x08000bd9   Thumb Code   408  lto-llvm-8f3d2d.o(.text.HAL_GPIO_Init)
    [Anonymous Symbol]                       0x08000bd8   Section        0  lto-llvm-8f3d2d.o(.text.HAL_GPIO_Init)
    __arm_cp.16_0                            0x08000d70   Number         4  lto-llvm-8f3d2d.o(.text.HAL_GPIO_Init)
    __arm_cp.16_1                            0x08000d74   Number         4  lto-llvm-8f3d2d.o(.text.HAL_GPIO_Init)
    __arm_cp.16_3                            0x08000d78   Number         4  lto-llvm-8f3d2d.o(.text.HAL_GPIO_Init)
    __arm_cp.16_4                            0x08000d7c   Number         4  lto-llvm-8f3d2d.o(.text.HAL_GPIO_Init)
    __arm_cp.16_5                            0x08000d80   Number         4  lto-llvm-8f3d2d.o(.text.HAL_GPIO_Init)
    HAL_NVIC_SystemReset                     0x08000d85   Thumb Code    24  lto-llvm-8f3d2d.o(.text.HAL_NVIC_SystemReset)
    [Anonymous Symbol]                       0x08000d84   Section        0  lto-llvm-8f3d2d.o(.text.HAL_NVIC_SystemReset)
    __arm_cp.18_0                            0x08000d9c   Number         4  lto-llvm-8f3d2d.o(.text.HAL_NVIC_SystemReset)
    __arm_cp.18_1                            0x08000da0   Number         4  lto-llvm-8f3d2d.o(.text.HAL_NVIC_SystemReset)
    HAL_UART_ErrorCallback                   0x08000da5   Thumb Code   248  lto-llvm-8f3d2d.o(.text.HAL_UART_ErrorCallback)
    [Anonymous Symbol]                       0x08000da4   Section        0  lto-llvm-8f3d2d.o(.text.HAL_UART_ErrorCallback)
    HAL_UART_MspDeInit                       0x08000e9d   Thumb Code    48  lto-llvm-8f3d2d.o(.text.HAL_UART_MspDeInit)
    [Anonymous Symbol]                       0x08000e9c   Section        0  lto-llvm-8f3d2d.o(.text.HAL_UART_MspDeInit)
    __arm_cp.11_2                            0x08000ecc   Number         4  lto-llvm-8f3d2d.o(.text.HAL_UART_MspDeInit)
    HAL_UART_Receive_IT                      0x08000ed1   Thumb Code   244  lto-llvm-8f3d2d.o(.text.HAL_UART_Receive_IT)
    [Anonymous Symbol]                       0x08000ed0   Section        0  lto-llvm-8f3d2d.o(.text.HAL_UART_Receive_IT)
    __arm_cp.21_0                            0x08000fc4   Number         4  lto-llvm-8f3d2d.o(.text.HAL_UART_Receive_IT)
    __arm_cp.21_3                            0x08000fc8   Number         4  lto-llvm-8f3d2d.o(.text.HAL_UART_Receive_IT)
    __arm_cp.21_4                            0x08000fcc   Number         4  lto-llvm-8f3d2d.o(.text.HAL_UART_Receive_IT)
    HAL_UART_RxCpltCallback                  0x08000fd1   Thumb Code   480  lto-llvm-8f3d2d.o(.text.HAL_UART_RxCpltCallback)
    [Anonymous Symbol]                       0x08000fd0   Section        0  lto-llvm-8f3d2d.o(.text.HAL_UART_RxCpltCallback)
    __arm_cp.1_0                             0x080011b0   Number         4  lto-llvm-8f3d2d.o(.text.HAL_UART_RxCpltCallback)
    __arm_cp.1_1                             0x080011b4   Number         4  lto-llvm-8f3d2d.o(.text.HAL_UART_RxCpltCallback)
    __arm_cp.1_2                             0x080011b8   Number         4  lto-llvm-8f3d2d.o(.text.HAL_UART_RxCpltCallback)
    __arm_cp.1_3                             0x080011bc   Number         4  lto-llvm-8f3d2d.o(.text.HAL_UART_RxCpltCallback)
    __arm_cp.1_4                             0x080011c0   Number         4  lto-llvm-8f3d2d.o(.text.HAL_UART_RxCpltCallback)
    __arm_cp.1_5                             0x080011c4   Number         4  lto-llvm-8f3d2d.o(.text.HAL_UART_RxCpltCallback)
    __arm_cp.1_6                             0x080011c8   Number         4  lto-llvm-8f3d2d.o(.text.HAL_UART_RxCpltCallback)
    __arm_cp.1_7                             0x080011cc   Number         4  lto-llvm-8f3d2d.o(.text.HAL_UART_RxCpltCallback)
    __arm_cp.1_8                             0x080011d0   Number         4  lto-llvm-8f3d2d.o(.text.HAL_UART_RxCpltCallback)
    __arm_cp.1_9                             0x080011d4   Number         4  lto-llvm-8f3d2d.o(.text.HAL_UART_RxCpltCallback)
    __arm_cp.1_10                            0x080011d8   Number         4  lto-llvm-8f3d2d.o(.text.HAL_UART_RxCpltCallback)
    __arm_cp.1_11                            0x080011dc   Number         4  lto-llvm-8f3d2d.o(.text.HAL_UART_RxCpltCallback)
    __arm_cp.1_12                            0x080011e0   Number         4  lto-llvm-8f3d2d.o(.text.HAL_UART_RxCpltCallback)
    __arm_cp.1_15                            0x080011e4   Number         4  lto-llvm-8f3d2d.o(.text.HAL_UART_RxCpltCallback)
    __arm_cp.1_16                            0x080011e8   Number         4  lto-llvm-8f3d2d.o(.text.HAL_UART_RxCpltCallback)
    __arm_cp.1_17                            0x080011ec   Number         4  lto-llvm-8f3d2d.o(.text.HAL_UART_RxCpltCallback)
    __arm_cp.1_18                            0x080011f0   Number         4  lto-llvm-8f3d2d.o(.text.HAL_UART_RxCpltCallback)
    HAL_UART_Transmit                        0x080011f5   Thumb Code   196  lto-llvm-8f3d2d.o(.text.HAL_UART_Transmit)
    [Anonymous Symbol]                       0x080011f4   Section        0  lto-llvm-8f3d2d.o(.text.HAL_UART_Transmit)
    __arm_cp.20_0                            0x080012b8   Number         4  lto-llvm-8f3d2d.o(.text.HAL_UART_Transmit)
    __arm_cp.20_2                            0x080012bc   Number         4  lto-llvm-8f3d2d.o(.text.HAL_UART_Transmit)
    [Anonymous Symbol]                       0x080012c0   Section        0  lto-llvm-8f3d2d.o(.text.HardFault_Handler)
    [Anonymous Symbol]                       0x080012c2   Section        0  lto-llvm-8f3d2d.o(.text.NMI_Handler)
    [Anonymous Symbol]                       0x080012c4   Section        0  lto-llvm-8f3d2d.o(.text.PendSV_Handler)
    [Anonymous Symbol]                       0x080012c6   Section        0  lto-llvm-8f3d2d.o(.text.SVC_Handler)
    [Anonymous Symbol]                       0x080012c8   Section        0  lto-llvm-8f3d2d.o(.text.SysTick_Handler)
    __arm_cp.7_0                             0x080012d4   Number         4  lto-llvm-8f3d2d.o(.text.SysTick_Handler)
    [Anonymous Symbol]                       0x080012d8   Section        0  lto-llvm-8f3d2d.o(.text.SystemInit)
    [Anonymous Symbol]                       0x080012dc   Section        0  lto-llvm-8f3d2d.o(.text.TIM14_IRQHandler)
    __arm_cp.9_0                             0x0800142c   Number         4  lto-llvm-8f3d2d.o(.text.TIM14_IRQHandler)
    __arm_cp.9_1                             0x08001430   Number         4  lto-llvm-8f3d2d.o(.text.TIM14_IRQHandler)
    __arm_cp.9_2                             0x08001434   Number         4  lto-llvm-8f3d2d.o(.text.TIM14_IRQHandler)
    __arm_cp.9_3                             0x08001438   Number         4  lto-llvm-8f3d2d.o(.text.TIM14_IRQHandler)
    __arm_cp.9_4                             0x0800143c   Number         4  lto-llvm-8f3d2d.o(.text.TIM14_IRQHandler)
    __arm_cp.9_5                             0x08001440   Number         4  lto-llvm-8f3d2d.o(.text.TIM14_IRQHandler)
    UART_DMAAbortOnError                     0x08001445   Thumb Code    22  lto-llvm-8f3d2d.o(.text.UART_DMAAbortOnError)
    [Anonymous Symbol]                       0x08001444   Section        0  lto-llvm-8f3d2d.o(.text.UART_DMAAbortOnError)
    UART_RxISR_16BIT                         0x0800145b   Thumb Code   194  lto-llvm-8f3d2d.o(.text.UART_RxISR_16BIT)
    [Anonymous Symbol]                       0x0800145a   Section        0  lto-llvm-8f3d2d.o(.text.UART_RxISR_16BIT)
    UART_RxISR_8BIT                          0x0800151d   Thumb Code   196  lto-llvm-8f3d2d.o(.text.UART_RxISR_8BIT)
    [Anonymous Symbol]                       0x0800151c   Section        0  lto-llvm-8f3d2d.o(.text.UART_RxISR_8BIT)
    UART_WaitOnFlagUntilTimeout              0x080015e1   Thumb Code   260  lto-llvm-8f3d2d.o(.text.UART_WaitOnFlagUntilTimeout)
    [Anonymous Symbol]                       0x080015e0   Section        0  lto-llvm-8f3d2d.o(.text.UART_WaitOnFlagUntilTimeout)
    __arm_cp.19_0                            0x080016e4   Number         4  lto-llvm-8f3d2d.o(.text.UART_WaitOnFlagUntilTimeout)
    [Anonymous Symbol]                       0x080016e8   Section        0  lto-llvm-8f3d2d.o(.text.USART1_IRQHandler)
    __arm_cp.10_6                            0x08001a08   Number         4  lto-llvm-8f3d2d.o(.text.USART1_IRQHandler)
    __arm_cp.10_0                            0x08001adc   Number         4  lto-llvm-8f3d2d.o(.text.USART1_IRQHandler)
    __arm_cp.10_2                            0x08001ae0   Number         4  lto-llvm-8f3d2d.o(.text.USART1_IRQHandler)
    __arm_cp.10_3                            0x08001ae4   Number         4  lto-llvm-8f3d2d.o(.text.USART1_IRQHandler)
    [Anonymous Symbol]                       0x08001ae8   Section        0  lto-llvm-8f3d2d.o(.text.main)
    __arm_cp.0_58                            0x08001ee4   Number         4  lto-llvm-8f3d2d.o(.text.main)
    __arm_cp.0_123                           0x08002098   Number         4  lto-llvm-8f3d2d.o(.text.main)
    AHBPrescTable                            0x08002148   Number         0  lto-llvm-8f3d2d.o(.text.main)
    __arm_cp.0_78                            0x08002160   Number         4  lto-llvm-8f3d2d.o(.text.main)
    __arm_cp.0_79                            0x08002164   Number         4  lto-llvm-8f3d2d.o(.text.main)
    __arm_cp.0_84                            0x08002178   Number         4  lto-llvm-8f3d2d.o(.text.main)
    __arm_cp.0_85                            0x0800217c   Number         4  lto-llvm-8f3d2d.o(.text.main)
    __arm_cp.0_89                            0x08002538   Number         4  lto-llvm-8f3d2d.o(.text.main)
    __arm_cp.0_91                            0x08002540   Number         4  lto-llvm-8f3d2d.o(.text.main)
    __arm_cp.0_93                            0x08002548   Number         4  lto-llvm-8f3d2d.o(.text.main)
    __arm_cp.0_95                            0x08002550   Number         4  lto-llvm-8f3d2d.o(.text.main)
    __arm_cp.0_96                            0x08002554   Number         4  lto-llvm-8f3d2d.o(.text.main)
    __arm_cp.0_97                            0x08002558   Number         4  lto-llvm-8f3d2d.o(.text.main)
    __arm_cp.0_98                            0x0800255c   Number         4  lto-llvm-8f3d2d.o(.text.main)
    __arm_cp.0_100                           0x08002564   Number         4  lto-llvm-8f3d2d.o(.text.main)
    __arm_cp.0_104                           0x08002574   Number         4  lto-llvm-8f3d2d.o(.text.main)
    __arm_cp.0_106                           0x08002878   Number         4  lto-llvm-8f3d2d.o(.text.main)
    __arm_cp.0_108                           0x08002880   Number         4  lto-llvm-8f3d2d.o(.text.main)
    __arm_cp.0_110                           0x08002888   Number         4  lto-llvm-8f3d2d.o(.text.main)
    __arm_cp.0_111                           0x0800288c   Number         4  lto-llvm-8f3d2d.o(.text.main)
    __arm_cp.0_118                           0x080028a8   Number         4  lto-llvm-8f3d2d.o(.text.main)
    __arm_cp.0_119                           0x080028ac   Number         4  lto-llvm-8f3d2d.o(.text.main)
    __arm_cp.0_128                           0x080028b4   Number         4  lto-llvm-8f3d2d.o(.text.main)
    __arm_cp.0_5                             0x08002b18   Number         4  lto-llvm-8f3d2d.o(.text.main)
    __arm_cp.0_6                             0x08002b1c   Number         4  lto-llvm-8f3d2d.o(.text.main)
    __arm_cp.0_7                             0x08002b20   Number         4  lto-llvm-8f3d2d.o(.text.main)
    __arm_cp.0_14                            0x08002b24   Number         4  lto-llvm-8f3d2d.o(.text.main)
    __arm_cp.0_23                            0x08002b28   Number         4  lto-llvm-8f3d2d.o(.text.main)
    __arm_cp.0_24                            0x08002b2c   Number         4  lto-llvm-8f3d2d.o(.text.main)
    __arm_cp.0_27                            0x08002b30   Number         4  lto-llvm-8f3d2d.o(.text.main)
    __arm_cp.0_28                            0x08002b34   Number         4  lto-llvm-8f3d2d.o(.text.main)
    __arm_cp.0_29                            0x08002b38   Number         4  lto-llvm-8f3d2d.o(.text.main)
    __arm_cp.0_30                            0x08002b3c   Number         4  lto-llvm-8f3d2d.o(.text.main)
    __arm_cp.0_33                            0x08002b40   Number         4  lto-llvm-8f3d2d.o(.text.main)
    __arm_cp.0_34                            0x08002b44   Number         4  lto-llvm-8f3d2d.o(.text.main)
    __arm_cp.0_35                            0x08002b48   Number         4  lto-llvm-8f3d2d.o(.text.main)
    __arm_cp.0_36                            0x08002b4c   Number         4  lto-llvm-8f3d2d.o(.text.main)
    __arm_cp.0_37                            0x08002b50   Number         4  lto-llvm-8f3d2d.o(.text.main)
    __arm_cp.0_38                            0x08002b54   Number         4  lto-llvm-8f3d2d.o(.text.main)
    __arm_cp.0_39                            0x08002b58   Number         4  lto-llvm-8f3d2d.o(.text.main)
    __arm_cp.0_40                            0x08002b5c   Number         4  lto-llvm-8f3d2d.o(.text.main)
    __arm_cp.0_41                            0x08002b60   Number         4  lto-llvm-8f3d2d.o(.text.main)
    __arm_cp.0_42                            0x08002b64   Number         4  lto-llvm-8f3d2d.o(.text.main)
    __arm_cp.0_43                            0x08002b68   Number         4  lto-llvm-8f3d2d.o(.text.main)
    __arm_cp.0_44                            0x08002b6c   Number         4  lto-llvm-8f3d2d.o(.text.main)
    __arm_cp.0_45                            0x08002b70   Number         4  lto-llvm-8f3d2d.o(.text.main)
    __arm_cp.0_46                            0x08002b74   Number         4  lto-llvm-8f3d2d.o(.text.main)
    __arm_cp.0_47                            0x08002b78   Number         4  lto-llvm-8f3d2d.o(.text.main)
    __arm_cp.0_48                            0x08002b7c   Number         4  lto-llvm-8f3d2d.o(.text.main)
    __arm_cp.0_49                            0x08002b80   Number         4  lto-llvm-8f3d2d.o(.text.main)
    __arm_cp.0_50                            0x08002b84   Number         4  lto-llvm-8f3d2d.o(.text.main)
    __arm_cp.0_51                            0x08002b88   Number         4  lto-llvm-8f3d2d.o(.text.main)
    __arm_cp.0_52                            0x08002b8c   Number         4  lto-llvm-8f3d2d.o(.text.main)
    __arm_cp.0_53                            0x08002b90   Number         4  lto-llvm-8f3d2d.o(.text.main)
    __arm_cp.0_54                            0x08002b94   Number         4  lto-llvm-8f3d2d.o(.text.main)
    i.__ARM_clz                              0x08002b98   Section        0  depilogue.o(i.__ARM_clz)
    i.__kernel_poly                          0x08002bc6   Section        0  poly.o(i.__kernel_poly)
    i.__mathlib_dbl_divzero                  0x08002c74   Section        0  dunder.o(i.__mathlib_dbl_divzero)
    i.__mathlib_dbl_infnan                   0x08002c88   Section        0  dunder.o(i.__mathlib_dbl_infnan)
    i.__mathlib_dbl_invalid                  0x08002c92   Section        0  dunder.o(i.__mathlib_dbl_invalid)
    i.__scatterload_copy                     0x08002ca2   Section       14  handlers.o(i.__scatterload_copy)
    i.__scatterload_null                     0x08002cb0   Section        2  handlers.o(i.__scatterload_null)
    i.__scatterload_zeroinit                 0x08002cb2   Section       14  handlers.o(i.__scatterload_zeroinit)
    i.__set_errno                            0x08002cc0   Section        0  errno.o(i.__set_errno)
    i.log                                    0x08002ccc   Section        0  log.o(i.log)
    Lg2                                      0x08003020   Data          24  log.o(.constdata)
    .constdata                               0x08003020   Section       56  log.o(.constdata)
    Lg                                       0x08003038   Data          32  log.o(.constdata)
    .constdata                               0x08003058   Section        8  qnan.o(.constdata)
    HAL_RCC_GetSysClockFreq.aPLLMULFactorTable 0x08003060   Data          16  lto-llvm-8f3d2d.o(.rodata.cst16)
    [Anonymous Symbol]                       0x08003060   Section        0  lto-llvm-8f3d2d.o(.rodata.cst16)
    HAL_RCC_GetSysClockFreq.aPredivFactorTable 0x08003070   Data          16  lto-llvm-8f3d2d.o(.rodata.cst16)
    APBPrescTable                            0x08003080   Data           8  lto-llvm-8f3d2d.o(.rodata.cst8)
    [Anonymous Symbol]                       0x08003080   Section        0  lto-llvm-8f3d2d.o(.rodata.cst8)
    _errno                                   0x20000000   Data           4  errno.o(.data)
    .data                                    0x20000000   Section        4  errno.o(.data)
    SystemCoreClock                          0x20000004   Data           4  lto-llvm-8f3d2d.o(.data.SystemCoreClock)
    [Anonymous Symbol]                       0x20000004   Section        0  lto-llvm-8f3d2d.o(.data.SystemCoreClock)
    dimmer_temp_limit                        0x20000008   Data           1  lto-llvm-8f3d2d.o(.data.dimmer_temp_limit)
    [Anonymous Symbol]                       0x20000008   Section        0  lto-llvm-8f3d2d.o(.data.dimmer_temp_limit)
    dimmer_address                           0x20000010   Data           1  lto-llvm-8f3d2d.o(.bss.dimmer_address)
    [Anonymous Symbol]                       0x20000010   Section        0  lto-llvm-8f3d2d.o(.bss.dimmer_address)
    dimmer_new_value                         0x20000012   Data           2  lto-llvm-8f3d2d.o(.bss.dimmer_new_value)
    [Anonymous Symbol]                       0x20000012   Section        0  lto-llvm-8f3d2d.o(.bss.dimmer_new_value)
    dimmer_ramp                              0x20000014   Data           1  lto-llvm-8f3d2d.o(.bss.dimmer_ramp)
    [Anonymous Symbol]                       0x20000014   Section        0  lto-llvm-8f3d2d.o(.bss.dimmer_ramp)
    dimmer_state                             0x20000015   Data           1  lto-llvm-8f3d2d.o(.bss.dimmer_state)
    [Anonymous Symbol]                       0x20000015   Section        0  lto-llvm-8f3d2d.o(.bss.dimmer_state)
    dimmer_value                             0x20000016   Data           2  lto-llvm-8f3d2d.o(.bss.dimmer_value)
    [Anonymous Symbol]                       0x20000016   Section        0  lto-llvm-8f3d2d.o(.bss.dimmer_value)
    hadc                                     0x20000018   Data          64  lto-llvm-8f3d2d.o(.bss.hadc)
    [Anonymous Symbol]                       0x20000018   Section        0  lto-llvm-8f3d2d.o(.bss.hadc)
    htim14                                   0x20000058   Data          72  lto-llvm-8f3d2d.o(.bss.htim14)
    [Anonymous Symbol]                       0x20000058   Section        0  lto-llvm-8f3d2d.o(.bss.htim14)
    huart1                                   0x200000a0   Data         136  lto-llvm-8f3d2d.o(.bss.huart1)
    [Anonymous Symbol]                       0x200000a0   Section        0  lto-llvm-8f3d2d.o(.bss.huart1)
    last_ntc_tick                            0x20000128   Data           4  lto-llvm-8f3d2d.o(.bss.last_ntc_tick)
    [Anonymous Symbol]                       0x20000128   Section        0  lto-llvm-8f3d2d.o(.bss.last_ntc_tick)
    last_ramp_tick                           0x2000012c   Data           4  lto-llvm-8f3d2d.o(.bss.last_ramp_tick)
    [Anonymous Symbol]                       0x2000012c   Section        0  lto-llvm-8f3d2d.o(.bss.last_ramp_tick)
    mosfet_on                                0x20000130   Data           1  lto-llvm-8f3d2d.o(.bss.mosfet_on)
    [Anonymous Symbol]                       0x20000130   Section        0  lto-llvm-8f3d2d.o(.bss.mosfet_on)
    ntc_temperature                          0x20000134   Data           4  lto-llvm-8f3d2d.o(.bss.ntc_temperature)
    [Anonymous Symbol]                       0x20000134   Section        0  lto-llvm-8f3d2d.o(.bss.ntc_temperature)
    rx_byte                                  0x20000138   Data           1  lto-llvm-8f3d2d.o(.bss.rx_byte)
    [Anonymous Symbol]                       0x20000138   Section        0  lto-llvm-8f3d2d.o(.bss.rx_byte)
    rxcnt                                    0x20000139   Data           1  lto-llvm-8f3d2d.o(.bss.rxcnt)
    [Anonymous Symbol]                       0x20000139   Section        0  lto-llvm-8f3d2d.o(.bss.rxcnt)
    uart_rx_buffer                           0x20000140   Data           8  lto-llvm-8f3d2d.o(.bss.uart_rx_buffer)
    [Anonymous Symbol]                       0x20000140   Section        0  lto-llvm-8f3d2d.o(.bss.uart_rx_buffer)
    uwTick                                   0x20000148   Data           4  lto-llvm-8f3d2d.o(.bss.uwTick)
    [Anonymous Symbol]                       0x20000148   Section        0  lto-llvm-8f3d2d.o(.bss.uwTick)
    STACK                                    0x20000150   Section     1024  startup_stm32f030x6.o(STACK)

    Global Symbols

    Symbol Name                              Value     Ov Type        Size  Object(Section)

    BuildAttributes$$THM_ISAv3M$S$PE$A:L22$X:L11$S22$IEEE1$IW$~IW$USESV6$~STKCKD$USESV7$~SHL$OTIME$ROPI$IEEEX$EBA8$MICROLIB$REQ8$PRES8$EABIv2 0x00000000   Number         0  anon$$obj.o ABSOLUTE
    __cpp_initialize__aeabi_                  - Undefined Weak Reference
    __cxa_finalize                            - Undefined Weak Reference
    __decompress                              - Undefined Weak Reference
    _clock_init                               - Undefined Weak Reference
    _microlib_exit                            - Undefined Weak Reference
    __Vectors_Size                           0x000000b0   Number         0  startup_stm32f030x6.o ABSOLUTE
    __Vectors                                0x08000000   Data           4  startup_stm32f030x6.o(RESET)
    __Vectors_End                            0x080000b0   Data           0  startup_stm32f030x6.o(RESET)
    __main                                   0x080000b1   Thumb Code     0  entry.o(.ARM.Collect$$$$00000000)
    _main_stk                                0x080000b1   Thumb Code     0  entry2.o(.ARM.Collect$$$$00000001)
    _main_scatterload                        0x080000b5   Thumb Code     0  entry5.o(.ARM.Collect$$$$00000004)
    __main_after_scatterload                 0x080000b9   Thumb Code     0  entry5.o(.ARM.Collect$$$$00000004)
    _main_clock                              0x080000b9   Thumb Code     0  entry7b.o(.ARM.Collect$$$$00000008)
    _main_cpp_init                           0x080000b9   Thumb Code     0  entry8b.o(.ARM.Collect$$$$0000000A)
    _main_init                               0x080000b9   Thumb Code     0  entry9a.o(.ARM.Collect$$$$0000000B)
    __rt_final_cpp                           0x080000c1   Thumb Code     0  entry10a.o(.ARM.Collect$$$$0000000D)
    __rt_final_exit                          0x080000c1   Thumb Code     0  entry11a.o(.ARM.Collect$$$$0000000F)
    Reset_Handler                            0x080000c5   Thumb Code     8  startup_stm32f030x6.o(.text)
    ADC1_IRQHandler                          0x080000d7   Thumb Code     0  startup_stm32f030x6.o(.text)
    DMA1_Channel1_IRQHandler                 0x080000d7   Thumb Code     0  startup_stm32f030x6.o(.text)
    DMA1_Channel2_3_IRQHandler               0x080000d7   Thumb Code     0  startup_stm32f030x6.o(.text)
    DMA1_Channel4_5_IRQHandler               0x080000d7   Thumb Code     0  startup_stm32f030x6.o(.text)
    EXTI0_1_IRQHandler                       0x080000d7   Thumb Code     0  startup_stm32f030x6.o(.text)
    EXTI2_3_IRQHandler                       0x080000d7   Thumb Code     0  startup_stm32f030x6.o(.text)
    FLASH_IRQHandler                         0x080000d7   Thumb Code     0  startup_stm32f030x6.o(.text)
    I2C1_IRQHandler                          0x080000d7   Thumb Code     0  startup_stm32f030x6.o(.text)
    RCC_IRQHandler                           0x080000d7   Thumb Code     0  startup_stm32f030x6.o(.text)
    RTC_IRQHandler                           0x080000d7   Thumb Code     0  startup_stm32f030x6.o(.text)
    SPI1_IRQHandler                          0x080000d7   Thumb Code     0  startup_stm32f030x6.o(.text)
    TIM16_IRQHandler                         0x080000d7   Thumb Code     0  startup_stm32f030x6.o(.text)
    TIM17_IRQHandler                         0x080000d7   Thumb Code     0  startup_stm32f030x6.o(.text)
    TIM1_BRK_UP_TRG_COM_IRQHandler           0x080000d7   Thumb Code     0  startup_stm32f030x6.o(.text)
    TIM1_CC_IRQHandler                       0x080000d7   Thumb Code     0  startup_stm32f030x6.o(.text)
    TIM3_IRQHandler                          0x080000d7   Thumb Code     0  startup_stm32f030x6.o(.text)
    WWDG_IRQHandler                          0x080000d7   Thumb Code     0  startup_stm32f030x6.o(.text)
    __scatterload                            0x080000e1   Thumb Code    28  init.o(.text)
    __scatterload_rt2                        0x080000e1   Thumb Code     0  init.o(.text)
    __aeabi_dadd                             0x08000105   Thumb Code   328  dadd.o(.text)
    __aeabi_dsub                             0x0800024d   Thumb Code    12  dadd.o(.text)
    __aeabi_drsub                            0x08000259   Thumb Code    12  dadd.o(.text)
    __aeabi_dmul                             0x08000269   Thumb Code   202  dmul.o(.text)
    __aeabi_ddiv                             0x08000339   Thumb Code   234  ddiv.o(.text)
    __aeabi_ui2d                             0x08000429   Thumb Code    24  dfltui.o(.text)
    __aeabi_f2iz                             0x08000445   Thumb Code    50  ffixi.o(.text)
    __aeabi_f2d                              0x08000477   Thumb Code    40  f2d.o(.text)
    __aeabi_d2f                              0x0800049f   Thumb Code    56  d2f.o(.text)
    __aeabi_uidiv                            0x080004d7   Thumb Code     0  uidiv_div0.o(.text)
    __aeabi_uidivmod                         0x080004d7   Thumb Code    62  uidiv_div0.o(.text)
    __aeabi_llsl                             0x08000515   Thumb Code    32  llshl.o(.text)
    _ll_shift_l                              0x08000515   Thumb Code     0  llshl.o(.text)
    __aeabi_lasr                             0x08000535   Thumb Code    38  llsshr.o(.text)
    _ll_sshift_r                             0x08000535   Thumb Code     0  llsshr.o(.text)
    __I$use$fp                               0x0800055b   Thumb Code     0  iusefp.o(.text)
    _float_round                             0x0800055b   Thumb Code    16  fepilogue.o(.text)
    _float_epilogue                          0x0800056b   Thumb Code   114  fepilogue.o(.text)
    _double_round                            0x080005dd   Thumb Code    26  depilogue.o(.text)
    _double_epilogue                         0x080005f7   Thumb Code   164  depilogue.o(.text)
    __ARM_scalbn                             0x0800069b   Thumb Code    44  dscalb.o(.text)
    scalbn                                   0x0800069b   Thumb Code     0  dscalb.o(.text)
    __aeabi_i2d                              0x080006c9   Thumb Code    34  dflti.o(.text)
    __aeabi_cdcmpeq                          0x080006f1   Thumb Code     0  cdcmple.o(.text)
    __aeabi_cdcmple                          0x080006f1   Thumb Code    38  cdcmple.o(.text)
    __aeabi_llsr                             0x08000719   Thumb Code    34  llushr.o(.text)
    _ll_ushift_r                             0x08000719   Thumb Code     0  llushr.o(.text)
    EXTI4_15_IRQHandler                      0x0800073d   Thumb Code   104  lto-llvm-8f3d2d.o(.text.EXTI4_15_IRQHandler)
    HardFault_Handler                        0x080012c1   Thumb Code     2  lto-llvm-8f3d2d.o(.text.HardFault_Handler)
    NMI_Handler                              0x080012c3   Thumb Code     2  lto-llvm-8f3d2d.o(.text.NMI_Handler)
    PendSV_Handler                           0x080012c5   Thumb Code     2  lto-llvm-8f3d2d.o(.text.PendSV_Handler)
    SVC_Handler                              0x080012c7   Thumb Code     2  lto-llvm-8f3d2d.o(.text.SVC_Handler)
    SysTick_Handler                          0x080012c9   Thumb Code    12  lto-llvm-8f3d2d.o(.text.SysTick_Handler)
    SystemInit                               0x080012d9   Thumb Code     2  lto-llvm-8f3d2d.o(.text.SystemInit)
    TIM14_IRQHandler                         0x080012dd   Thumb Code   336  lto-llvm-8f3d2d.o(.text.TIM14_IRQHandler)
    USART1_IRQHandler                        0x080016e9   Thumb Code  1012  lto-llvm-8f3d2d.o(.text.USART1_IRQHandler)
    main                                     0x08001ae9   Thumb Code  4144  lto-llvm-8f3d2d.o(.text.main)
    __ARM_clz                                0x08002b99   Thumb Code    46  depilogue.o(i.__ARM_clz)
    __kernel_poly                            0x08002bc7   Thumb Code   172  poly.o(i.__kernel_poly)
    __mathlib_dbl_divzero                    0x08002c75   Thumb Code    16  dunder.o(i.__mathlib_dbl_divzero)
    __mathlib_dbl_infnan                     0x08002c89   Thumb Code    10  dunder.o(i.__mathlib_dbl_infnan)
    __mathlib_dbl_invalid                    0x08002c93   Thumb Code    16  dunder.o(i.__mathlib_dbl_invalid)
    __scatterload_copy                       0x08002ca3   Thumb Code    14  handlers.o(i.__scatterload_copy)
    __scatterload_null                       0x08002cb1   Thumb Code     2  handlers.o(i.__scatterload_null)
    __scatterload_zeroinit                   0x08002cb3   Thumb Code    14  handlers.o(i.__scatterload_zeroinit)
    __set_errno                              0x08002cc1   Thumb Code     6  errno.o(i.__set_errno)
    log                                      0x08002ccd   Thumb Code   790  log.o(i.log)
    __mathlib_zero                           0x08003058   Data           8  qnan.o(.constdata)
    Region$$Table$$Base                      0x08003088   Number         0  anon$$obj.o(Region$$Table)
    Region$$Table$$Limit                     0x080030a8   Number         0  anon$$obj.o(Region$$Table)
    __initial_sp                             0x20000550   Data           0  startup_stm32f030x6.o(STACK)



==============================================================================

Memory Map of the image

  Image Entry point : 0x080000b1

  Load Region LR_IROM1 (Base: 0x08000000, Size: 0x000030b8, Max: 0x00004000, ABSOLUTE)

    Execution Region ER_IROM1 (Exec base: 0x08000000, Load base: 0x08000000, Size: 0x000030a8, Max: 0x00004000, ABSOLUTE)

    Exec Addr    Load Addr    Size         Type   Attr      Idx    E Section Name        Object

    0x08000000   0x08000000   0x000000b0   Data   RO            3    RESET               startup_stm32f030x6.o
    0x080000b0   0x080000b0   0x00000000   Code   RO           34  * .ARM.Collect$$$$00000000  mc_p.l(entry.o)
    0x080000b0   0x080000b0   0x00000004   Code   RO           37    .ARM.Collect$$$$00000001  mc_p.l(entry2.o)
    0x080000b4   0x080000b4   0x00000004   Code   RO           40    .ARM.Collect$$$$00000004  mc_p.l(entry5.o)
    0x080000b8   0x080000b8   0x00000000   Code   RO           42    .ARM.Collect$$$$00000008  mc_p.l(entry7b.o)
    0x080000b8   0x080000b8   0x00000000   Code   RO           44    .ARM.Collect$$$$0000000A  mc_p.l(entry8b.o)
    0x080000b8   0x080000b8   0x00000008   Code   RO           45    .ARM.Collect$$$$0000000B  mc_p.l(entry9a.o)
    0x080000c0   0x080000c0   0x00000000   Code   RO           47    .ARM.Collect$$$$0000000D  mc_p.l(entry10a.o)
    0x080000c0   0x080000c0   0x00000000   Code   RO           49    .ARM.Collect$$$$0000000F  mc_p.l(entry11a.o)
    0x080000c0   0x080000c0   0x00000004   Code   RO           38    .ARM.Collect$$$$00002712  mc_p.l(entry2.o)
    0x080000c4   0x080000c4   0x0000001c   Code   RO            4    .text               startup_stm32f030x6.o
    0x080000e0   0x080000e0   0x00000024   Code   RO           51    .text               mc_p.l(init.o)
    0x08000104   0x08000104   0x00000164   Code   RO          143    .text               mf_p.l(dadd.o)
    0x08000268   0x08000268   0x000000d0   Code   RO          145    .text               mf_p.l(dmul.o)
    0x08000338   0x08000338   0x000000f0   Code   RO          147    .text               mf_p.l(ddiv.o)
    0x08000428   0x08000428   0x0000001c   Code   RO          149    .text               mf_p.l(dfltui.o)
    0x08000444   0x08000444   0x00000032   Code   RO          151    .text               mf_p.l(ffixi.o)
    0x08000476   0x08000476   0x00000028   Code   RO          153    .text               mf_p.l(f2d.o)
    0x0800049e   0x0800049e   0x00000038   Code   RO          155    .text               mf_p.l(d2f.o)
    0x080004d6   0x080004d6   0x0000003e   Code   RO          176    .text               mc_p.l(uidiv_div0.o)
    0x08000514   0x08000514   0x00000020   Code   RO          182    .text               mc_p.l(llshl.o)
    0x08000534   0x08000534   0x00000026   Code   RO          184    .text               mc_p.l(llsshr.o)
    0x0800055a   0x0800055a   0x00000000   Code   RO          193    .text               mc_p.l(iusefp.o)
    0x0800055a   0x0800055a   0x00000082   Code   RO          194    .text               mf_p.l(fepilogue.o)
    0x080005dc   0x080005dc   0x000000be   Code   RO          196    .text               mf_p.l(depilogue.o)
    0x0800069a   0x0800069a   0x0000002c   Code   RO          200    .text               mf_p.l(dscalb.o)
    0x080006c6   0x080006c6   0x00000002   PAD
    0x080006c8   0x080006c8   0x00000028   Code   RO          202    .text               mf_p.l(dflti.o)
    0x080006f0   0x080006f0   0x00000028   Code   RO          204    .text               mf_p.l(cdcmple.o)
    0x08000718   0x08000718   0x00000022   Code   RO          206    .text               mc_p.l(llushr.o)
    0x0800073a   0x0800073a   0x00000002   PAD
    0x0800073c   0x0800073c   0x00000084   Code   RO           70    .text.EXTI4_15_IRQHandler  lto-llvm-8f3d2d.o
    0x080007c0   0x080007c0   0x0000012c   Code   RO           84    .text.HAL_ADC_ConfigChannel  lto-llvm-8f3d2d.o
    0x080008ec   0x080008ec   0x000000a0   Code   RO           82    .text.HAL_ADC_PollForConversion  lto-llvm-8f3d2d.o
    0x0800098c   0x0800098c   0x000000e4   Code   RO           78    .text.HAL_ADC_Start  lto-llvm-8f3d2d.o
    0x08000a70   0x08000a70   0x000000b8   Code   RO           80    .text.HAL_ADC_Stop  lto-llvm-8f3d2d.o
    0x08000b28   0x08000b28   0x000000b0   Code   RO           88    .text.HAL_GPIO_DeInit  lto-llvm-8f3d2d.o
    0x08000bd8   0x08000bd8   0x000001ac   Code   RO           86    .text.HAL_GPIO_Init  lto-llvm-8f3d2d.o
    0x08000d84   0x08000d84   0x00000020   Code   RO           90    .text.HAL_NVIC_SystemReset  lto-llvm-8f3d2d.o
    0x08000da4   0x08000da4   0x000000f8   Code   RO           58    .text.HAL_UART_ErrorCallback  lto-llvm-8f3d2d.o
    0x08000e9c   0x08000e9c   0x00000034   Code   RO           76    .text.HAL_UART_MspDeInit  lto-llvm-8f3d2d.o
    0x08000ed0   0x08000ed0   0x00000100   Code   RO           96    .text.HAL_UART_Receive_IT  lto-llvm-8f3d2d.o
    0x08000fd0   0x08000fd0   0x00000224   Code   RO           56    .text.HAL_UART_RxCpltCallback  lto-llvm-8f3d2d.o
    0x080011f4   0x080011f4   0x000000cc   Code   RO           94    .text.HAL_UART_Transmit  lto-llvm-8f3d2d.o
    0x080012c0   0x080012c0   0x00000002   Code   RO           62    .text.HardFault_Handler  lto-llvm-8f3d2d.o
    0x080012c2   0x080012c2   0x00000002   Code   RO           60    .text.NMI_Handler   lto-llvm-8f3d2d.o
    0x080012c4   0x080012c4   0x00000002   Code   RO           66    .text.PendSV_Handler  lto-llvm-8f3d2d.o
    0x080012c6   0x080012c6   0x00000002   Code   RO           64    .text.SVC_Handler   lto-llvm-8f3d2d.o
    0x080012c8   0x080012c8   0x00000010   Code   RO           68    .text.SysTick_Handler  lto-llvm-8f3d2d.o
    0x080012d8   0x080012d8   0x00000002   Code   RO          104    .text.SystemInit    lto-llvm-8f3d2d.o
    0x080012da   0x080012da   0x00000002   PAD
    0x080012dc   0x080012dc   0x00000168   Code   RO           72    .text.TIM14_IRQHandler  lto-llvm-8f3d2d.o
    0x08001444   0x08001444   0x00000016   Code   RO          102    .text.UART_DMAAbortOnError  lto-llvm-8f3d2d.o
    0x0800145a   0x0800145a   0x000000c2   Code   RO          100    .text.UART_RxISR_16BIT  lto-llvm-8f3d2d.o
    0x0800151c   0x0800151c   0x000000c4   Code   RO           98    .text.UART_RxISR_8BIT  lto-llvm-8f3d2d.o
    0x080015e0   0x080015e0   0x00000108   Code   RO           92    .text.UART_WaitOnFlagUntilTimeout  lto-llvm-8f3d2d.o
    0x080016e8   0x080016e8   0x00000400   Code   RO           74    .text.USART1_IRQHandler  lto-llvm-8f3d2d.o
    0x08001ae8   0x08001ae8   0x000010b0   Code   RO           54    .text.main          lto-llvm-8f3d2d.o
    0x08002b98   0x08002b98   0x0000002e   Code   RO          198    i.__ARM_clz         mf_p.l(depilogue.o)
    0x08002bc6   0x08002bc6   0x000000ac   Code   RO          171    i.__kernel_poly     m_ps.l(poly.o)
    0x08002c72   0x08002c72   0x00000002   PAD
    0x08002c74   0x08002c74   0x00000014   Code   RO          157    i.__mathlib_dbl_divzero  m_ps.l(dunder.o)
    0x08002c88   0x08002c88   0x0000000a   Code   RO          158    i.__mathlib_dbl_infnan  m_ps.l(dunder.o)
    0x08002c92   0x08002c92   0x00000010   Code   RO          160    i.__mathlib_dbl_invalid  m_ps.l(dunder.o)
    0x08002ca2   0x08002ca2   0x0000000e   Code   RO          210    i.__scatterload_copy  mc_p.l(handlers.o)
    0x08002cb0   0x08002cb0   0x00000002   Code   RO          211    i.__scatterload_null  mc_p.l(handlers.o)
    0x08002cb2   0x08002cb2   0x0000000e   Code   RO          212    i.__scatterload_zeroinit  mc_p.l(handlers.o)
    0x08002cc0   0x08002cc0   0x0000000c   Code   RO          188    i.__set_errno       mc_p.l(errno.o)
    0x08002ccc   0x08002ccc   0x00000354   Code   RO          135    i.log               m_ps.l(log.o)
    0x08003020   0x08003020   0x00000038   Data   RO          136    .constdata          m_ps.l(log.o)
    0x08003058   0x08003058   0x00000008   Data   RO          173    .constdata          m_ps.l(qnan.o)
    0x08003060   0x08003060   0x00000020   Data   RO          123    .rodata.cst16       lto-llvm-8f3d2d.o
    0x08003080   0x08003080   0x00000008   Data   RO          126    .rodata.cst8        lto-llvm-8f3d2d.o
    0x08003088   0x08003088   0x00000020   Data   RO          209    Region$$Table       anon$$obj.o


    Execution Region RW_IRAM1 (Exec base: 0x20000000, Load base: 0x080030a8, Size: 0x00000550, Max: 0x00001000, ABSOLUTE)

    Exec Addr    Load Addr    Size         Type   Attr      Idx    E Section Name        Object

    0x20000000   0x080030a8   0x00000004   Data   RW          189    .data               mc_p.l(errno.o)
    0x20000004   0x080030ac   0x00000004   Data   RW          125    .data.SystemCoreClock  lto-llvm-8f3d2d.o
    0x20000008   0x080030b0   0x00000001   Data   RW          108    .data.dimmer_temp_limit  lto-llvm-8f3d2d.o
    0x20000009   0x080030b1   0x00000007   PAD
    0x20000010        -       0x00000001   Zero   RW          107    .bss.dimmer_address  lto-llvm-8f3d2d.o
    0x20000011   0x080030b1   0x00000001   PAD
    0x20000012        -       0x00000002   Zero   RW          112    .bss.dimmer_new_value  lto-llvm-8f3d2d.o
    0x20000014        -       0x00000001   Zero   RW          109    .bss.dimmer_ramp    lto-llvm-8f3d2d.o
    0x20000015        -       0x00000001   Zero   RW          106    .bss.dimmer_state   lto-llvm-8f3d2d.o
    0x20000016        -       0x00000002   Zero   RW          115    .bss.dimmer_value   lto-llvm-8f3d2d.o
    0x20000018        -       0x00000040   Zero   RW          117    .bss.hadc           lto-llvm-8f3d2d.o
    0x20000058        -       0x00000048   Zero   RW          121    .bss.htim14         lto-llvm-8f3d2d.o
    0x200000a0        -       0x00000088   Zero   RW          122    .bss.huart1         lto-llvm-8f3d2d.o
    0x20000128        -       0x00000004   Zero   RW          114    .bss.last_ntc_tick  lto-llvm-8f3d2d.o
    0x2000012c        -       0x00000004   Zero   RW          113    .bss.last_ramp_tick  lto-llvm-8f3d2d.o
    0x20000130        -       0x00000001   Zero   RW          116    .bss.mosfet_on      lto-llvm-8f3d2d.o
    0x20000131   0x080030b1   0x00000003   PAD
    0x20000134        -       0x00000004   Zero   RW          111    .bss.ntc_temperature  lto-llvm-8f3d2d.o
    0x20000138        -       0x00000001   Zero   RW          118    .bss.rx_byte        lto-llvm-8f3d2d.o
    0x20000139        -       0x00000001   Zero   RW          110    .bss.rxcnt          lto-llvm-8f3d2d.o
    0x2000013a   0x080030b1   0x00000006   PAD
    0x20000140        -       0x00000008   Zero   RW          119    .bss.uart_rx_buffer  lto-llvm-8f3d2d.o
    0x20000148        -       0x00000004   Zero   RW          124    .bss.uwTick         lto-llvm-8f3d2d.o
    0x2000014c   0x080030b1   0x00000004   PAD
    0x20000150        -       0x00000400   Zero   RW            1    STACK               startup_stm32f030x6.o


==============================================================================

Image component sizes


      Code (inc. data)   RO Data    RW Data    ZI Data      Debug   Object Name

      9306        746         40          5        306      64698   lto-llvm-8f3d2d.o
        28          8        176          0       1024        628   startup_stm32f030x6.o

    ----------------------------------------------------------------------
      9336        754        248          8       1348      65326   Object Totals
         0          0         32          0          0          0   (incl. Generated)
         2          0          0          3         18          0   (incl. Padding)

    ----------------------------------------------------------------------

      Code (inc. data)   RO Data    RW Data    ZI Data      Debug   Library Member Name

        46          4          0          0          0        204   dunder.o
       852         62         56          0          0        136   log.o
       172          0          0          0          0         76   poly.o
         0          0          8          0          0          0   qnan.o
         0          0          0          0          0          0   entry.o
         0          0          0          0          0          0   entry10a.o
         0          0          0          0          0          0   entry11a.o
         8          4          0          0          0          0   entry2.o
         4          0          0          0          0          0   entry5.o
         0          0          0          0          0          0   entry7b.o
         0          0          0          0          0          0   entry8b.o
         8          4          0          0          0          0   entry9a.o
        12          6          0          4          0         60   errno.o
        30          0          0          0          0          0   handlers.o
        36          8          0          0          0         68   init.o
         0          0          0          0          0          0   iusefp.o
        32          0          0          0          0         68   llshl.o
        38          0          0          0          0         68   llsshr.o
        34          0          0          0          0         68   llushr.o
        62          0          0          0          0         72   uidiv_div0.o
        40          2          0          0          0         68   cdcmple.o
        56          0          0          0          0         68   d2f.o
       356          4          0          0          0        140   dadd.o
       240          6          0          0          0         84   ddiv.o
       236          0          0          0          0        216   depilogue.o
        40          6          0          0          0         68   dflti.o
        28          4          0          0          0         68   dfltui.o
       208          6          0          0          0         88   dmul.o
        44          0          0          0          0         72   dscalb.o
        40          0          0          0          0         60   f2d.o
       130          0          0          0          0        144   fepilogue.o
        50          0          0          0          0         60   ffixi.o

    ----------------------------------------------------------------------
      2808        116         64          4          0       1956   Library Totals
         6          0          0          0          0          0   (incl. Padding)

    ----------------------------------------------------------------------

      Code (inc. data)   RO Data    RW Data    ZI Data      Debug   Library Name

      1070         66         64          0          0        416   m_ps.l
       264         22          0          4          0        404   mc_p.l
      1468         28          0          0          0       1136   mf_p.l

    ----------------------------------------------------------------------
      2808        116         64          4          0       1956   Library Totals

    ----------------------------------------------------------------------

==============================================================================


      Code (inc. data)   RO Data    RW Data    ZI Data      Debug   

     12144        870        312         12       1348      66458   Grand Totals
     12144        870        312         12       1348      66458   ELF Image Totals
     12144        870        312         12          0          0   ROM Totals

==============================================================================

    Total RO  Size (Code + RO Data)                12456 (  12.16kB)
    Total RW  Size (RW Data + ZI Data)              1360 (   1.33kB)
    Total ROM Size (Code + RO Data + RW Data)      12468 (  12.18kB)

==============================================================================

